<html>
<body>
<pre>
<h1>礦ision Build Log</h1>
<h2>Project:</h2>
C:\Documents and Settings\Administrator\桌面\无操作系统LWip移植\实例工程\USER\LWip.uvproj
Project File Date:  01/03/2015

<h2>Output:</h2>
compiling main.c...
main.c - 0 Error(s), 0 Warning(s).
Build target 'LWip'
compiling stm32f10x_it.c...
compiling system_stm32f10x.c...
compiling core_cm3.c...
assembling startup_stm32f10x_cl.s...
compiling stm32_eth.c...
compiling misc.c...
compiling stm32f10x_adc.c...
compiling stm32f10x_bkp.c...
compiling stm32f10x_can.c...
compiling stm32f10x_cec.c...
compiling stm32f10x_crc.c...
compiling stm32f10x_dac.c...
compiling stm32f10x_dbgmcu.c...
compiling stm32f10x_dma.c...
compiling stm32f10x_exti.c...
compiling stm32f10x_flash.c...
compiling stm32f10x_fsmc.c...
compiling stm32f10x_gpio.c...
compiling stm32f10x_i2c.c...
compiling stm32f10x_iwdg.c...
compiling stm32f10x_pwr.c...
compiling stm32f10x_rcc.c...
compiling stm32f10x_rtc.c...
compiling stm32f10x_sdio.c...
compiling stm32f10x_spi.c...
compiling stm32f10x_tim.c...
compiling stm32f10x_usart.c...
compiling stm32f10x_wwdg.c...
linking...
Program Size: Code=984 RO-data=368 RW-data=20 ZI-data=1636  
FromELF: creating hex file...
"..\OBJ\LWip.axf" - 0 Error(s), 0 Warning(s).
Build target 'LWip'
linking...
Program Size: Code=984 RO-data=368 RW-data=20 ZI-data=1636  
FromELF: creating hex file...
"..\OBJ\LWip.axf" - 0 Error(s), 0 Warning(s).
