Component: ARM Compiler 5.05 update 1 (build 106) Tool: armlink [4d0efa]

==============================================================================

Section Cross References

    main.o(.text) refers to stm32_eth.o(.text) for ETH_StructInit
    main.o(.text) refers to stm32f10x_gpio.o(.text) for GPIO_ETH_MediaInterfaceConfig
    main.o(.text) refers to stm32f10x_rcc.o(.text) for RCC_PLL3Config
    main.o(.text) refers to misc.o(.text) for NVIC_SetVectorTable
    main.o(.text) refers to test.o(.text) for LWIP_Init
    main.o(.text) refers to test.o(.data) for EthInitStatus
    stm32f10x_it.o(.text) refers to test.o(.text) for LwIP_Pkt_Handle
    stm32f10x_it.o(.text) refers to stm32_eth.o(.text) for ETH_GetRxPktSize
    stm32f10x_it.o(.text) refers to main.o(.data) for LWipTime
    system_stm32f10x.o(.text) refers to system_stm32f10x.o(.data) for SystemCoreClock
    test.o(.text) refers to mem.o(.text) for mem_init
    test.o(.text) refers to memp.o(.text) for memp_init
    test.o(.text) refers to init.o(.text) for lwip_init
    test.o(.text) refers to stm32_eth.o(.text) for ETH_MACAddressConfig
    test.o(.text) refers to netif.o(.text) for netif_add
    test.o(.text) refers to ethernetif.o(.text) for ethernetif_input
    test.o(.text) refers to main.o(.text) for ETH_Reinit
    test.o(.text) refers to tcp.o(.text) for tcp_tmr
    test.o(.text) refers to etharp.o(.text) for etharp_tmr
    test.o(.text) refers to test.o(.data) for MACaddr
    test.o(.text) refers to test.o(.bss) for netif
    test.o(.text) refers to main.o(.data) for LWipTime
    startup_stm32f10x_cl.o(STACK) refers (Special) to heapauxi.o(.text) for __use_two_region_memory
    startup_stm32f10x_cl.o(HEAP) refers (Special) to heapauxi.o(.text) for __use_two_region_memory
    startup_stm32f10x_cl.o(RESET) refers (Special) to heapauxi.o(.text) for __use_two_region_memory
    startup_stm32f10x_cl.o(RESET) refers to startup_stm32f10x_cl.o(STACK) for __initial_sp
    startup_stm32f10x_cl.o(RESET) refers to startup_stm32f10x_cl.o(.text) for Reset_Handler
    startup_stm32f10x_cl.o(RESET) refers to stm32f10x_it.o(.text) for NMI_Handler
    startup_stm32f10x_cl.o(.text) refers (Special) to heapauxi.o(.text) for __use_two_region_memory
    startup_stm32f10x_cl.o(.text) refers to system_stm32f10x.o(.text) for SystemInit
    startup_stm32f10x_cl.o(.text) refers to __main.o(!!!main) for __main
    startup_stm32f10x_cl.o(.text) refers to startup_stm32f10x_cl.o(HEAP) for Heap_Mem
    startup_stm32f10x_cl.o(.text) refers to startup_stm32f10x_cl.o(STACK) for Stack_Mem
    stm32_eth.o(.text) refers to stm32f10x_rcc.o(.text) for RCC_AHBPeriphResetCmd
    stm32_eth.o(.text) refers to stm32_eth.o(.data) for DMATxDescToSet
    stm32f10x_adc.o(.text) refers to stm32f10x_rcc.o(.text) for RCC_APB2PeriphResetCmd
    stm32f10x_bkp.o(.text) refers to stm32f10x_rcc.o(.text) for RCC_BackupResetCmd
    stm32f10x_can.o(.text) refers to stm32f10x_rcc.o(.text) for RCC_APB1PeriphResetCmd
    stm32f10x_cec.o(.text) refers to stm32f10x_rcc.o(.text) for RCC_APB1PeriphResetCmd
    stm32f10x_dac.o(.text) refers to stm32f10x_rcc.o(.text) for RCC_APB1PeriphResetCmd
    stm32f10x_gpio.o(.text) refers to stm32f10x_rcc.o(.text) for RCC_APB2PeriphResetCmd
    stm32f10x_i2c.o(.text) refers to stm32f10x_rcc.o(.text) for RCC_APB1PeriphResetCmd
    stm32f10x_pwr.o(.text) refers to stm32f10x_rcc.o(.text) for RCC_APB1PeriphResetCmd
    stm32f10x_rcc.o(.text) refers to stm32f10x_rcc.o(.data) for APBAHBPrescTable
    stm32f10x_spi.o(.text) refers to stm32f10x_rcc.o(.text) for RCC_APB2PeriphResetCmd
    stm32f10x_tim.o(.text) refers to stm32f10x_rcc.o(.text) for RCC_APB2PeriphResetCmd
    stm32f10x_usart.o(.text) refers to stm32f10x_rcc.o(.text) for RCC_APB2PeriphResetCmd
    stm32f10x_wwdg.o(.text) refers to stm32f10x_rcc.o(.text) for RCC_APB1PeriphResetCmd
    ethernetif.o(.text) refers to stm32_eth.o(.text) for ETH_DMATxDescChainInit
    ethernetif.o(.text) refers to rt_memcpy_v6.o(.text) for __aeabi_memcpy
    ethernetif.o(.text) refers to pbuf.o(.text) for pbuf_alloc
    ethernetif.o(.text) refers to test.o(.data) for MACaddr
    ethernetif.o(.text) refers to ethernetif.o(.bss) for Tx_Buff
    ethernetif.o(.text) refers to stm32_eth.o(.data) for DMATxDescToSet
    ethernetif.o(.text) refers to etharp.o(.text) for etharp_output
    etharp.o(.text) refers to pbuf.o(.text) for pbuf_free
    etharp.o(.text) refers to ip_addr.o(.text) for ip4_addr_isbroadcast
    etharp.o(.text) refers to etharp.o(.bss) for arp_table
    etharp.o(.text) refers to def.o(.text) for lwip_htons
    etharp.o(.text) refers to memcmp.o(.text) for memcmp
    etharp.o(.text) refers to etharp.o(.constdata) for ethzero
    etharp.o(.text) refers to etharp.o(.data) for etharp_cached_entry
    etharp.o(.text) refers to ip.o(.text) for ip_input
    init.o(.text) refers to mem.o(.text) for mem_init
    init.o(.text) refers to memp.o(.text) for memp_init
    init.o(.text) refers to netif.o(.text) for netif_init
[...]
    ..\STM32F10x_FWLib\src\stm32f10x_usart.c 0x00000000   Number         0  stm32f10x_usart.o ABSOLUTE
    ..\STM32F10x_FWLib\src\stm32f10x_wwdg.c  0x00000000   Number         0  stm32f10x_wwdg.o ABSOLUTE
    ..\\CORE\\core_cm3.c                     0x00000000   Number         0  core_cm3.o ABSOLUTE
    ..\lwip-1.4.1\arch\sys_arch.c            0x00000000   Number         0  sys_arch.o ABSOLUTE
    ..\lwip-1.4.1\src\api\api_lib.c          0x00000000   Number         0  api_lib.o ABSOLUTE
    ..\lwip-1.4.1\src\api\api_msg.c          0x00000000   Number         0  api_msg.o ABSOLUTE
    ..\lwip-1.4.1\src\api\err.c              0x00000000   Number         0  err.o ABSOLUTE
    ..\lwip-1.4.1\src\api\netbuf.c           0x00000000   Number         0  netbuf.o ABSOLUTE
    ..\lwip-1.4.1\src\api\netdb.c            0x00000000   Number         0  netdb.o ABSOLUTE
    ..\lwip-1.4.1\src\api\netifapi.c         0x00000000   Number         0  netifapi.o ABSOLUTE
    ..\lwip-1.4.1\src\api\sockets.c          0x00000000   Number         0  sockets.o ABSOLUTE
    ..\lwip-1.4.1\src\api\tcpip.c            0x00000000   Number         0  tcpip.o ABSOLUTE
    ..\lwip-1.4.1\src\core\def.c             0x00000000   Number         0  def.o ABSOLUTE
    ..\lwip-1.4.1\src\core\dhcp.c            0x00000000   Number         0  dhcp.o ABSOLUTE
    ..\lwip-1.4.1\src\core\dns.c             0x00000000   Number         0  dns.o ABSOLUTE
    ..\lwip-1.4.1\src\core\init.c            0x00000000   Number         0  init.o ABSOLUTE
    ..\lwip-1.4.1\src\core\ipv4\autoip.c     0x00000000   Number         0  autoip.o ABSOLUTE
    ..\lwip-1.4.1\src\core\ipv4\icmp.c       0x00000000   Number         0  icmp.o ABSOLUTE
    ..\lwip-1.4.1\src\core\ipv4\igmp.c       0x00000000   Number         0  igmp.o ABSOLUTE
    ..\lwip-1.4.1\src\core\ipv4\inet.c       0x00000000   Number         0  inet.o ABSOLUTE
    ..\lwip-1.4.1\src\core\ipv4\inet_chksum.c 0x00000000   Number         0  inet_chksum.o ABSOLUTE
    ..\lwip-1.4.1\src\core\ipv4\ip.c         0x00000000   Number         0  ip.o ABSOLUTE
    ..\lwip-1.4.1\src\core\ipv4\ip_addr.c    0x00000000   Number         0  ip_addr.o ABSOLUTE
    ..\lwip-1.4.1\src\core\ipv4\ip_frag.c    0x00000000   Number         0  ip_frag.o ABSOLUTE
    ..\lwip-1.4.1\src\core\mem.c             0x00000000   Number         0  mem.o ABSOLUTE
    ..\lwip-1.4.1\src\core\memp.c            0x00000000   Number         0  memp.o ABSOLUTE
    ..\lwip-1.4.1\src\core\netif.c           0x00000000   Number         0  netif.o ABSOLUTE
    ..\lwip-1.4.1\src\core\pbuf.c            0x00000000   Number         0  pbuf.o ABSOLUTE
    ..\lwip-1.4.1\src\core\raw.c             0x00000000   Number         0  raw.o ABSOLUTE
    ..\lwip-1.4.1\src\core\stats.c           0x00000000   Number         0  stats.o ABSOLUTE
    ..\lwip-1.4.1\src\core\sys.c             0x00000000   Number         0  sys.o ABSOLUTE
    ..\lwip-1.4.1\src\core\tcp.c             0x00000000   Number         0  tcp.o ABSOLUTE
    ..\lwip-1.4.1\src\core\tcp_in.c          0x00000000   Number         0  tcp_in.o ABSOLUTE
    ..\lwip-1.4.1\src\core\tcp_out.c         0x00000000   Number         0  tcp_out.o ABSOLUTE
    ..\lwip-1.4.1\src\core\timers.c          0x00000000   Number         0  timers.o ABSOLUTE
    ..\lwip-1.4.1\src\core\udp.c             0x00000000   Number         0  udp.o ABSOLUTE
    ..\lwip-1.4.1\src\netif\etharp.c         0x00000000   Number         0  etharp.o ABSOLUTE
    ..\lwip-1.4.1\src\netif\ethernetif.c     0x00000000   Number         0  ethernetif.o ABSOLUTE
    dc.s                                     0x00000000   Number         0  dc.o ABSOLUTE
    main.c                                   0x00000000   Number         0  main.o ABSOLUTE
    stm32f10x_it.c                           0x00000000   Number         0  stm32f10x_it.o ABSOLUTE
    system_stm32f10x.c                       0x00000000   Number         0  system_stm32f10x.o ABSOLUTE
    test.c                                   0x00000000   Number         0  test.o ABSOLUTE
    RESET                                    0x08000000   Section      336  startup_stm32f10x_cl.o(RESET)
    !!!main                                  0x08000150   Section        8  __main.o(!!!main)
    !!!scatter                               0x08000158   Section       52  __scatter.o(!!!scatter)
    !!handler_copy                           0x0800018c   Section       26  __scatter_copy.o(!!handler_copy)
    !!handler_zi                             0x080001a8   Section       28  __scatter_zi.o(!!handler_zi)
    .ARM.Collect$$libinit$$00000000          0x080001c4   Section        2  libinit.o(.ARM.Collect$$libinit$$00000000)
    .ARM.Collect$$libinit$$00000002          0x080001c6   Section        0  libinit2.o(.ARM.Collect$$libinit$$00000002)
    .ARM.Collect$$libinit$$00000004          0x080001c6   Section        0  libinit2.o(.ARM.Collect$$libinit$$00000004)
    .ARM.Collect$$libinit$$0000000A          0x080001c6   Section        0  libinit2.o(.ARM.Collect$$libinit$$0000000A)
    .ARM.Collect$$libinit$$0000000C          0x080001c6   Section        0  libinit2.o(.ARM.Collect$$libinit$$0000000C)
    .ARM.Collect$$libinit$$0000000E          0x080001c6   Section        0  libinit2.o(.ARM.Collect$$libinit$$0000000E)
    .ARM.Collect$$libinit$$00000011          0x080001c6   Section        0  libinit2.o(.ARM.Collect$$libinit$$00000011)
    .ARM.Collect$$libinit$$00000013          0x080001c6   Section        0  libinit2.o(.ARM.Collect$$libinit$$00000013)
    .ARM.Collect$$libinit$$00000015          0x080001c6   Section        0  libinit2.o(.ARM.Collect$$libinit$$00000015)
    .ARM.Collect$$libinit$$00000017          0x080001c6   Section        0  libinit2.o(.ARM.Collect$$libinit$$00000017)
    .ARM.Collect$$libinit$$00000019          0x080001c6   Section        0  libinit2.o(.ARM.Collect$$libinit$$00000019)
    .ARM.Collect$$libinit$$0000001B          0x080001c6   Section        0  libinit2.o(.ARM.Collect$$libinit$$0000001B)
    .ARM.Collect$$libinit$$0000001D          0x080001c6   Section        0  libinit2.o(.ARM.Collect$$libinit$$0000001D)
    .ARM.Collect$$libinit$$0000001F          0x080001c6   Section        0  libinit2.o(.ARM.Collect$$libinit$$0000001F)
    .ARM.Collect$$libinit$$00000021          0x080001c6   Section        0  libinit2.o(.ARM.Collect$$libinit$$00000021)
    .ARM.Collect$$libinit$$00000023          0x080001c6   Section        0  libinit2.o(.ARM.Collect$$libinit$$00000023)
    .ARM.Collect$$libinit$$00000025          0x080001c6   Section        0  libinit2.o(.ARM.Collect$$libinit$$00000025)
    .ARM.Collect$$libinit$$0000002C          0x080001c6   Section        0  libinit2.o(.ARM.Collect$$libinit$$0000002C)
    .ARM.Collect$$libinit$$0000002E          0x080001c6   Section        0  libinit2.o(.ARM.Collect$$libinit$$0000002E)
    .ARM.Collect$$libinit$$00000030          0x080001c6   Section        0  libinit2.o(.ARM.Collect$$libinit$$00000030)
    .ARM.Collect$$libinit$$00000032          0x080001c6   Section        0  libinit2.o(.ARM.Collect$$libinit$$00000032)
    .ARM.Collect$$libinit$$00000033          0x080001c6   Section        2  libinit2.o(.ARM.Collect$$libinit$$00000033)
    .ARM.Collect$$libshutdown$$00000000      0x080001c8   Section        2  libshutdown.o(.ARM.Collect$$libshutdown$$00000000)
    .ARM.Collect$$libshutdown$$00000003      0x080001ca   Section        0  libshutdown2.o(.ARM.Collect$$libshutdown$$00000003)
    .ARM.Collect$$libshutdown$$00000006      0x080001ca   Section        0  libshutdown2.o(.ARM.Collect$$libshutdown$$00000006)
    .ARM.Collect$$libshutdown$$00000009      0x080001ca   Section        0  libshutdown2.o(.ARM.Collect$$libshutdown$$00000009)
    .ARM.Collect$$libshutdown$$0000000B      0x080001ca   Section        0  libshutdown2.o(.ARM.Collect$$libshutdown$$0000000B)
    .ARM.Collect$$libshutdown$$0000000E      0x080001ca   Section        0  libshutdown2.o(.ARM.Collect$$libshutdown$$0000000E)
    .ARM.Collect$$libshutdown$$0000000F      0x080001ca   Section        2  libshutdown2.o(.ARM.Collect$$libshutdown$$0000000F)
    .ARM.Collect$$rtentry$$00000000          0x080001cc   Section        0  __rtentry.o(.ARM.Collect$$rtentry$$00000000)
    .ARM.Collect$$rtentry$$00000002          0x080001cc   Section        0  __rtentry2.o(.ARM.Collect$$rtentry$$00000002)
    .ARM.Collect$$rtentry$$00000004          0x080001cc   Section        6  __rtentry4.o(.ARM.Collect$$rtentry$$00000004)
    .ARM.Collect$$rtentry$$00000009          0x080001d2   Section        0  __rtentry2.o(.ARM.Collect$$rtentry$$00000009)
    .ARM.Collect$$rtentry$$0000000A          0x080001d2   Section        4  __rtentry2.o(.ARM.Collect$$rtentry$$0000000A)
    .ARM.Collect$$rtentry$$0000000C          0x080001d6   Section        0  __rtentry2.o(.ARM.Collect$$rtentry$$0000000C)
    .ARM.Collect$$rtentry$$0000000D          0x080001d6   Section        8  __rtentry2.o(.ARM.Collect$$rtentry$$0000000D)
    .ARM.Collect$$rtexit$$00000000           0x080001de   Section        2  rtexit.o(.ARM.Collect$$rtexit$$00000000)
    .ARM.Collect$$rtexit$$00000002           0x080001e0   Section        0  rtexit2.o(.ARM.Collect$$rtexit$$00000002)
    .ARM.Collect$$rtexit$$00000003           0x080001e0   Section        4  rtexit2.o(.ARM.Collect$$rtexit$$00000003)
    .ARM.Collect$$rtexit$$00000004           0x080001e4   Section        6  rtexit2.o(.ARM.Collect$$rtexit$$00000004)
    .text                                    0x080001ec   Section        0  main.o(.text)
    NVIC_SetPriority                         0x080001ed   Thumb Code    32  main.o(.text)
    .text                                    0x0800043c   Section        0  stm32f10x_it.o(.text)
    .text                                    0x08000484   Section        0  system_stm32f10x.o(.text)
    SetSysClockTo72                          0x08000485   Thumb Code   264  system_stm32f10x.o(.text)
    SetSysClock                              0x0800058d   Thumb Code     8  system_stm32f10x.o(.text)
    .text                                    0x08000708   Section        0  test.o(.text)
    .text                                    0x0800081c   Section       64  startup_stm32f10x_cl.o(.text)
    .text                                    0x0800085c   Section        0  stm32_eth.o(.text)
    ETH_Delay                                0x08000873   Thumb Code    28  stm32_eth.o(.text)
    .text                                    0x080019b0   Section        0  misc.o(.text)
    .text                                    0x08001a8c   Section        0  stm32f10x_gpio.o(.text)
    .text                                    0x08001de8   Section        0  stm32f10x_rcc.o(.text)
    .text                                    0x080022ec   Section        0  ethernetif.o(.text)
    low_level_init                           0x080022ed   Thumb Code   146  ethernetif.o(.text)
    low_level_output                         0x080023e5   Thumb Code    52  ethernetif.o(.text)
    low_level_input                          0x080024ad   Thumb Code   110  ethernetif.o(.text)
    .text                                    0x0800259c   Section        0  etharp.o(.text)
    etharp_free_entry                        0x0800259d   Thumb Code    58  etharp.o(.text)
    etharp_find_entry                        0x0800265f   Thumb Code   410  etharp.o(.text)
    etharp_send_ip                           0x080027f9   Thumb Code    68  etharp.o(.text)
    etharp_update_arp_entry                  0x0800283d   Thumb Code   190  etharp.o(.text)
    etharp_arp_input                         0x0800298f   Thumb Code   276  etharp.o(.text)
    etharp_raw                               0x08002aa3   Thumb Code   206  etharp.o(.text)
    etharp_output_to_arp_index               0x08002b95   Thumb Code   124  etharp.o(.text)
    .text                                    0x08002fac   Section        0  def.o(.text)
    .text                                    0x08002fea   Section        0  init.o(.text)
    .text                                    0x08003008   Section        0  mem.o(.text)
    plug_holes                               0x08003009   Thumb Code   168  mem.o(.text)
    .text                                    0x080033ec   Section        0  memp.o(.text)
    .text                                    0x080034ac   Section        0  netif.o(.text)
    .text                                    0x08003728   Section        0  pbuf.o(.text)
    .text                                    0x08003fc8   Section        0  raw.o(.text)
    .text                                    0x0800417c   Section        0  tcp.o(.text)
    tcp_close_shutdown                       0x08004619   Thumb Code   444  tcp.o(.text)
    tcp_new_port                             0x08004b13   Thumb Code    96  tcp.o(.text)
    tcp_accept_null                          0x08004c05   Thumb Code     8  tcp.o(.text)
    tcp_kill_prio                            0x08004e65   Thumb Code   120  tcp.o(.text)
    tcp_kill_timewait                        0x08004edd   Thumb Code    50  tcp.o(.text)
    .text                                    0x0800503c   Section        0  tcp_in.o(.text)
    tcp_receive                              0x0800503d   Thumb Code  1710  tcp_in.o(.text)
    tcp_parseopt                             0x080056eb   Thumb Code   178  tcp_in.o(.text)
    tcp_process                              0x0800579d   Thumb Code  1454  tcp_in.o(.text)
    tcp_listen_input                         0x08005d4b   Thumb Code   268  tcp_in.o(.text)
    tcp_timewait_input                       0x08005e57   Thumb Code   140  tcp_in.o(.text)
    .text                                    0x080063c0   Section        0  tcp_out.o(.text)
    tcp_output_alloc_header                  0x080063c1   Thumb Code   134  tcp_out.o(.text)
    tcp_create_segment                       0x08006447   Thumb Code   172  tcp_out.o(.text)
    tcp_pbuf_prealloc                        0x08006683   Thumb Code   128  tcp_out.o(.text)
    tcp_write_checks                         0x08006703   Thumb Code   136  tcp_out.o(.text)
    tcp_output_segment                       0x08006bbf   Thumb Code   202  tcp_out.o(.text)
    .text                                    0x080070d4   Section        0  timers.o(.text)
    tcpip_tcp_timer                          0x08007173   Thumb Code    40  timers.o(.text)
    ip_reass_timer                           0x080071c1   Thumb Code    22  timers.o(.text)
    arp_timer                                0x080071d7   Thumb Code    22  timers.o(.text)
    .text                                    0x080072f4   Section        0  udp.o(.text)
    udp_new_port                             0x080072f7   Thumb Code    80  udp.o(.text)
    .text                                    0x0800775c   Section        0  icmp.o(.text)
    icmp_send_response                       0x080078d7   Thumb Code   122  icmp.o(.text)
    .text                                    0x0800797c   Section        0  inet_chksum.o(.text)
    lwip_standard_chksum                     0x0800797d   Thumb Code    94  inet_chksum.o(.text)
    .text                                    0x08007bac   Section        0  ip.o(.text)
    .text                                    0x08007ea4   Section        0  ip_addr.o(.text)
    .text                                    0x08008160   Section        0  ip_frag.o(.text)
    ip_reass_dequeue_datagram                0x08008161   Thumb Code    46  ip_frag.o(.text)
    ip_reass_free_complete_datagram          0x0800818f   Thumb Code   212  ip_frag.o(.text)
    ip_reass_remove_oldest_datagram          0x08008293   Thumb Code   118  ip_frag.o(.text)
    ip_reass_enqueue_new_datagram            0x08008309   Thumb Code    80  ip_frag.o(.text)
    ip_reass_chain_frag_into_datagram_and_validate 0x08008359   Thumb Code   418  ip_frag.o(.text)
    ip_frag_alloc_pbuf_custom_ref            0x08008687   Thumb Code    10  ip_frag.o(.text)
    ip_frag_free_pbuf_custom_ref             0x08008691   Thumb Code    24  ip_frag.o(.text)
    ipfrag_free_pbuf_custom                  0x080086a9   Thumb Code    46  ip_frag.o(.text)
    .text                                    0x08008894   Section        0  sys_arch.o(.text)
    .text                                    0x080088a0   Section        0  memcmp.o(.text)
    .text                                    0x080088f8   Section        0  strlen.o(.text)
    .text                                    0x08008936   Section      138  rt_memcpy_v6.o(.text)
    .text                                    0x080089c0   Section       68  rt_memclr.o(.text)
    .text                                    0x08008a04   Section       78  rt_memclr_w.o(.text)
    .text                                    0x08008a52   Section        0  heapauxi.o(.text)
    .text                                    0x08008a58   Section      100  rt_memcpy_w.o(.text)
    .text                                    0x08008abc   Section       74  sys_stackheap_outer.o(.text)
    .text                                    0x08008b06   Section        0  exit.o(.text)
    .text                                    0x08008b14   Section        8  libspace.o(.text)
    .text                                    0x08008b1c   Section        0  sys_exit.o(.text)
    .text                                    0x08008b28   Section        2  use_no_semi.o(.text)
    .constdata                               0x08008b2a   Section       12  etharp.o(.constdata)
    .text                                    0x08008b2a   Section        0  indicate_semi.o(.text)
    .constdata                               0x08008b36   Section       40  memp.o(.constdata)
    memp_sizes                               0x08008b36   Data          20  memp.o(.constdata)
    memp_num                                 0x08008b4a   Data          20  memp.o(.constdata)
    .constdata                               0x08008b60   Section       80  tcp.o(.constdata)
    .conststring                             0x08008bb0   Section      117  tcp.o(.conststring)
    .data                                    0x20000000   Section        4  main.o(.data)
    .data                                    0x20000004   Section       20  system_stm32f10x.o(.data)
    .data                                    0x20000018   Section       18  test.o(.data)
    .data                                    0x2000002c   Section       16  stm32_eth.o(.data)
    .data                                    0x2000003c   Section       20  stm32f10x_rcc.o(.data)
    APBAHBPrescTable                         0x2000003c   Data          16  stm32f10x_rcc.o(.data)
    ADCPrescTable                            0x2000004c   Data           4  stm32f10x_rcc.o(.data)
    .data                                    0x20000050   Section        1  etharp.o(.data)
    etharp_cached_entry                      0x20000050   Data           1  etharp.o(.data)
    .data                                    0x20000054   Section       12  mem.o(.data)
    ram                                      0x20000054   Data           4  mem.o(.data)
    ram_end                                  0x20000058   Data           4  mem.o(.data)
    lfree                                    0x2000005c   Data           4  mem.o(.data)
    .data                                    0x20000060   Section        9  netif.o(.data)
    netif_num                                0x20000068   Data           1  netif.o(.data)
    .data                                    0x2000006c   Section        4  raw.o(.data)
    raw_pcbs                                 0x2000006c   Data           4  raw.o(.data)
    .data                                    0x20000070   Section       36  tcp.o(.data)
    tcp_port                                 0x20000070   Data           2  tcp.o(.data)
    tcp_timer                                0x2000008d   Data           1  tcp.o(.data)
    tcp_timer_ctr                            0x2000008e   Data           1  tcp.o(.data)
    iss                                      0x20000090   Data           4  tcp.o(.data)
    .data                                    0x20000094   Section       32  tcp_in.o(.data)
    tcphdr                                   0x20000094   Data           4  tcp_in.o(.data)
    iphdr                                    0x20000098   Data           4  tcp_in.o(.data)
    seqno                                    0x2000009c   Data           4  tcp_in.o(.data)
    ackno                                    0x200000a0   Data           4  tcp_in.o(.data)
    flags                                    0x200000a4   Data           1  tcp_in.o(.data)
    tcplen                                   0x200000a6   Data           2  tcp_in.o(.data)
    recv_flags                               0x200000a8   Data           1  tcp_in.o(.data)
    recv_data                                0x200000ac   Data           4  tcp_in.o(.data)
    .data                                    0x200000b4   Section       12  timers.o(.data)
    next_timeout                             0x200000b4   Data           4  timers.o(.data)
    timeouts_last_time                       0x200000b8   Data           4  timers.o(.data)
    tcpip_tcp_timer_active                   0x200000bc   Data           4  timers.o(.data)
    .data                                    0x200000c0   Section        8  udp.o(.data)
    udp_port                                 0x200000c0   Data           2  udp.o(.data)
    .data                                    0x200000c8   Section       18  ip.o(.data)
    ip_id                                    0x200000d8   Data           2  ip.o(.data)
    .data                                    0x200000dc   Section        6  ip_frag.o(.data)
    reassdatagrams                           0x200000dc   Data           4  ip_frag.o(.data)
    ip_reass_pbufcount                       0x200000e0   Data           2  ip_frag.o(.data)
    .bss                                     0x200000e4   Section       48  test.o(.bss)
    .bss                                     0x20000114   Section    15360  ethernetif.o(.bss)
    .bss                                     0x20003d14   Section      200  etharp.o(.bss)
    arp_table                                0x20003d14   Data         200  etharp.o(.bss)
    .bss                                     0x20003ddc   Section    16020  mem.o(.bss)
    .bss                                     0x20007c70   Section    13603  memp.o(.bss)
    memp_tab                                 0x20007c70   Data          40  memp.o(.bss)
    memp_memory                              0x20007c98   Data       13563  memp.o(.bss)
    .bss                                     0x2000b194   Section       16  tcp_in.o(.bss)
    inseg                                    0x2000b194   Data          16  tcp_in.o(.bss)
    .bss                                     0x2000b1a4   Section       16  ip_addr.o(.bss)
    str                                      0x2000b1a4   Data          16  ip_addr.o(.bss)
    .bss                                     0x2000b1b4   Section       96  libspace.o(.bss)
    HEAP                                     0x2000b218   Section      512  startup_stm32f10x_cl.o(HEAP)
    Heap_Mem                                 0x2000b218   Data         512  startup_stm32f10x_cl.o(HEAP)
    STACK                                    0x2000b418   Section     1024  startup_stm32f10x_cl.o(STACK)
    Stack_Mem                                0x2000b418   Data        1024  startup_stm32f10x_cl.o(STACK)
    __initial_sp                             0x2000b818   Data           0  startup_stm32f10x_cl.o(STACK)

    Global Symbols

    Symbol Name                              Value     Ov Type        Size  Object(Section)

    BuildAttributes$$THM_ISAv4$P$D$K$B$S$PE$A:L22UL41UL21$X:L11$S22US41US21$IEEE1$IW$USESV6$~STKCKD$USESV7$~SHL$OSPACE$ROPI$EBA8$UX$STANDARDLIB$REQ8$PRES8$EABIv2 0x00000000   Number         0  anon$$obj.o ABSOLUTE
    __ARM_use_no_argv                        0x00000000   Number         0  main.o ABSOLUTE
    __ARM_exceptions_init                     - Undefined Weak Reference
    __alloca_initialize                       - Undefined Weak Reference
    __arm_preinit_                            - Undefined Weak Reference
    __cpp_initialize__aeabi_                  - Undefined Weak Reference
    __cxa_finalize                            - Undefined Weak Reference
    __rt_locale                               - Undefined Weak Reference
    __sigvec_lookup                           - Undefined Weak Reference
    _atexit_init                              - Undefined Weak Reference
    _call_atexit_fns                          - Undefined Weak Reference
    _clock_init                               - Undefined Weak Reference
    _fp_trap_init                             - Undefined Weak Reference
    _fp_trap_shutdown                         - Undefined Weak Reference
    _get_lc_collate                           - Undefined Weak Reference
    _get_lc_ctype                             - Undefined Weak Reference
    _get_lc_monetary                          - Undefined Weak Reference
    _get_lc_numeric                           - Undefined Weak Reference
    _get_lc_time                              - Undefined Weak Reference
    _getenv_init                              - Undefined Weak Reference
    _handle_redirection                       - Undefined Weak Reference
    _init_alloc                               - Undefined Weak Reference
    _init_user_alloc                          - Undefined Weak Reference
    _initio                                   - Undefined Weak Reference
    _rand_init                                - Undefined Weak Reference
    _signal_finish                            - Undefined Weak Reference
    _signal_init                              - Undefined Weak Reference
    _terminate_alloc                          - Undefined Weak Reference
    _terminate_user_alloc                     - Undefined Weak Reference
    _terminateio                              - Undefined Weak Reference
    __Vectors_Size                           0x00000150   Number         0  startup_stm32f10x_cl.o ABSOLUTE
    __Vectors                                0x08000000   Data           4  startup_stm32f10x_cl.o(RESET)
    __Vectors_End                            0x08000150   Data           0  startup_stm32f10x_cl.o(RESET)
    __main                                   0x08000151   Thumb Code     8  __main.o(!!!main)
    __scatterload                            0x08000159   Thumb Code     0  __scatter.o(!!!scatter)
    __scatterload_rt2                        0x08000159   Thumb Code    44  __scatter.o(!!!scatter)
    __scatterload_rt2_thumb_only             0x08000159   Thumb Code     0  __scatter.o(!!!scatter)
    __scatterload_null                       0x08000167   Thumb Code     0  __scatter.o(!!!scatter)
    __scatterload_copy                       0x0800018d   Thumb Code    26  __scatter_copy.o(!!handler_copy)
    __scatterload_zeroinit                   0x080001a9   Thumb Code    28  __scatter_zi.o(!!handler_zi)
    __rt_lib_init                            0x080001c5   Thumb Code     0  libinit.o(.ARM.Collect$$libinit$$00000000)
    __rt_lib_init_alloca_1                   0x080001c7   Thumb Code     0  libinit2.o(.ARM.Collect$$libinit$$0000002E)
    __rt_lib_init_argv_1                     0x080001c7   Thumb Code     0  libinit2.o(.ARM.Collect$$libinit$$0000002C)
    __rt_lib_init_atexit_1                   0x080001c7   Thumb Code     0  libinit2.o(.ARM.Collect$$libinit$$0000001B)
    __rt_lib_init_clock_1                    0x080001c7   Thumb Code     0  libinit2.o(.ARM.Collect$$libinit$$00000021)
    __rt_lib_init_cpp_1                      0x080001c7   Thumb Code     0  libinit2.o(.ARM.Collect$$libinit$$00000032)
    __rt_lib_init_exceptions_1               0x080001c7   Thumb Code     0  libinit2.o(.ARM.Collect$$libinit$$00000030)
    __rt_lib_init_fp_1                       0x080001c7   Thumb Code     0  libinit2.o(.ARM.Collect$$libinit$$00000002)
    __rt_lib_init_fp_trap_1                  0x080001c7   Thumb Code     0  libinit2.o(.ARM.Collect$$libinit$$0000001F)
    __rt_lib_init_getenv_1                   0x080001c7   Thumb Code     0  libinit2.o(.ARM.Collect$$libinit$$00000023)
    __rt_lib_init_heap_1                     0x080001c7   Thumb Code     0  libinit2.o(.ARM.Collect$$libinit$$0000000A)
    __rt_lib_init_lc_collate_1               0x080001c7   Thumb Code     0  libinit2.o(.ARM.Collect$$libinit$$00000011)
    __rt_lib_init_lc_ctype_1                 0x080001c7   Thumb Code     0  libinit2.o(.ARM.Collect$$libinit$$00000013)
    __rt_lib_init_lc_monetary_1              0x080001c7   Thumb Code     0  libinit2.o(.ARM.Collect$$libinit$$00000015)
    __rt_lib_init_lc_numeric_1               0x080001c7   Thumb Code     0  libinit2.o(.ARM.Collect$$libinit$$00000017)
    __rt_lib_init_lc_time_1                  0x080001c7   Thumb Code     0  libinit2.o(.ARM.Collect$$libinit$$00000019)
    __rt_lib_init_preinit_1                  0x080001c7   Thumb Code     0  libinit2.o(.ARM.Collect$$libinit$$00000004)
    __rt_lib_init_rand_1                     0x080001c7   Thumb Code     0  libinit2.o(.ARM.Collect$$libinit$$0000000E)
    __rt_lib_init_return                     0x080001c7   Thumb Code     0  libinit2.o(.ARM.Collect$$libinit$$00000033)
    __rt_lib_init_signal_1                   0x080001c7   Thumb Code     0  libinit2.o(.ARM.Collect$$libinit$$0000001D)
    __rt_lib_init_stdio_1                    0x080001c7   Thumb Code     0  libinit2.o(.ARM.Collect$$libinit$$00000025)
    __rt_lib_init_user_alloc_1               0x080001c7   Thumb Code     0  libinit2.o(.ARM.Collect$$libinit$$0000000C)
    __rt_lib_shutdown                        0x080001c9   Thumb Code     0  libshutdown.o(.ARM.Collect$$libshutdown$$00000000)
    __rt_lib_shutdown_fp_trap_1              0x080001cb   Thumb Code     0  libshutdown2.o(.ARM.Collect$$libshutdown$$00000006)
    __rt_lib_shutdown_heap_1                 0x080001cb   Thumb Code     0  libshutdown2.o(.ARM.Collect$$libshutdown$$0000000E)
    __rt_lib_shutdown_return                 0x080001cb   Thumb Code     0  libshutdown2.o(.ARM.Collect$$libshutdown$$0000000F)
    __rt_lib_shutdown_signal_1               0x080001cb   Thumb Code     0  libshutdown2.o(.ARM.Collect$$libshutdown$$00000009)
    __rt_lib_shutdown_stdio_1                0x080001cb   Thumb Code     0  libshutdown2.o(.ARM.Collect$$libshutdown$$00000003)
    __rt_lib_shutdown_user_alloc_1           0x080001cb   Thumb Code     0  libshutdown2.o(.ARM.Collect$$libshutdown$$0000000B)
    __rt_entry                               0x080001cd   Thumb Code     0  __rtentry.o(.ARM.Collect$$rtentry$$00000000)
    __rt_entry_presh_1                       0x080001cd   Thumb Code     0  __rtentry2.o(.ARM.Collect$$rtentry$$00000002)
    __rt_entry_sh                            0x080001cd   Thumb Code     0  __rtentry4.o(.ARM.Collect$$rtentry$$00000004)
    __rt_entry_li                            0x080001d3   Thumb Code     0  __rtentry2.o(.ARM.Collect$$rtentry$$0000000A)
    __rt_entry_postsh_1                      0x080001d3   Thumb Code     0  __rtentry2.o(.ARM.Collect$$rtentry$$00000009)
    __rt_entry_main                          0x080001d7   Thumb Code     0  __rtentry2.o(.ARM.Collect$$rtentry$$0000000D)
    __rt_entry_postli_1                      0x080001d7   Thumb Code     0  __rtentry2.o(.ARM.Collect$$rtentry$$0000000C)
    __rt_exit                                0x080001df   Thumb Code     0  rtexit.o(.ARM.Collect$$rtexit$$00000000)
    __rt_exit_ls                             0x080001e1   Thumb Code     0  rtexit2.o(.ARM.Collect$$rtexit$$00000003)
    __rt_exit_prels_1                        0x080001e1   Thumb Code     0  rtexit2.o(.ARM.Collect$$rtexit$$00000002)
    __rt_exit_exit                           0x080001e5   Thumb Code     0  rtexit2.o(.ARM.Collect$$rtexit$$00000004)
    ETH_Reinit                               0x0800020d   Thumb Code   108  main.o(.text)
    Ethernet_Configuration                   0x08000279   Thumb Code    72  main.o(.text)
    GPIO_Configuration                       0x080002c1   Thumb Code   188  main.o(.text)
    NVIC_Configuration                       0x0800037d   Thumb Code    52  main.o(.text)
    main                                     0x080003b1   Thumb Code   110  main.o(.text)
    NMI_Handler                              0x0800043d   Thumb Code     2  stm32f10x_it.o(.text)
    HardFault_Handler                        0x0800043f   Thumb Code     4  stm32f10x_it.o(.text)
    MemManage_Handler                        0x08000443   Thumb Code     4  stm32f10x_it.o(.text)
    BusFault_Handler                         0x08000447   Thumb Code     4  stm32f10x_it.o(.text)
    UsageFault_Handler                       0x0800044b   Thumb Code     4  stm32f10x_it.o(.text)
    SVC_Handler                              0x0800044f   Thumb Code     2  stm32f10x_it.o(.text)
    DebugMon_Handler                         0x08000451   Thumb Code     2  stm32f10x_it.o(.text)
    PendSV_Handler                           0x08000453   Thumb Code     2  stm32f10x_it.o(.text)
    SysTick_Handler                          0x08000455   Thumb Code    12  stm32f10x_it.o(.text)
    ETH_IRQHandler                           0x08000461   Thumb Code    32  stm32f10x_it.o(.text)
    SystemInit                               0x08000595   Thumb Code    92  system_stm32f10x.o(.text)
    SystemCoreClockUpdate                    0x080005f1   Thumb Code   232  system_stm32f10x.o(.text)
    LWIP_Init                                0x08000709   Thumb Code    78  test.o(.text)
    LwIP_Pkt_Handle                          0x08000757   Thumb Code    10  test.o(.text)
    Eth_Link_ITHandler                       0x08000761   Thumb Code    70  test.o(.text)
    lwip_periodic_handle                     0x080007a7   Thumb Code    74  test.o(.text)
    Reset_Handler                            0x0800081d   Thumb Code     8  startup_stm32f10x_cl.o(.text)
    ADC1_2_IRQHandler                        0x08000837   Thumb Code     0  startup_stm32f10x_cl.o(.text)
    CAN1_RX0_IRQHandler                      0x08000837   Thumb Code     0  startup_stm32f10x_cl.o(.text)
    CAN1_RX1_IRQHandler                      0x08000837   Thumb Code     0  startup_stm32f10x_cl.o(.text)
    CAN1_SCE_IRQHandler                      0x08000837   Thumb Code     0  startup_stm32f10x_cl.o(.text)
    CAN1_TX_IRQHandler                       0x08000837   Thumb Code     0  startup_stm32f10x_cl.o(.text)
    CAN2_RX0_IRQHandler                      0x08000837   Thumb Code     0  startup_stm32f10x_cl.o(.text)
    CAN2_RX1_IRQHandler                      0x08000837   Thumb Code     0  startup_stm32f10x_cl.o(.text)
    CAN2_SCE_IRQHandler                      0x08000837   Thumb Code     0  startup_stm32f10x_cl.o(.text)
    CAN2_TX_IRQHandler                       0x08000837   Thumb Code     0  startup_stm32f10x_cl.o(.text)
    DMA1_Channel1_IRQHandler                 0x08000837   Thumb Code     0  startup_stm32f10x_cl.o(.text)
    DMA1_Channel2_IRQHandler                 0x08000837   Thumb Code     0  startup_stm32f10x_cl.o(.text)
    DMA1_Channel3_IRQHandler                 0x08000837   Thumb Code     0  startup_stm32f10x_cl.o(.text)
    DMA1_Channel4_IRQHandler                 0x08000837   Thumb Code     0  startup_stm32f10x_cl.o(.text)
    DMA1_Channel5_IRQHandler                 0x08000837   Thumb Code     0  startup_stm32f10x_cl.o(.text)
    DMA1_Channel6_IRQHandler                 0x08000837   Thumb Code     0  startup_stm32f10x_cl.o(.text)
    DMA1_Channel7_IRQHandler                 0x08000837   Thumb Code     0  startup_stm32f10x_cl.o(.text)
    DMA2_Channel1_IRQHandler                 0x08000837   Thumb Code     0  startup_stm32f10x_cl.o(.text)
    DMA2_Channel2_IRQHandler                 0x08000837   Thumb Code     0  startup_stm32f10x_cl.o(.text)
    DMA2_Channel3_IRQHandler                 0x08000837   Thumb Code     0  startup_stm32f10x_cl.o(.text)
    DMA2_Channel4_IRQHandler                 0x08000837   Thumb Code     0  startup_stm32f10x_cl.o(.text)
    DMA2_Channel5_IRQHandler                 0x08000837   Thumb Code     0  startup_stm32f10x_cl.o(.text)
    ETH_WKUP_IRQHandler                      0x08000837   Thumb Code     0  startup_stm32f10x_cl.o(.text)
    EXTI0_IRQHandler                         0x08000837   Thumb Code     0  startup_stm32f10x_cl.o(.text)
    EXTI15_10_IRQHandler                     0x08000837   Thumb Code     0  startup_stm32f10x_cl.o(.text)
    EXTI1_IRQHandler                         0x08000837   Thumb Code     0  startup_stm32f10x_cl.o(.text)
    EXTI2_IRQHandler                         0x08000837   Thumb Code     0  startup_stm32f10x_cl.o(.text)
    EXTI3_IRQHandler                         0x08000837   Thumb Code     0  startup_stm32f10x_cl.o(.text)
    EXTI4_IRQHandler                         0x08000837   Thumb Code     0  startup_stm32f10x_cl.o(.text)
    EXTI9_5_IRQHandler                       0x08000837   Thumb Code     0  startup_stm32f10x_cl.o(.text)
    FLASH_IRQHandler                         0x08000837   Thumb Code     0  startup_stm32f10x_cl.o(.text)
    I2C1_ER_IRQHandler                       0x08000837   Thumb Code     0  startup_stm32f10x_cl.o(.text)
    I2C1_EV_IRQHandler                       0x08000837   Thumb Code     0  startup_stm32f10x_cl.o(.text)
    I2C2_ER_IRQHandler                       0x08000837   Thumb Code     0  startup_stm32f10x_cl.o(.text)
    I2C2_EV_IRQHandler                       0x08000837   Thumb Code     0  startup_stm32f10x_cl.o(.text)
    OTG_FS_IRQHandler                        0x08000837   Thumb Code     0  startup_stm32f10x_cl.o(.text)
    OTG_FS_WKUP_IRQHandler                   0x08000837   Thumb Code     0  startup_stm32f10x_cl.o(.text)
    PVD_IRQHandler                           0x08000837   Thumb Code     0  startup_stm32f10x_cl.o(.text)
    RCC_IRQHandler                           0x08000837   Thumb Code     0  startup_stm32f10x_cl.o(.text)
    RTCAlarm_IRQHandler                      0x08000837   Thumb Code     0  startup_stm32f10x_cl.o(.text)
    RTC_IRQHandler                           0x08000837   Thumb Code     0  startup_stm32f10x_cl.o(.text)
    SPI1_IRQHandler                          0x08000837   Thumb Code     0  startup_stm32f10x_cl.o(.text)
    SPI2_IRQHandler                          0x08000837   Thumb Code     0  startup_stm32f10x_cl.o(.text)
    SPI3_IRQHandler                          0x08000837   Thumb Code     0  startup_stm32f10x_cl.o(.text)
    TAMPER_IRQHandler                        0x08000837   Thumb Code     0  startup_stm32f10x_cl.o(.text)
    TIM1_BRK_IRQHandler                      0x08000837   Thumb Code     0  startup_stm32f10x_cl.o(.text)
    TIM1_CC_IRQHandler                       0x08000837   Thumb Code     0  startup_stm32f10x_cl.o(.text)
    TIM1_TRG_COM_IRQHandler                  0x08000837   Thumb Code     0  startup_stm32f10x_cl.o(.text)
    TIM1_UP_IRQHandler                       0x08000837   Thumb Code     0  startup_stm32f10x_cl.o(.text)
    TIM2_IRQHandler                          0x08000837   Thumb Code     0  startup_stm32f10x_cl.o(.text)
    TIM3_IRQHandler                          0x08000837   Thumb Code     0  startup_stm32f10x_cl.o(.text)
    TIM4_IRQHandler                          0x08000837   Thumb Code     0  startup_stm32f10x_cl.o(.text)
    TIM5_IRQHandler                          0x08000837   Thumb Code     0  startup_stm32f10x_cl.o(.text)
    TIM6_IRQHandler                          0x08000837   Thumb Code     0  startup_stm32f10x_cl.o(.text)
    TIM7_IRQHandler                          0x08000837   Thumb Code     0  startup_stm32f10x_cl.o(.text)
    UART4_IRQHandler                         0x08000837   Thumb Code     0  startup_stm32f10x_cl.o(.text)
    UART5_IRQHandler                         0x08000837   Thumb Code     0  startup_stm32f10x_cl.o(.text)
    USART1_IRQHandler                        0x08000837   Thumb Code     0  startup_stm32f10x_cl.o(.text)
    USART2_IRQHandler                        0x08000837   Thumb Code     0  startup_stm32f10x_cl.o(.text)
    USART3_IRQHandler                        0x08000837   Thumb Code     0  startup_stm32f10x_cl.o(.text)
    WWDG_IRQHandler                          0x08000837   Thumb Code     0  startup_stm32f10x_cl.o(.text)
    __user_initial_stackheap                 0x08000839   Thumb Code     0  startup_stm32f10x_cl.o(.text)
    ETH_DeInit                               0x0800085d   Thumb Code    22  stm32_eth.o(.text)
    ETH_WritePHYRegister                     0x0800088f   Thumb Code    96  stm32_eth.o(.text)
    ETH_ReadPHYRegister                      0x080008ef   Thumb Code    98  stm32_eth.o(.text)
    ETH_Init                                 0x08000951   Thumb Code   598  stm32_eth.o(.text)
    ETH_StructInit                           0x08000ba7   Thumb Code   164  stm32_eth.o(.text)
    ETH_DMAReceptionCmd                      0x08000c4b   Thumb Code    30  stm32_eth.o(.text)
    ETH_DMATransmissionCmd                   0x08000c69   Thumb Code    66  stm32_eth.o(.text)
    ETH_MACReceptionCmd                      0x08000cab   Thumb Code    30  stm32_eth.o(.text)
    ETH_FlushTransmitFIFO                    0x08000cc9   Thumb Code    14  stm32_eth.o(.text)
    ETH_MACTransmissionCmd                   0x08000cd7   Thumb Code    30  stm32_eth.o(.text)
    ETH_Start                                0x08000cf5   Thumb Code    32  stm32_eth.o(.text)
    ETH_HandleTxPkt                          0x08000d15   Thumb Code   176  stm32_eth.o(.text)
    ETH_HandleRxPkt                          0x08000dc5   Thumb Code   196  stm32_eth.o(.text)
    ETH_GetDMARxDescFrameLength              0x08000e89   Thumb Code    10  stm32_eth.o(.text)
    ETH_GetRxPktSize                         0x08000e93   Thumb Code    66  stm32_eth.o(.text)
    ETH_DropRxPkt                            0x08000ed5   Thumb Code    78  stm32_eth.o(.text)
    ETH_PHYLoopBackCmd                       0x08000f23   Thumb Code    52  stm32_eth.o(.text)
    ETH_GetFlowControlBusyStatus             0x08000f57   Thumb Code    20  stm32_eth.o(.text)
    ETH_InitiatePauseControlFrame            0x08000f6b   Thumb Code    14  stm32_eth.o(.text)
    ETH_BackPressureActivationCmd            0x08000f79   Thumb Code    30  stm32_eth.o(.text)
    ETH_GetMACFlagStatus                     0x08000f97   Thumb Code    20  stm32_eth.o(.text)
    ETH_GetMACITStatus                       0x08000fab   Thumb Code    20  stm32_eth.o(.text)
    ETH_MACITConfig                          0x08000fbf   Thumb Code    26  stm32_eth.o(.text)
    ETH_MACAddressConfig                     0x08000fd9   Thumb Code    46  stm32_eth.o(.text)
    ETH_GetMACAddress                        0x08001007   Thumb Code    36  stm32_eth.o(.text)
    ETH_MACAddressPerfectFilterCmd           0x0800102b   Thumb Code    38  stm32_eth.o(.text)
    ETH_MACAddressFilterConfig               0x08001051   Thumb Code    56  stm32_eth.o(.text)
    ETH_MACAddressMaskBytesFilterConfig      0x08001089   Thumb Code    32  stm32_eth.o(.text)
    ETH_DMATxDescChainInit                   0x080010a9   Thumb Code    70  stm32_eth.o(.text)
    ETH_DMATxDescRingInit                    0x080010ef   Thumb Code    72  stm32_eth.o(.text)
    ETH_GetDMATxDescFlagStatus               0x08001137   Thumb Code    18  stm32_eth.o(.text)
    ETH_GetDMATxDescCollisionCount           0x08001149   Thumb Code    10  stm32_eth.o(.text)
    ETH_SetDMATxDescOwnBit                   0x08001153   Thumb Code    10  stm32_eth.o(.text)
    ETH_DMATxDescTransmitITConfig            0x0800115d   Thumb Code    22  stm32_eth.o(.text)
    ETH_DMATxDescFrameSegmentConfig          0x08001173   Thumb Code     8  stm32_eth.o(.text)
    ETH_DMATxDescChecksumInsertionConfig     0x0800117b   Thumb Code     8  stm32_eth.o(.text)
    ETH_DMATxDescCRCCmd                      0x08001183   Thumb Code    22  stm32_eth.o(.text)
    ETH_DMATxDescEndOfRingCmd                0x08001199   Thumb Code    22  stm32_eth.o(.text)
    ETH_DMATxDescSecondAddressChainedCmd     0x080011af   Thumb Code    22  stm32_eth.o(.text)
    ETH_DMATxDescShortFramePaddingCmd        0x080011c5   Thumb Code    22  stm32_eth.o(.text)
    ETH_DMATxDescTimeStampCmd                0x080011db   Thumb Code    22  stm32_eth.o(.text)
    ETH_DMATxDescBufferSizeConfig            0x080011f1   Thumb Code    14  stm32_eth.o(.text)
    ETH_DMARxDescChainInit                   0x080011ff   Thumb Code    76  stm32_eth.o(.text)
    ETH_DMARxDescRingInit                    0x0800124b   Thumb Code    86  stm32_eth.o(.text)
    ETH_GetDMARxDescFlagStatus               0x080012a1   Thumb Code    18  stm32_eth.o(.text)
    ETH_SetDMARxDescOwnBit                   0x080012b3   Thumb Code    10  stm32_eth.o(.text)
    ETH_DMARxDescReceiveITConfig             0x080012bd   Thumb Code    22  stm32_eth.o(.text)
    ETH_DMARxDescEndOfRingCmd                0x080012d3   Thumb Code    22  stm32_eth.o(.text)
    ETH_DMARxDescSecondAddressChainedCmd     0x080012e9   Thumb Code    22  stm32_eth.o(.text)
    ETH_GetDMARxDescBufferSize               0x080012ff   Thumb Code    20  stm32_eth.o(.text)
    ETH_SoftwareReset                        0x08001313   Thumb Code    14  stm32_eth.o(.text)
    ETH_GetSoftwareResetStatus               0x08001321   Thumb Code    20  stm32_eth.o(.text)
    ETH_GetDMAFlagStatus                     0x08001335   Thumb Code    20  stm32_eth.o(.text)
    ETH_DMAClearFlag                         0x08001349   Thumb Code     6  stm32_eth.o(.text)
    ETH_GetDMAITStatus                       0x0800134f   Thumb Code    20  stm32_eth.o(.text)
    ETH_DMAClearITPendingBit                 0x08001363   Thumb Code     6  stm32_eth.o(.text)
    ETH_GetTransmitProcessState              0x08001369   Thumb Code    10  stm32_eth.o(.text)
    ETH_GetReceiveProcessState               0x08001373   Thumb Code    10  stm32_eth.o(.text)
    ETH_GetFlushTransmitFIFOStatus           0x0800137d   Thumb Code    20  stm32_eth.o(.text)
    ETH_DMAITConfig                          0x08001391   Thumb Code    26  stm32_eth.o(.text)
    ETH_GetDMAOverflowStatus                 0x080013ab   Thumb Code    20  stm32_eth.o(.text)
    ETH_GetRxOverflowMissedFrameCounter      0x080013bf   Thumb Code    10  stm32_eth.o(.text)
    ETH_GetBufferUnavailableMissedFrameCounter 0x080013c9   Thumb Code     8  stm32_eth.o(.text)
    ETH_GetCurrentTxDescStartAddress         0x080013d1   Thumb Code     6  stm32_eth.o(.text)
    ETH_GetCurrentRxDescStartAddress         0x080013d7   Thumb Code     6  stm32_eth.o(.text)
    ETH_GetCurrentTxBufferAddress            0x080013dd   Thumb Code     6  stm32_eth.o(.text)
    ETH_GetCurrentRxBufferAddress            0x080013e3   Thumb Code     6  stm32_eth.o(.text)
    ETH_ResumeDMATransmission                0x080013e9   Thumb Code     8  stm32_eth.o(.text)
    ETH_ResumeDMAReception                   0x080013f1   Thumb Code     8  stm32_eth.o(.text)
    ETH_ResetWakeUpFrameFilterRegisterPointer 0x080013f9   Thumb Code    14  stm32_eth.o(.text)
    ETH_SetWakeUpFrameFilterRegister         0x08001407   Thumb Code    24  stm32_eth.o(.text)
    ETH_GlobalUnicastWakeUpCmd               0x0800141f   Thumb Code    30  stm32_eth.o(.text)
    ETH_GetPMTFlagStatus                     0x0800143d   Thumb Code    20  stm32_eth.o(.text)
    ETH_WakeUpFrameDetectionCmd              0x08001451   Thumb Code    48  stm32_eth.o(.text)
    ETH_MagicPacketDetectionCmd              0x08001481   Thumb Code    30  stm32_eth.o(.text)
    ETH_PowerDownCmd                         0x0800149f   Thumb Code    30  stm32_eth.o(.text)
    ETH_MMCCounterFreezeCmd                  0x080014bd   Thumb Code    34  stm32_eth.o(.text)
    ETH_MMCResetOnReadCmd                    0x080014df   Thumb Code    34  stm32_eth.o(.text)
    ETH_MMCCounterRolloverCmd                0x08001501   Thumb Code    34  stm32_eth.o(.text)
    ETH_MMCCountersReset                     0x08001523   Thumb Code    16  stm32_eth.o(.text)
    ETH_MMCITConfig                          0x08001533   Thumb Code    78  stm32_eth.o(.text)
    ETH_GetMMCITStatus                       0x08001581   Thumb Code    66  stm32_eth.o(.text)
    ETH_GetMMCRegister                       0x080015c3   Thumb Code     8  stm32_eth.o(.text)
    ETH_EnablePTPTimeStampAddend             0x080015cb   Thumb Code    14  stm32_eth.o(.text)
    ETH_EnablePTPTimeStampInterruptTrigger   0x080015d9   Thumb Code    14  stm32_eth.o(.text)
    ETH_EnablePTPTimeStampUpdate             0x080015e7   Thumb Code    14  stm32_eth.o(.text)
    ETH_InitializePTPTimeStamp               0x080015f5   Thumb Code    14  stm32_eth.o(.text)
    ETH_PTPUpdateMethodConfig                0x08001603   Thumb Code    30  stm32_eth.o(.text)
    ETH_PTPTimeStampCmd                      0x08001621   Thumb Code    30  stm32_eth.o(.text)
    ETH_GetPTPFlagStatus                     0x0800163f   Thumb Code    20  stm32_eth.o(.text)
    ETH_SetPTPSubSecondIncrement             0x08001653   Thumb Code     8  stm32_eth.o(.text)
    ETH_SetPTPTimeStampUpdate                0x0800165b   Thumb Code    20  stm32_eth.o(.text)
    ETH_SetPTPTimeStampAddend                0x0800166f   Thumb Code     8  stm32_eth.o(.text)
    ETH_SetPTPTargetTime                     0x08001677   Thumb Code    12  stm32_eth.o(.text)
    ETH_GetPTPRegister                       0x08001683   Thumb Code     8  stm32_eth.o(.text)
    ETH_DMAPTPTxDescChainInit                0x0800168b   Thumb Code    98  stm32_eth.o(.text)
    ETH_DMAPTPRxDescChainInit                0x080016ed   Thumb Code   104  stm32_eth.o(.text)
    ETH_HandlePTPTxPkt                       0x08001755   Thumb Code   340  stm32_eth.o(.text)
    ETH_HandlePTPRxPkt                       0x080018a9   Thumb Code   248  stm32_eth.o(.text)
    NVIC_PriorityGroupConfig                 0x080019b1   Thumb Code    10  misc.o(.text)
    NVIC_Init                                0x080019bb   Thumb Code   100  misc.o(.text)
    NVIC_SetVectorTable                      0x08001a1f   Thumb Code    14  misc.o(.text)
    NVIC_SystemLPConfig                      0x08001a2d   Thumb Code    34  misc.o(.text)
    SysTick_CLKSourceConfig                  0x08001a4f   Thumb Code    40  misc.o(.text)
    GPIO_DeInit                              0x08001a8d   Thumb Code   172  stm32f10x_gpio.o(.text)
    GPIO_AFIODeInit                          0x08001b39   Thumb Code    20  stm32f10x_gpio.o(.text)
    GPIO_Init                                0x08001b4d   Thumb Code   278  stm32f10x_gpio.o(.text)
    GPIO_StructInit                          0x08001c63   Thumb Code    16  stm32f10x_gpio.o(.text)
    GPIO_ReadInputDataBit                    0x08001c73   Thumb Code    18  stm32f10x_gpio.o(.text)
    GPIO_ReadInputData                       0x08001c85   Thumb Code     8  stm32f10x_gpio.o(.text)
    GPIO_ReadOutputDataBit                   0x08001c8d   Thumb Code    18  stm32f10x_gpio.o(.text)
    GPIO_ReadOutputData                      0x08001c9f   Thumb Code     8  stm32f10x_gpio.o(.text)
    GPIO_SetBits                             0x08001ca7   Thumb Code     4  stm32f10x_gpio.o(.text)
    GPIO_ResetBits                           0x08001cab   Thumb Code     4  stm32f10x_gpio.o(.text)
    GPIO_WriteBit                            0x08001caf   Thumb Code    10  stm32f10x_gpio.o(.text)
    GPIO_Write                               0x08001cb9   Thumb Code     4  stm32f10x_gpio.o(.text)
    GPIO_PinLockConfig                       0x08001cbd   Thumb Code    18  stm32f10x_gpio.o(.text)
    GPIO_EventOutputConfig                   0x08001ccf   Thumb Code    26  stm32f10x_gpio.o(.text)
    GPIO_EventOutputCmd                      0x08001ce9   Thumb Code     6  stm32f10x_gpio.o(.text)
    GPIO_PinRemapConfig                      0x08001cef   Thumb Code   138  stm32f10x_gpio.o(.text)
    GPIO_EXTILineConfig                      0x08001d79   Thumb Code    66  stm32f10x_gpio.o(.text)
    GPIO_ETH_MediaInterfaceConfig            0x08001dbb   Thumb Code     8  stm32f10x_gpio.o(.text)
    RCC_DeInit                               0x08001de9   Thumb Code    78  stm32f10x_rcc.o(.text)
    RCC_HSEConfig                            0x08001e37   Thumb Code    70  stm32f10x_rcc.o(.text)
    RCC_GetFlagStatus                        0x08001e7d   Thumb Code    56  stm32f10x_rcc.o(.text)
    RCC_WaitForHSEStartUp                    0x08001eb5   Thumb Code    56  stm32f10x_rcc.o(.text)
    RCC_AdjustHSICalibrationValue            0x08001eed   Thumb Code    20  stm32f10x_rcc.o(.text)
    RCC_HSICmd                               0x08001f01   Thumb Code     6  stm32f10x_rcc.o(.text)
    RCC_PLLConfig                            0x08001f07   Thumb Code    24  stm32f10x_rcc.o(.text)
    RCC_PLLCmd                               0x08001f1f   Thumb Code     6  stm32f10x_rcc.o(.text)
    RCC_PREDIV1Config                        0x08001f25   Thumb Code    24  stm32f10x_rcc.o(.text)
    RCC_PREDIV2Config                        0x08001f3d   Thumb Code    18  stm32f10x_rcc.o(.text)
    RCC_PLL2Config                           0x08001f4f   Thumb Code    18  stm32f10x_rcc.o(.text)
    RCC_PLL2Cmd                              0x08001f61   Thumb Code     6  stm32f10x_rcc.o(.text)
    RCC_PLL3Config                           0x08001f67   Thumb Code    18  stm32f10x_rcc.o(.text)
    RCC_PLL3Cmd                              0x08001f79   Thumb Code     6  stm32f10x_rcc.o(.text)
    RCC_SYSCLKConfig                         0x08001f7f   Thumb Code    18  stm32f10x_rcc.o(.text)
    RCC_GetSYSCLKSource                      0x08001f91   Thumb Code    10  stm32f10x_rcc.o(.text)
    RCC_HCLKConfig                           0x08001f9b   Thumb Code    18  stm32f10x_rcc.o(.text)
    RCC_PCLK1Config                          0x08001fad   Thumb Code    18  stm32f10x_rcc.o(.text)
    RCC_PCLK2Config                          0x08001fbf   Thumb Code    20  stm32f10x_rcc.o(.text)
    RCC_ITConfig                             0x08001fd3   Thumb Code    26  stm32f10x_rcc.o(.text)
    RCC_OTGFSCLKConfig                       0x08001fed   Thumb Code     8  stm32f10x_rcc.o(.text)
    RCC_ADCCLKConfig                         0x08001ff5   Thumb Code    18  stm32f10x_rcc.o(.text)
    RCC_I2S2CLKConfig                        0x08002007   Thumb Code     6  stm32f10x_rcc.o(.text)
    RCC_I2S3CLKConfig                        0x0800200d   Thumb Code     8  stm32f10x_rcc.o(.text)
    RCC_LSEConfig                            0x08002015   Thumb Code    50  stm32f10x_rcc.o(.text)
    RCC_LSICmd                               0x08002047   Thumb Code     6  stm32f10x_rcc.o(.text)
    RCC_RTCCLKConfig                         0x0800204d   Thumb Code    12  stm32f10x_rcc.o(.text)
    RCC_RTCCLKCmd                            0x08002059   Thumb Code     8  stm32f10x_rcc.o(.text)
    RCC_GetClocksFreq                        0x08002061   Thumb Code   424  stm32f10x_rcc.o(.text)
    RCC_AHBPeriphClockCmd                    0x08002209   Thumb Code    26  stm32f10x_rcc.o(.text)
    RCC_APB2PeriphClockCmd                   0x08002223   Thumb Code    26  stm32f10x_rcc.o(.text)
    RCC_APB1PeriphClockCmd                   0x0800223d   Thumb Code    26  stm32f10x_rcc.o(.text)
    RCC_AHBPeriphResetCmd                    0x08002257   Thumb Code    26  stm32f10x_rcc.o(.text)
    RCC_APB2PeriphResetCmd                   0x08002271   Thumb Code    26  stm32f10x_rcc.o(.text)
    RCC_APB1PeriphResetCmd                   0x0800228b   Thumb Code    26  stm32f10x_rcc.o(.text)
    RCC_BackupResetCmd                       0x080022a5   Thumb Code     6  stm32f10x_rcc.o(.text)
    RCC_ClockSecuritySystemCmd               0x080022ab   Thumb Code     6  stm32f10x_rcc.o(.text)
    RCC_MCOConfig                            0x080022b1   Thumb Code     6  stm32f10x_rcc.o(.text)
    RCC_ClearFlag                            0x080022b7   Thumb Code    14  stm32f10x_rcc.o(.text)
    RCC_GetITStatus                          0x080022c5   Thumb Code    20  stm32f10x_rcc.o(.text)
    RCC_ClearITPendingBit                    0x080022d9   Thumb Code     6  stm32f10x_rcc.o(.text)
    ETH_TxPkt_ChainMode                      0x0800237f   Thumb Code    94  ethernetif.o(.text)
    ETH_GetCurrentTxBuffer                   0x080023dd   Thumb Code     8  ethernetif.o(.text)
    ETH_RxPkt_ChainMode                      0x08002419   Thumb Code   148  ethernetif.o(.text)
    ethernetif_input                         0x0800251b   Thumb Code    44  ethernetif.o(.text)
    ethernetif_init                          0x08002547   Thumb Code    44  ethernetif.o(.text)
    etharp_tmr                               0x080025d7   Thumb Code   136  etharp.o(.text)
    etharp_cleanup_netif                     0x080028fb   Thumb Code    52  etharp.o(.text)
    etharp_find_addr                         0x0800292f   Thumb Code    96  etharp.o(.text)
    etharp_request                           0x08002b71   Thumb Code    36  etharp.o(.text)
    etharp_query                             0x08002c11   Thumb Code   394  etharp.o(.text)
    etharp_output                            0x08002d9b   Thumb Code   332  etharp.o(.text)
    ethernet_input                           0x08002ee7   Thumb Code   198  etharp.o(.text)
    lwip_htons                               0x08002fad   Thumb Code    12  def.o(.text)
    lwip_ntohs                               0x08002fb9   Thumb Code    12  def.o(.text)
    lwip_htonl                               0x08002fc5   Thumb Code    26  def.o(.text)
    lwip_ntohl                               0x08002fdf   Thumb Code    12  def.o(.text)
    lwip_init                                0x08002feb   Thumb Code    28  init.o(.text)
    mem_init                                 0x080030b1   Thumb Code    74  mem.o(.text)
    mem_free                                 0x080030fb   Thumb Code   106  mem.o(.text)
    mem_trim                                 0x08003165   Thumb Code   316  mem.o(.text)
    mem_malloc                               0x080032a1   Thumb Code   282  mem.o(.text)
    mem_calloc                               0x080033bb   Thumb Code    34  mem.o(.text)
    memp_init                                0x080033ed   Thumb Code    82  memp.o(.text)
    memp_malloc                              0x0800343f   Thumb Code    54  memp.o(.text)
    memp_free                                0x08003475   Thumb Code    38  memp.o(.text)
    netif_init                               0x080034ad   Thumb Code     2  netif.o(.text)
    netif_set_gw                             0x080034af   Thumb Code    12  netif.o(.text)
    netif_set_netmask                        0x080034bb   Thumb Code    12  netif.o(.text)
    netif_set_ipaddr                         0x080034c7   Thumb Code   110  netif.o(.text)
    netif_set_addr                           0x08003535   Thumb Code    40  netif.o(.text)
    netif_add                                0x0800355d   Thumb Code   106  netif.o(.text)
    netif_set_default                        0x080035c7   Thumb Code     6  netif.o(.text)
    netif_set_down                           0x080035cd   Thumb Code    42  netif.o(.text)
    netif_remove                             0x080035f7   Thumb Code    90  netif.o(.text)
    netif_find                               0x08003651   Thumb Code    64  netif.o(.text)
    netif_set_up                             0x08003691   Thumb Code    54  netif.o(.text)
    netif_set_link_up                        0x080036c7   Thumb Code    54  netif.o(.text)
    netif_set_link_down                      0x080036fd   Thumb Code    24  netif.o(.text)
    pbuf_free                                0x08003729   Thumb Code   186  pbuf.o(.text)
    pbuf_alloc                               0x080037e3   Thumb Code   514  pbuf.o(.text)
    pbuf_alloced_custom                      0x080039e5   Thumb Code   112  pbuf.o(.text)
    pbuf_realloc                             0x08003a55   Thumb Code   176  pbuf.o(.text)
    pbuf_header                              0x08003b05   Thumb Code   140  pbuf.o(.text)
    pbuf_clen                                0x08003b91   Thumb Code    18  pbuf.o(.text)
    pbuf_ref                                 0x08003ba3   Thumb Code    10  pbuf.o(.text)
    pbuf_cat                                 0x08003bad   Thumb Code    80  pbuf.o(.text)
    pbuf_chain                               0x08003bfd   Thumb Code    22  pbuf.o(.text)
    pbuf_dechain                             0x08003c13   Thumb Code    84  pbuf.o(.text)
    pbuf_copy                                0x08003c67   Thumb Code   228  pbuf.o(.text)
    pbuf_copy_partial                        0x08003d4b   Thumb Code   154  pbuf.o(.text)
    pbuf_take                                0x08003de5   Thumb Code   138  pbuf.o(.text)
    pbuf_coalesce                            0x08003e6f   Thumb Code    66  pbuf.o(.text)
    pbuf_get_at                              0x08003eb1   Thumb Code    46  pbuf.o(.text)
    pbuf_memcmp                              0x08003edf   Thumb Code    96  pbuf.o(.text)
    pbuf_memfind                             0x08003f3f   Thumb Code    76  pbuf.o(.text)
    pbuf_strstr                              0x08003f8b   Thumb Code    60  pbuf.o(.text)
    raw_input                                0x08003fc9   Thumb Code   102  raw.o(.text)
    raw_bind                                 0x0800402f   Thumb Code    16  raw.o(.text)
    raw_connect                              0x0800403f   Thumb Code    16  raw.o(.text)
    raw_recv                                 0x0800404f   Thumb Code     6  raw.o(.text)
    raw_sendto                               0x08004055   Thumb Code   162  raw.o(.text)
    raw_send                                 0x080040f7   Thumb Code    18  raw.o(.text)
    raw_remove                               0x08004109   Thumb Code    60  raw.o(.text)
    raw_new                                  0x08004145   Thumb Code    42  raw.o(.text)
    tcp_init                                 0x0800417d   Thumb Code     2  tcp.o(.text)
    tcp_seg_free                             0x0800417f   Thumb Code    26  tcp.o(.text)
    tcp_segs_free                            0x08004199   Thumb Code    24  tcp.o(.text)
    tcp_pcb_purge                            0x080041b1   Thumb Code    64  tcp.o(.text)
    tcp_slowtmr                              0x080041f1   Thumb Code   872  tcp.o(.text)
    tcp_pcb_remove                           0x08004559   Thumb Code   192  tcp.o(.text)
    tcp_close                                0x080047d5   Thumb Code    28  tcp.o(.text)
    tcp_update_rcv_ann_wnd                   0x080047f1   Thumb Code    88  tcp.o(.text)
    tcp_recved                               0x08004849   Thumb Code    96  tcp.o(.text)
    tcp_recv_null                            0x080048a9   Thumb Code    46  tcp.o(.text)
    tcp_process_refused_data                 0x080048d7   Thumb Code   140  tcp.o(.text)
    tcp_fasttmr                              0x08004963   Thumb Code   110  tcp.o(.text)
    tcp_tmr                                  0x080049d1   Thumb Code    30  tcp.o(.text)
    tcp_shutdown                             0x080049ef   Thumb Code   132  tcp.o(.text)
    tcp_abandon                              0x08004a73   Thumb Code   146  tcp.o(.text)
    tcp_abort                                0x08004b05   Thumb Code    14  tcp.o(.text)
    tcp_bind                                 0x08004b73   Thumb Code   146  tcp.o(.text)
    tcp_listen_with_backlog                  0x08004c0d   Thumb Code   202  tcp.o(.text)
    tcp_eff_send_mss                         0x08004cd7   Thumb Code    46  tcp.o(.text)
    tcp_next_iss                             0x08004d05   Thumb Code    20  tcp.o(.text)
    tcp_connect                              0x08004d19   Thumb Code   328  tcp.o(.text)
    tcp_setprio                              0x08004e61   Thumb Code     4  tcp.o(.text)
    tcp_alloc                                0x08004f0f   Thumb Code   174  tcp.o(.text)
    tcp_new                                  0x08004fbd   Thumb Code    10  tcp.o(.text)
    tcp_arg                                  0x08004fc7   Thumb Code     4  tcp.o(.text)
    tcp_recv                                 0x08004fcb   Thumb Code    18  tcp.o(.text)
    tcp_sent                                 0x08004fdd   Thumb Code    18  tcp.o(.text)
    tcp_err                                  0x08004fef   Thumb Code    20  tcp.o(.text)
    tcp_accept                               0x08005003   Thumb Code     4  tcp.o(.text)
    tcp_poll                                 0x08005007   Thumb Code    24  tcp.o(.text)
    tcp_debug_state_str                      0x0800501f   Thumb Code    10  tcp.o(.text)
    tcp_input                                0x08005ee3   Thumb Code  1194  tcp_in.o(.text)
    tcp_enqueue_flags                        0x080064f3   Thumb Code   326  tcp_out.o(.text)
    tcp_send_fin                             0x08006639   Thumb Code    74  tcp_out.o(.text)
    tcp_write                                0x0800678b   Thumb Code   998  tcp_out.o(.text)
    tcp_send_empty_ack                       0x08006b71   Thumb Code    78  tcp_out.o(.text)
    tcp_output                               0x08006c89   Thumb Code   464  tcp_out.o(.text)
    tcp_rst                                  0x08006e59   Thumb Code   134  tcp_out.o(.text)
    tcp_rexmit_rto                           0x08006edf   Thumb Code    58  tcp_out.o(.text)
    tcp_rexmit                               0x08006f19   Thumb Code    90  tcp_out.o(.text)
    tcp_rexmit_fast                          0x08006f73   Thumb Code   112  tcp_out.o(.text)
    tcp_keepalive                            0x08006fe3   Thumb Code    78  tcp_out.o(.text)
    tcp_zero_window_probe                    0x08007031   Thumb Code   164  tcp_out.o(.text)
    sys_timeout                              0x080070d5   Thumb Code   158  timers.o(.text)
    tcp_timer_needed                         0x0800719b   Thumb Code    38  timers.o(.text)
    sys_timeouts_init                        0x080071ed   Thumb Code    36  timers.o(.text)
    sys_untimeout                            0x08007211   Thumb Code    90  timers.o(.text)
    sys_check_timeouts                       0x0800726b   Thumb Code    92  timers.o(.text)
    sys_restart_timeouts                     0x080072c7   Thumb Code    12  timers.o(.text)
    udp_init                                 0x080072f5   Thumb Code     2  udp.o(.text)
    udp_input                                0x08007347   Thumb Code   406  udp.o(.text)
    udp_bind                                 0x080074dd   Thumb Code   132  udp.o(.text)
    udp_sendto_if                            0x08007561   Thumb Code   216  udp.o(.text)
    udp_sendto                               0x08007639   Thumb Code    46  udp.o(.text)
    udp_send                                 0x08007667   Thumb Code    20  udp.o(.text)
    udp_connect                              0x0800767b   Thumb Code   110  udp.o(.text)
    udp_disconnect                           0x080076e9   Thumb Code    16  udp.o(.text)
    udp_recv                                 0x080076f9   Thumb Code     6  udp.o(.text)
    udp_remove                               0x080076ff   Thumb Code    60  udp.o(.text)
    udp_new                                  0x0800773b   Thumb Code    28  udp.o(.text)
    icmp_input                               0x0800775d   Thumb Code   378  icmp.o(.text)
    icmp_dest_unreach                        0x08007951   Thumb Code    18  icmp.o(.text)
    icmp_time_exceeded                       0x08007963   Thumb Code    18  icmp.o(.text)
    inet_chksum_pseudo                       0x080079db   Thumb Code   162  inet_chksum.o(.text)
    inet_chksum_pseudo_partial               0x08007a7d   Thumb Code   196  inet_chksum.o(.text)
    inet_chksum                              0x08007b41   Thumb Code    20  inet_chksum.o(.text)
    inet_chksum_pbuf                         0x08007b55   Thumb Code    86  inet_chksum.o(.text)
    ip_route                                 0x08007bad   Thumb Code    76  ip.o(.text)
    ip_input                                 0x08007bf9   Thumb Code   376  ip.o(.text)
    ip_output_if                             0x08007d71   Thumb Code   212  ip.o(.text)
    ip_output                                0x08007e45   Thumb Code    66  ip.o(.text)
    ip4_addr_isbroadcast                     0x08007ea5   Thumb Code    78  ip_addr.o(.text)
    ip4_addr_netmask_valid                   0x08007ef3   Thumb Code    56  ip_addr.o(.text)
    ipaddr_aton                              0x08007f2b   Thumb Code   352  ip_addr.o(.text)
    ipaddr_addr                              0x0800808b   Thumb Code    24  ip_addr.o(.text)
    ipaddr_ntoa_r                            0x080080a3   Thumb Code   168  ip_addr.o(.text)
    ipaddr_ntoa                              0x0800814b   Thumb Code    16  ip_addr.o(.text)
    ip_reass_tmr                             0x08008263   Thumb Code    48  ip_frag.o(.text)
    ip_reass                                 0x080084fb   Thumb Code   396  ip_frag.o(.text)
    ip_frag                                  0x080086d7   Thumb Code   434  ip_frag.o(.text)
    sys_now                                  0x08008895   Thumb Code     6  sys_arch.o(.text)
    memcmp                                   0x080088a1   Thumb Code    88  memcmp.o(.text)
    strlen                                   0x080088f9   Thumb Code    62  strlen.o(.text)
    __aeabi_memcpy                           0x08008937   Thumb Code     0  rt_memcpy_v6.o(.text)
    __rt_memcpy                              0x08008937   Thumb Code   138  rt_memcpy_v6.o(.text)
    _memcpy_lastbytes                        0x0800899d   Thumb Code     0  rt_memcpy_v6.o(.text)
    __aeabi_memclr                           0x080089c1   Thumb Code     0  rt_memclr.o(.text)
    __rt_memclr                              0x080089c1   Thumb Code    68  rt_memclr.o(.text)
    _memset                                  0x080089c5   Thumb Code     0  rt_memclr.o(.text)
    __aeabi_memclr4                          0x08008a05   Thumb Code     0  rt_memclr_w.o(.text)
    __aeabi_memclr8                          0x08008a05   Thumb Code     0  rt_memclr_w.o(.text)
    __rt_memclr_w                            0x08008a05   Thumb Code    78  rt_memclr_w.o(.text)
    _memset_w                                0x08008a09   Thumb Code     0  rt_memclr_w.o(.text)
    __use_two_region_memory                  0x08008a53   Thumb Code     2  heapauxi.o(.text)
    __rt_heap_escrow$2region                 0x08008a55   Thumb Code     2  heapauxi.o(.text)
    __rt_heap_expand$2region                 0x08008a57   Thumb Code     2  heapauxi.o(.text)
    __aeabi_memcpy4                          0x08008a59   Thumb Code     0  rt_memcpy_w.o(.text)
    __aeabi_memcpy8                          0x08008a59   Thumb Code     0  rt_memcpy_w.o(.text)
    __rt_memcpy_w                            0x08008a59   Thumb Code   100  rt_memcpy_w.o(.text)
    _memcpy_lastbytes_aligned                0x08008aa1   Thumb Code     0  rt_memcpy_w.o(.text)
    __user_setup_stackheap                   0x08008abd   Thumb Code    74  sys_stackheap_outer.o(.text)
    exit                                     0x08008b07   Thumb Code    12  exit.o(.text)
    __user_libspace                          0x08008b15   Thumb Code     8  libspace.o(.text)
    __user_perproc_libspace                  0x08008b15   Thumb Code     0  libspace.o(.text)
    __user_perthread_libspace                0x08008b15   Thumb Code     0  libspace.o(.text)
    _sys_exit                                0x08008b1d   Thumb Code     8  sys_exit.o(.text)
    __I$use$semihosting                      0x08008b29   Thumb Code     0  use_no_semi.o(.text)
    __use_no_semihosting_swi                 0x08008b29   Thumb Code     2  use_no_semi.o(.text)
    __semihosting_library_function           0x08008b2b   Thumb Code     0  indicate_semi.o(.text)
    ethbroadcast                             0x08008b2a   Data           6  etharp.o(.constdata)
    ethzero                                  0x08008b30   Data           6  etharp.o(.constdata)
    tcp_state_str                            0x08008b60   Data          44  tcp.o(.constdata)
    tcp_backoff                              0x08008b8c   Data          13  tcp.o(.constdata)
    tcp_persist_backoff                      0x08008b99   Data           7  tcp.o(.constdata)
    tcp_pcb_lists                            0x08008ba0   Data          16  tcp.o(.constdata)
    Region$$Table$$Base                      0x08008c28   Number         0  anon$$obj.o(Region$$Table)
    Region$$Table$$Limit                     0x08008c48   Number         0  anon$$obj.o(Region$$Table)
    LWipTime                                 0x20000000   Data           4  main.o(.data)
    SystemCoreClock                          0x20000004   Data           4  system_stm32f10x.o(.data)
    AHBPrescTable                            0x20000008   Data          16  system_stm32f10x.o(.data)
    MACaddr                                  0x20000018   Data           6  test.o(.data)
    TCPTimer                                 0x20000020   Data           4  test.o(.data)
    ARPTimer                                 0x20000024   Data           4  test.o(.data)
    IGMP_UP_Time                             0x20000028   Data           1  test.o(.data)
    EthInitStatus                            0x20000029   Data           1  test.o(.data)
    DMATxDescToSet                           0x2000002c   Data           4  stm32_eth.o(.data)
    DMARxDescToGet                           0x20000030   Data           4  stm32_eth.o(.data)
    DMAPTPTxDescToSet                        0x20000034   Data           4  stm32_eth.o(.data)
    DMAPTPRxDescToGet                        0x20000038   Data           4  stm32_eth.o(.data)
    netif_list                               0x20000060   Data           4  netif.o(.data)
    netif_default                            0x20000064   Data           4  netif.o(.data)
    tcp_ticks                                0x20000074   Data           4  tcp.o(.data)
    tcp_bound_pcbs                           0x20000078   Data           4  tcp.o(.data)
    tcp_listen_pcbs                          0x2000007c   Data           4  tcp.o(.data)
    tcp_active_pcbs                          0x20000080   Data           4  tcp.o(.data)
    tcp_tw_pcbs                              0x20000084   Data           4  tcp.o(.data)
    tcp_tmp_pcb                              0x20000088   Data           4  tcp.o(.data)
    tcp_active_pcbs_changed                  0x2000008c   Data           1  tcp.o(.data)
    tcp_input_pcb                            0x200000b0   Data           4  tcp_in.o(.data)
    udp_pcbs                                 0x200000c4   Data           4  udp.o(.data)
    current_netif                            0x200000c8   Data           4  ip.o(.data)
    current_header                           0x200000cc   Data           4  ip.o(.data)
    current_iphdr_src                        0x200000d0   Data           4  ip.o(.data)
    current_iphdr_dest                       0x200000d4   Data           4  ip.o(.data)
    netif                                    0x200000e4   Data          48  test.o(.bss)
    DMARxDscrTab                             0x20000114   Data          80  ethernetif.o(.bss)
    DMATxDscrTab                             0x20000164   Data          80  ethernetif.o(.bss)
    Rx_Buff                                  0x200001b4   Data        7600  ethernetif.o(.bss)
    Tx_Buff                                  0x20001f64   Data        7600  ethernetif.o(.bss)
    ram_heap                                 0x20003ddc   Data       16020  mem.o(.bss)
    __libspace_start                         0x2000b1b4   Data          96  libspace.o(.bss)
    __temporary_stack_top$libspace           0x2000b214   Data           0  libspace.o(.bss)



==============================================================================

Memory Map of the image

  Image Entry point : 0x08000151

  Load Region LR_IROM1 (Base: 0x08000000, Size: 0x00008d2c, Max: 0x00040000, ABSOLUTE)

    Execution Region ER_IROM1 (Base: 0x08000000, Size: 0x00008c48, Max: 0x00040000, ABSOLUTE)

    Base Addr    Size         Type   Attr      Idx    E Section Name        Object

    0x08000000   0x00000150   Data   RO          255    RESET               startup_stm32f10x_cl.o
    0x08000150   0x00000008   Code   RO         1095  * !!!main             c_w.l(__main.o)
    0x08000158   0x00000034   Code   RO         1253    !!!scatter          c_w.l(__scatter.o)
    0x0800018c   0x0000001a   Code   RO         1255    !!handler_copy      c_w.l(__scatter_copy.o)
    0x080001a6   0x00000002   PAD
    0x080001a8   0x0000001c   Code   RO         1257    !!handler_zi        c_w.l(__scatter_zi.o)
    0x080001c4   0x00000002   Code   RO         1124    .ARM.Collect$$libinit$$00000000  c_w.l(libinit.o)
    0x080001c6   0x00000000   Code   RO         1131    .ARM.Collect$$libinit$$00000002  c_w.l(libinit2.o)
    0x080001c6   0x00000000   Code   RO         1133    .ARM.Collect$$libinit$$00000004  c_w.l(libinit2.o)
    0x080001c6   0x00000000   Code   RO         1136    .ARM.Collect$$libinit$$0000000A  c_w.l(libinit2.o)
    0x080001c6   0x00000000   Code   RO         1138    .ARM.Collect$$libinit$$0000000C  c_w.l(libinit2.o)
    0x080001c6   0x00000000   Code   RO         1140    .ARM.Collect$$libinit$$0000000E  c_w.l(libinit2.o)
    0x080001c6   0x00000000   Code   RO         1143    .ARM.Collect$$libinit$$00000011  c_w.l(libinit2.o)
    0x080001c6   0x00000000   Code   RO         1145    .ARM.Collect$$libinit$$00000013  c_w.l(libinit2.o)
    0x080001c6   0x00000000   Code   RO         1147    .ARM.Collect$$libinit$$00000015  c_w.l(libinit2.o)
    0x080001c6   0x00000000   Code   RO         1149    .ARM.Collect$$libinit$$00000017  c_w.l(libinit2.o)
    0x080001c6   0x00000000   Code   RO         1151    .ARM.Collect$$libinit$$00000019  c_w.l(libinit2.o)
    0x080001c6   0x00000000   Code   RO         1153    .ARM.Collect$$libinit$$0000001B  c_w.l(libinit2.o)
    0x080001c6   0x00000000   Code   RO         1155    .ARM.Collect$$libinit$$0000001D  c_w.l(libinit2.o)
    0x080001c6   0x00000000   Code   RO         1157    .ARM.Collect$$libinit$$0000001F  c_w.l(libinit2.o)
    0x080001c6   0x00000000   Code   RO         1159    .ARM.Collect$$libinit$$00000021  c_w.l(libinit2.o)
    0x080001c6   0x00000000   Code   RO         1161    .ARM.Collect$$libinit$$00000023  c_w.l(libinit2.o)
    0x080001c6   0x00000000   Code   RO         1163    .ARM.Collect$$libinit$$00000025  c_w.l(libinit2.o)
    0x080001c6   0x00000000   Code   RO         1167    .ARM.Collect$$libinit$$0000002C  c_w.l(libinit2.o)
    0x080001c6   0x00000000   Code   RO         1169    .ARM.Collect$$libinit$$0000002E  c_w.l(libinit2.o)
    0x080001c6   0x00000000   Code   RO         1171    .ARM.Collect$$libinit$$00000030  c_w.l(libinit2.o)
    0x080001c6   0x00000000   Code   RO         1173    .ARM.Collect$$libinit$$00000032  c_w.l(libinit2.o)
    0x080001c6   0x00000002   Code   RO         1174    .ARM.Collect$$libinit$$00000033  c_w.l(libinit2.o)
    0x080001c8   0x00000002   Code   RO         1194    .ARM.Collect$$libshutdown$$00000000  c_w.l(libshutdown.o)
    0x080001ca   0x00000000   Code   RO         1208    .ARM.Collect$$libshutdown$$00000003  c_w.l(libshutdown2.o)
    0x080001ca   0x00000000   Code   RO         1211    .ARM.Collect$$libshutdown$$00000006  c_w.l(libshutdown2.o)
    0x080001ca   0x00000000   Code   RO         1214    .ARM.Collect$$libshutdown$$00000009  c_w.l(libshutdown2.o)
    0x080001ca   0x00000000   Code   RO         1216    .ARM.Collect$$libshutdown$$0000000B  c_w.l(libshutdown2.o)
    0x080001ca   0x00000000   Code   RO         1219    .ARM.Collect$$libshutdown$$0000000E  c_w.l(libshutdown2.o)
    0x080001ca   0x00000002   Code   RO         1220    .ARM.Collect$$libshutdown$$0000000F  c_w.l(libshutdown2.o)
    0x080001cc   0x00000000   Code   RO         1097    .ARM.Collect$$rtentry$$00000000  c_w.l(__rtentry.o)
    0x080001cc   0x00000000   Code   RO         1101    .ARM.Collect$$rtentry$$00000002  c_w.l(__rtentry2.o)
    0x080001cc   0x00000006   Code   RO         1113    .ARM.Collect$$rtentry$$00000004  c_w.l(__rtentry4.o)
    0x080001d2   0x00000000   Code   RO         1103    .ARM.Collect$$rtentry$$00000009  c_w.l(__rtentry2.o)
    0x080001d2   0x00000004   Code   RO         1104    .ARM.Collect$$rtentry$$0000000A  c_w.l(__rtentry2.o)
    0x080001d6   0x00000000   Code   RO         1106    .ARM.Collect$$rtentry$$0000000C  c_w.l(__rtentry2.o)
    0x080001d6   0x00000008   Code   RO         1107    .ARM.Collect$$rtentry$$0000000D  c_w.l(__rtentry2.o)
    0x080001de   0x00000002   Code   RO         1128    .ARM.Collect$$rtexit$$00000000  c_w.l(rtexit.o)
    0x080001e0   0x00000000   Code   RO         1176    .ARM.Collect$$rtexit$$00000002  c_w.l(rtexit2.o)
    0x080001e0   0x00000004   Code   RO         1177    .ARM.Collect$$rtexit$$00000003  c_w.l(rtexit2.o)
    0x080001e4   0x00000006   Code   RO         1178    .ARM.Collect$$rtexit$$00000004  c_w.l(rtexit2.o)
    0x080001ea   0x00000002   PAD
    0x080001ec   0x00000250   Code   RO            1    .text               main.o
    0x0800043c   0x00000048   Code   RO          108    .text               stm32f10x_it.o
    0x08000484   0x00000284   Code   RO          128    .text               system_stm32f10x.o
    0x08000708   0x00000114   Code   RO          146    .text               test.o
    0x0800081c   0x00000040   Code   RO          256    .text               startup_stm32f10x_cl.o
    0x0800085c   0x00001154   Code   RO          260    .text               stm32_eth.o
    0x080019b0   0x000000dc   Code   RO          301    .text               misc.o
    0x08001a8c   0x0000035c   Code   RO          445    .text               stm32f10x_gpio.o
    0x08001de8   0x00000504   Code   RO          493    .text               stm32f10x_rcc.o
    0x080022ec   0x000002b0   Code   RO          579    .text               ethernetif.o
    0x0800259c   0x00000a10   Code   RO          611    .text               etharp.o
    0x08002fac   0x0000003e   Code   RO          688    .text               def.o
    0x08002fea   0x0000001c   Code   RO          712    .text               init.o
    0x08003006   0x00000002   PAD
    0x08003008   0x000003e4   Code   RO          755    .text               mem.o
    0x080033ec   0x000000c0   Code   RO          771    .text               memp.o
    0x080034ac   0x0000027c   Code   RO          792    .text               netif.o
    0x08003728   0x0000089e   Code   RO          814    .text               pbuf.o
    0x08003fc6   0x00000002   PAD
    0x08003fc8   0x000001b4   Code   RO          829    .text               raw.o
    0x0800417c   0x00000ec0   Code   RO          855    .text               tcp.o
    0x0800503c   0x00001384   Code   RO          879    .text               tcp_in.o
    0x080063c0   0x00000d14   Code   RO          905    .text               tcp_out.o
    0x080070d4   0x00000220   Code   RO          917    .text               timers.o
    0x080072f4   0x00000468   Code   RO          931    .text               udp.o
    0x0800775c   0x00000220   Code   RO          955    .text               icmp.o
    0x0800797c   0x0000022e   Code   RO          986    .text               inet_chksum.o
    0x08007baa   0x00000002   PAD
    0x08007bac   0x000002f8   Code   RO         1001    .text               ip.o
    0x08007ea4   0x000002bc   Code   RO         1022    .text               ip_addr.o
    0x08008160   0x00000734   Code   RO         1045    .text               ip_frag.o
    0x08008894   0x0000000c   Code   RO         1059    .text               sys_arch.o
    0x080088a0   0x00000058   Code   RO         1083    .text               c_w.l(memcmp.o)
    0x080088f8   0x0000003e   Code   RO         1085    .text               c_w.l(strlen.o)
    0x08008936   0x0000008a   Code   RO         1087    .text               c_w.l(rt_memcpy_v6.o)
    0x080089c0   0x00000044   Code   RO         1089    .text               c_w.l(rt_memclr.o)
    0x08008a04   0x0000004e   Code   RO         1091    .text               c_w.l(rt_memclr_w.o)
    0x08008a52   0x00000006   Code   RO         1093    .text               c_w.l(heapauxi.o)
    0x08008a58   0x00000064   Code   RO         1098    .text               c_w.l(rt_memcpy_w.o)
    0x08008abc   0x0000004a   Code   RO         1115    .text               c_w.l(sys_stackheap_outer.o)
    0x08008b06   0x0000000c   Code   RO         1117    .text               c_w.l(exit.o)
    0x08008b12   0x00000002   PAD
    0x08008b14   0x00000008   Code   RO         1125    .text               c_w.l(libspace.o)
    0x08008b1c   0x0000000c   Code   RO         1186    .text               c_w.l(sys_exit.o)
    0x08008b28   0x00000002   Code   RO         1197    .text               c_w.l(use_no_semi.o)
    0x08008b2a   0x00000000   Code   RO         1199    .text               c_w.l(indicate_semi.o)
    0x08008b2a   0x0000000c   Data   RO          613    .constdata          etharp.o
    0x08008b36   0x00000028   Data   RO          773    .constdata          memp.o
    0x08008b5e   0x00000002   PAD
    0x08008b60   0x00000050   Data   RO          856    .constdata          tcp.o
    0x08008bb0   0x00000075   Data   RO          857    .conststring        tcp.o
    0x08008c25   0x00000003   PAD
    0x08008c28   0x00000020   Data   RO         1251    Region$$Table       anon$$obj.o


    Execution Region RW_IRAM1 (Base: 0x20000000, Size: 0x0000b818, Max: 0x00010000, ABSOLUTE)

    Base Addr    Size         Type   Attr      Idx    E Section Name        Object

    0x20000000   0x00000004   Data   RW            2    .data               main.o
    0x20000004   0x00000014   Data   RW          129    .data               system_stm32f10x.o
    0x20000018   0x00000012   Data   RW          148    .data               test.o
    0x2000002a   0x00000002   PAD
    0x2000002c   0x00000010   Data   RW          261    .data               stm32_eth.o
    0x2000003c   0x00000014   Data   RW          494    .data               stm32f10x_rcc.o
    0x20000050   0x00000001   Data   RW          614    .data               etharp.o
    0x20000051   0x00000003   PAD
    0x20000054   0x0000000c   Data   RW          757    .data               mem.o
    0x20000060   0x00000009   Data   RW          793    .data               netif.o
    0x20000069   0x00000003   PAD
    0x2000006c   0x00000004   Data   RW          830    .data               raw.o
    0x20000070   0x00000024   Data   RW          858    .data               tcp.o
    0x20000094   0x00000020   Data   RW          881    .data               tcp_in.o
    0x200000b4   0x0000000c   Data   RW          918    .data               timers.o
    0x200000c0   0x00000008   Data   RW          932    .data               udp.o
    0x200000c8   0x00000012   Data   RW         1002    .data               ip.o
    0x200000da   0x00000002   PAD
    0x200000dc   0x00000006   Data   RW         1046    .data               ip_frag.o
    0x200000e2   0x00000002   PAD
    0x200000e4   0x00000030   Zero   RW          147    .bss                test.o
    0x20000114   0x00003c00   Zero   RW          580    .bss                ethernetif.o
    0x20003d14   0x000000c8   Zero   RW          612    .bss                etharp.o
    0x20003ddc   0x00003e94   Zero   RW          756    .bss                mem.o
    0x20007c70   0x00003523   Zero   RW          772    .bss                memp.o
    0x2000b193   0x00000001   PAD
    0x2000b194   0x00000010   Zero   RW          880    .bss                tcp_in.o
    0x2000b1a4   0x00000010   Zero   RW         1023    .bss                ip_addr.o
    0x2000b1b4   0x00000060   Zero   RW         1126    .bss                c_w.l(libspace.o)
    0x2000b214   0x00000004   PAD
    0x2000b218   0x00000200   Zero   RW          254    HEAP                startup_stm32f10x_cl.o
    0x2000b418   0x00000400   Zero   RW          253    STACK               startup_stm32f10x_cl.o


==============================================================================

Image component sizes


      Code (inc. data)   RO Data    RW Data    ZI Data      Debug   Object Name

         0          0          0          0          0         32   core_cm3.o
        62          0          0          0          0       1086   def.o
      2576         22         12          1        200       9627   etharp.o
       688         42          0          0      15360       4026   ethernetif.o
       544          8          0          0          0       2486   icmp.o
         0          0          0          0          0       3824   inet.o
       558          0          0          0          0       2941   inet_chksum.o
        28          0          0          0          0       1176   init.o
       760         30          0         18          0       6019   ip.o
       700         12          0          0         16       8967   ip_addr.o
      1844         20          0          6          0       6560   ip_frag.o
       592         30          0          4          0     297001   main.o
       996         16          0         12      16020       3842   mem.o
       192         18         40          0      13603       2438   memp.o
       220         22          0          0          0       1801   misc.o
       636         20          0          9          0       6045   netif.o
      2206          0          0          0          0       8753   pbuf.o
       436         14          0          4          0       3277   raw.o
        64         26        336          0       1536        796   startup_stm32f10x_cl.o
      4436        122          0         16          0     245177   stm32_eth.o
       860         38          0          0          0       5645   stm32f10x_gpio.o
        72          4          0          0          0       1445   stm32f10x_it.o
      1284         64          0         20          0      11182   stm32f10x_rcc.o
        12          6          0          0          0        450   sys_arch.o
       644         48          0         20          0       1899   system_stm32f10x.o
      3776        140        197         36          0      21283   tcp.o
      4996        226          0         32         16      14883   tcp_in.o
      3348         10          0          0          0       9435   tcp_out.o
       276         44          0         18         48      25908   test.o
       544         34          0         12          0       2727   timers.o
      1128         22          0          8          0       6702   udp.o

    ----------------------------------------------------------------------
     34484       1038        622        228      46800     717433   Object Totals
         0          0         32          0          0          0   (incl. Generated)
         6          0          5         12          1          0   (incl. Padding)

    ----------------------------------------------------------------------

      Code (inc. data)   RO Data    RW Data    ZI Data      Debug   Library Member Name

         8          0          0          0          0         68   __main.o
         0          0          0          0          0          0   __rtentry.o
        12          0          0          0          0          0   __rtentry2.o
         6          0          0          0          0          0   __rtentry4.o
        52          8          0          0          0          0   __scatter.o
        26          0          0          0          0          0   __scatter_copy.o
        28          0          0          0          0          0   __scatter_zi.o
        12          0          0          0          0         72   exit.o
         6          0          0          0          0        152   heapauxi.o
         0          0          0          0          0          0   indicate_semi.o
         2          0          0          0          0          0   libinit.o
         2          0          0          0          0          0   libinit2.o
         2          0          0          0          0          0   libshutdown.o
         2          0          0          0          0          0   libshutdown2.o
         8          4          0          0         96         68   libspace.o
        88          0          0          0          0         76   memcmp.o
        68          0          0          0          0         68   rt_memclr.o
        78          0          0          0          0         80   rt_memclr_w.o
       138          0          0          0          0         68   rt_memcpy_v6.o
       100          0          0          0          0         80   rt_memcpy_w.o
         2          0          0          0          0          0   rtexit.o
        10          0          0          0          0          0   rtexit2.o
        62          0          0          0          0         76   strlen.o
        12          4          0          0          0         68   sys_exit.o
        74          0          0          0          0         80   sys_stackheap_outer.o
         2          0          0          0          0         68   use_no_semi.o

    ----------------------------------------------------------------------
       806         16          0          0        100       1024   Library Totals
         6          0          0          0          4          0   (incl. Padding)

    ----------------------------------------------------------------------

      Code (inc. data)   RO Data    RW Data    ZI Data      Debug   Library Name

       800         16          0          0         96       1024   c_w.l

    ----------------------------------------------------------------------
       806         16          0          0        100       1024   Library Totals

    ----------------------------------------------------------------------

==============================================================================


      Code (inc. data)   RO Data    RW Data    ZI Data      Debug   

     35290       1054        622        228      46900     715333   Grand Totals
     35290       1054        622        228      46900     715333   ELF Image Totals
     35290       1054        622        228          0          0   ROM Totals

==============================================================================

    Total RO  Size (Code + RO Data)                35912 (  35.07kB)
    Total RW  Size (RW Data + ZI Data)             47128 (  46.02kB)
    Total ROM Size (Code + RO Data + RW Data)      36140 (  35.29kB)

==============================================================================

