Component: ARM Compiler 5.05 update 1 (build 106) Tool: armlink [4d0efa]

==============================================================================

Section Cross References

    stm32f10x_it.o(i.ETH_IRQHandler) refers to netconf.o(i.LwIP_Pkt_Handle) for LwIP_Pkt_Handle
    stm32f10x_it.o(i.ETH_IRQHandler) refers to stm32_eth.o(i.ETH_GetRxPktSize) for ETH_GetRxPktSize
    stm32f10x_it.o(i.ETH_IRQHandler) refers to stm32_eth.o(i.ETH_DMAClearITPendingBit) for ETH_DMAClearITPendingBit
    stm32f10x_it.o(i.EXTI15_10_IRQHandler) refers to stm32f10x_exti.o(i.EXTI_GetITStatus) for EXTI_GetITStatus
    stm32f10x_it.o(i.EXTI15_10_IRQHandler) refers to stm3210c_eval_ioe.o(i.IOE_GetGITStatus) for IOE_GetGITStatus
    stm32f10x_it.o(i.EXTI15_10_IRQHandler) refers to stm3210c_eval_ioe.o(i.IOE_TS_GetState) for IOE_TS_GetState
    stm32f10x_it.o(i.EXTI15_10_IRQHandler) refers to stm3210c_eval_lcd.o(i.LCD_DisplayStringLine) for LCD_DisplayStringLine
    stm32f10x_it.o(i.EXTI15_10_IRQHandler) refers to stm32_eval.o(i.STM_EVAL_LEDOn) for STM_EVAL_LEDOn
    stm32f10x_it.o(i.EXTI15_10_IRQHandler) refers to client.o(i.tcp_led_control) for tcp_led_control
    stm32f10x_it.o(i.EXTI15_10_IRQHandler) refers to stm32_eval.o(i.STM_EVAL_LEDOff) for STM_EVAL_LEDOff
    stm32f10x_it.o(i.EXTI15_10_IRQHandler) refers to stm3210c_eval_ioe.o(i.IOE_ClearGITPending) for IOE_ClearGITPending
    stm32f10x_it.o(i.EXTI15_10_IRQHandler) refers to stm32f10x_exti.o(i.EXTI_ClearITPendingBit) for EXTI_ClearITPendingBit
    stm32f10x_it.o(i.EXTI15_10_IRQHandler) refers to stm32f10x_it.o(.data) for .data
    stm32f10x_it.o(i.SysTick_Handler) refers to main.o(i.Time_Update) for Time_Update
    main.o(i.Delay) refers to main.o(.data) for .data
    main.o(i.System_Periodic_Handle) refers to netconf.o(i.Display_Periodic_Handle) for Display_Periodic_Handle
    main.o(i.System_Periodic_Handle) refers to netconf.o(i.LwIP_Periodic_Handle) for LwIP_Periodic_Handle
    main.o(i.System_Periodic_Handle) refers to main.o(.data) for .data
    main.o(i.Time_Update) refers to main.o(.data) for .data
    main.o(i.main) refers to stm32f107.o(i.System_Setup) for System_Setup
    main.o(i.main) refers to netconf.o(i.LwIP_Init) for LwIP_Init
    main.o(i.main) refers to helloworld.o(i.HelloWorld_init) for HelloWorld_init
    main.o(i.main) refers to httpd.o(i.httpd_init) for httpd_init
    main.o(i.main) refers to tftpserver.o(i.tftpd_init) for tftpd_init
    main.o(i.main) refers to main.o(i.System_Periodic_Handle) for System_Periodic_Handle
    stm32f107.o(i.ADC_Configuration) refers to stm32f10x_adc.o(i.ADC_Init) for ADC_Init
    stm32f107.o(i.ADC_Configuration) refers to stm32f10x_adc.o(i.ADC_RegularChannelConfig) for ADC_RegularChannelConfig
    stm32f107.o(i.ADC_Configuration) refers to stm32f10x_adc.o(i.ADC_Cmd) for ADC_Cmd
    stm32f107.o(i.ADC_Configuration) refers to stm32f10x_adc.o(i.ADC_SoftwareStartConvCmd) for ADC_SoftwareStartConvCmd
    stm32f107.o(i.Ethernet_Configuration) refers to stm32f10x_gpio.o(i.GPIO_ETH_MediaInterfaceConfig) for GPIO_ETH_MediaInterfaceConfig
    stm32f107.o(i.Ethernet_Configuration) refers to stm32f10x_rcc.o(i.RCC_PLL3Config) for RCC_PLL3Config
    stm32f107.o(i.Ethernet_Configuration) refers to stm32f10x_rcc.o(i.RCC_PLL3Cmd) for RCC_PLL3Cmd
    stm32f107.o(i.Ethernet_Configuration) refers to stm32f10x_rcc.o(i.RCC_GetFlagStatus) for RCC_GetFlagStatus
    stm32f107.o(i.Ethernet_Configuration) refers to stm32f10x_rcc.o(i.RCC_MCOConfig) for RCC_MCOConfig
    stm32f107.o(i.Ethernet_Configuration) refers to stm32_eth.o(i.ETH_DeInit) for ETH_DeInit
    stm32f107.o(i.Ethernet_Configuration) refers to stm32_eth.o(i.ETH_SoftwareReset) for ETH_SoftwareReset
    stm32f107.o(i.Ethernet_Configuration) refers to stm32_eth.o(i.ETH_GetSoftwareResetStatus) for ETH_GetSoftwareResetStatus
    stm32f107.o(i.Ethernet_Configuration) refers to stm32_eth.o(i.ETH_StructInit) for ETH_StructInit
    stm32f107.o(i.Ethernet_Configuration) refers to stm32_eth.o(i.ETH_Init) for ETH_Init
    stm32f107.o(i.Ethernet_Configuration) refers to stm32_eth.o(i.ETH_DMAITConfig) for ETH_DMAITConfig
    stm32f107.o(i.GPIO_Configuration) refers to stm32f10x_gpio.o(i.GPIO_Init) for GPIO_Init
    stm32f107.o(i.GPIO_Configuration) refers to stm32f10x_gpio.o(i.GPIO_PinRemapConfig) for GPIO_PinRemapConfig
    stm32f107.o(i.NVIC_Configuration) refers to misc.o(i.NVIC_SetVectorTable) for NVIC_SetVectorTable
    stm32f107.o(i.NVIC_Configuration) refers to misc.o(i.NVIC_PriorityGroupConfig) for NVIC_PriorityGroupConfig
    stm32f107.o(i.NVIC_Configuration) refers to misc.o(i.NVIC_Init) for NVIC_Init
    stm32f107.o(i.System_Setup) refers to system_stm32f10x.o(i.SystemInit) for SystemInit
    stm32f107.o(i.System_Setup) refers to stm32f10x_rcc.o(i.RCC_APB1PeriphClockCmd) for RCC_APB1PeriphClockCmd
    stm32f107.o(i.System_Setup) refers to stm32f10x_rcc.o(i.RCC_AHBPeriphClockCmd) for RCC_AHBPeriphClockCmd
[...]
    efs_init                                 0x080043a1   Thumb Code   104  efs.o(i.efs_init)
    etharp_arp_input                         0x08004409   Thumb Code   218  etharp.o(i.etharp_arp_input)
    etharp_ip_input                          0x080044e3   Thumb Code    40  etharp.o(i.etharp_ip_input)
    etharp_output                            0x0800450d   Thumb Code   178  etharp.o(i.etharp_output)
    etharp_query                             0x080045c5   Thumb Code   256  etharp.o(i.etharp_query)
    etharp_request                           0x08004769   Thumb Code    32  etharp.o(i.etharp_request)
    etharp_tmr                               0x080047c5   Thumb Code    78  etharp.o(i.etharp_tmr)
    ethernet_input                           0x08004819   Thumb Code    84  etharp.o(i.ethernet_input)
    ethernetif_init                          0x0800486d   Thumb Code    56  ethernetif.o(i.ethernetif_init)
    ethernetif_input                         0x080048ad   Thumb Code   116  ethernetif.o(i.ethernetif_input)
    ex_getPartitionField                     0x08004925   Thumb Code    60  extract.o(i.ex_getPartitionField)
    ex_getb16                                0x08004961   Thumb Code    14  extract.o(i.ex_getb16)
    ex_getb32                                0x0800496f   Thumb Code    24  extract.o(i.ex_getb32)
    fat_DiscToLogicCluster                   0x08004987   Thumb Code    56  fat.o(i.fat_DiscToLogicCluster)
    fat_LogicToDiscCluster                   0x080049bf   Thumb Code    82  fat.o(i.fat_LogicToDiscCluster)
    fat_allocClusterChain                    0x08004a11   Thumb Code   286  fat.o(i.fat_allocClusterChain)
    fat_countClustersInChain                 0x08004b2f   Thumb Code    48  fat.o(i.fat_countClustersInChain)
    fat_getNextClusterAddress                0x08004b5f   Thumb Code   156  fat.o(i.fat_getNextClusterAddress)
    fat_getNextClusterAddressWBuf            0x08004bfb   Thumb Code   120  fat.o(i.fat_getNextClusterAddressWBuf)
    fat_getNextClusterChain                  0x08004c73   Thumb Code   152  fat.o(i.fat_getNextClusterChain)
    fat_getSectorAddressFatEntry             0x08004d0b   Thumb Code    48  fat.o(i.fat_getSectorAddressFatEntry)
    fat_giveEocMarker                        0x08004d3b   Thumb Code    38  fat.o(i.fat_giveEocMarker)
    fat_isEocMarker                          0x08004d61   Thumb Code    52  fat.o(i.fat_isEocMarker)
    fat_setNextClusterAddress                0x08004d99   Thumb Code   222  fat.o(i.fat_setNextClusterAddress)
    fat_setNextClusterAddressWBuf            0x08004e77   Thumb Code   176  fat.o(i.fat_setNextClusterAddressWBuf)
    file_fclose                              0x08004f27   Thumb Code   102  file.o(i.file_fclose)
    file_fopen                               0x08004f8d   Thumb Code   414  file.o(i.file_fopen)
    file_fread                               0x0800512b   Thumb Code   204  file.o(i.file_fread)
    file_fwrite                              0x080051f7   Thumb Code   266  file.o(i.file_fwrite)
    file_getAttr                             0x08005301   Thumb Code    12  file.o(i.file_getAttr)
    file_initFile                            0x0800530d   Thumb Code    44  file.o(i.file_initFile)
    file_normalToFatName                     0x08005339   Thumb Code   134  file.o(i.file_normalToFatName)
    file_read                                0x080053bf   Thumb Code    24  file.o(i.file_read)
    file_requiredCluster                     0x080053d7   Thumb Code    84  file.o(i.file_requiredCluster)
    file_setAttr                             0x0800542b   Thumb Code    22  file.o(i.file_setAttr)
    file_setpos                              0x08005441   Thumb Code    18  file.o(i.file_setpos)
    file_validateChar                        0x08005453   Thumb Code    62  file.o(i.file_validateChar)
    file_write                               0x08005491   Thumb Code    24  file.o(i.file_write)
    fs_clearCluster                          0x08005603   Thumb Code    66  fs.o(i.fs_clearCluster)
    fs_clusterToSector                       0x08005645   Thumb Code    36  fs.o(i.fs_clusterToSector)
    fs_countDataSectors                      0x08005669   Thumb Code    76  fs.o(i.fs_countDataSectors)
    fs_determineFatType                      0x080056b5   Thumb Code    42  fs.o(i.fs_determineFatType)
    fs_findFile                              0x080056df   Thumb Code   182  fs.o(i.fs_findFile)
    fs_findFirstSectorRootDir                0x08005795   Thumb Code    36  fs.o(i.fs_findFirstSectorRootDir)
    fs_findFreeFile                          0x080057b9   Thumb Code    92  fs.o(i.fs_findFreeFile)
    fs_flushFs                               0x08005815   Thumb Code    10  fs.o(i.fs_flushFs)
    fs_getFirstClusterRootDir                0x0800581f   Thumb Code    16  fs.o(i.fs_getFirstClusterRootDir)
    fs_getLastCluster                        0x0800582f   Thumb Code    56  fs.o(i.fs_getLastCluster)
    fs_getNextFreeCluster                    0x08005867   Thumb Code    36  fs.o(i.fs_getNextFreeCluster)
    fs_giveFreeClusterHint                   0x0800588b   Thumb Code     4  fs.o(i.fs_giveFreeClusterHint)
    fs_hasTimeSupport                        0x0800588f   Thumb Code     4  time.o(i.fs_hasTimeSupport)
    fs_initClusterChain                      0x08005893   Thumb Code    16  fs.o(i.fs_initClusterChain)
    fs_initCurrentDir                        0x080058a3   Thumb Code    12  fs.o(i.fs_initCurrentDir)
    fs_initFs                                0x080058af   Thumb Code    72  fs.o(i.fs_initFs)
    fs_isValidFat                            0x080058f7   Thumb Code    46  fs.o(i.fs_isValidFat)
    fs_loadVolumeId                          0x08005925   Thumb Code   116  fs.o(i.fs_loadVolumeId)
    fs_open                                  0x08005999   Thumb Code    42  httpd.o(i.fs_open)
    fs_setFirstClusterInDirEntry             0x080059c9   Thumb Code     8  fs.o(i.fs_setFirstClusterInDirEntry)
    fs_umount                                0x080059d1   Thumb Code     4  fs.o(i.fs_umount)
    fs_verifySanity                          0x080059d5   Thumb Code   148  fs.o(i.fs_verifySanity)
    htonl                                    0x08005a69   Thumb Code     4  inet.o(i.htonl)
    htons                                    0x08005a6d   Thumb Code     4  inet.o(i.htons)
    httpd_init                               0x08005d15   Thumb Code    34  httpd.o(i.httpd_init)
    icmp_dest_unreach                        0x08005d41   Thumb Code     8  icmp.o(i.icmp_dest_unreach)
    icmp_input                               0x08005d49   Thumb Code   276  icmp.o(i.icmp_input)
    icmp_time_exceeded                       0x08005ec3   Thumb Code     8  icmp.o(i.icmp_time_exceeded)
    if_initInterface                         0x08005ecb   Thumb Code    66  sd_stm32.o(i.if_initInterface)
    if_readBuf                               0x08005f0d   Thumb Code     8  sd_stm32.o(i.if_readBuf)
    if_spiInit                               0x08005f15   Thumb Code    54  sd_stm32.o(i.if_spiInit)
    if_spiSend                               0x08005f55   Thumb Code    56  sd_stm32.o(i.if_spiSend)
    if_writeBuf                              0x08005f95   Thumb Code     4  sd_stm32.o(i.if_writeBuf)
    inet_chksum                              0x08005f99   Thumb Code    12  inet_chksum.o(i.inet_chksum)
    inet_chksum_pbuf                         0x08005fa5   Thumb Code    72  inet_chksum.o(i.inet_chksum_pbuf)
    ioman_decUseCnt                          0x08005fed   Thumb Code    26  ioman.o(i.ioman_decUseCnt)
    ioman_directSectorRead                   0x08006007   Thumb Code    96  ioman.o(i.ioman_directSectorRead)
    ioman_directSectorWrite                  0x08006067   Thumb Code   144  ioman.o(i.ioman_directSectorWrite)
    ioman_findFreeSpot                       0x080060f7   Thumb Code    40  ioman.o(i.ioman_findFreeSpot)
    ioman_findOverallocableSpot              0x0800611f   Thumb Code   112  ioman.o(i.ioman_findOverallocableSpot)
    ioman_findSectorInCache                  0x0800618f   Thumb Code    52  ioman.o(i.ioman_findSectorInCache)
    ioman_findUnusedSpot                     0x080061c3   Thumb Code   124  ioman.o(i.ioman_findUnusedSpot)
    ioman_flushRange                         0x0800623f   Thumb Code    96  ioman.o(i.ioman_flushRange)
    ioman_flushSector                        0x0800629f   Thumb Code    90  ioman.o(i.ioman_flushSector)
    ioman_getAttr                            0x080062f9   Thumb Code    26  ioman.o(i.ioman_getAttr)
    ioman_getBp                              0x08006313   Thumb Code    40  ioman.o(i.ioman_getBp)
    ioman_getPtr                             0x0800633b   Thumb Code    22  ioman.o(i.ioman_getPtr)
    ioman_getRefCnt                          0x08006351   Thumb Code    20  ioman.o(i.ioman_getRefCnt)
    ioman_getSector                          0x08006365   Thumb Code   216  ioman.o(i.ioman_getSector)
    ioman_getUseCnt                          0x0800643d   Thumb Code    20  ioman.o(i.ioman_getUseCnt)
    ioman_incRefCnt                          0x08006451   Thumb Code    26  ioman.o(i.ioman_incRefCnt)
    ioman_incUseCnt                          0x0800646b   Thumb Code    26  ioman.o(i.ioman_incUseCnt)
    ioman_init                               0x08006485   Thumb Code    24  ioman.o(i.ioman_init)
    ioman_pop                                0x0800649d   Thumb Code    70  ioman.o(i.ioman_pop)
    ioman_push                               0x080064e3   Thumb Code    70  ioman.o(i.ioman_push)
    ioman_putSectorInCache                   0x08006529   Thumb Code    70  ioman.o(i.ioman_putSectorInCache)
    ioman_readSector                         0x0800656f   Thumb Code    28  ioman.o(i.ioman_readSector)
    ioman_releaseSector                      0x0800658b   Thumb Code    80  ioman.o(i.ioman_releaseSector)
    ioman_reset                              0x080065db   Thumb Code    94  ioman.o(i.ioman_reset)
    ioman_resetCacheItem                     0x08006639   Thumb Code    30  ioman.o(i.ioman_resetCacheItem)
    ioman_setAttr                            0x08006657   Thumb Code    34  ioman.o(i.ioman_setAttr)
    ioman_writeSector                        0x08006679   Thumb Code    32  ioman.o(i.ioman_writeSector)
    ip_addr_isbroadcast                      0x08006699   Thumb Code    48  ip_addr.o(i.ip_addr_isbroadcast)
    ip_frag                                  0x080066c9   Thumb Code   298  ip_frag.o(i.ip_frag)
    ip_input                                 0x080067f9   Thumb Code   394  ip.o(i.ip_input)
    ip_output                                0x0800698d   Thumb Code    52  ip.o(i.ip_output)
    ip_output_if                             0x080069c1   Thumb Code   200  ip.o(i.ip_output_if)
    ip_reass                                 0x08006a8d   Thumb Code   428  ip_frag.o(i.ip_reass)
    ip_route                                 0x08006e35   Thumb Code    62  ip.o(i.ip_route)
    ls_openDir                               0x08006f31   Thumb Code    66  ls.o(i.ls_openDir)
    main                                     0x08006faf   Thumb Code    26  main.o(i.main)
    memClr                                   0x08006fc9   Thumb Code    18  plibc.o(i.memClr)
    memCpy                                   0x08006fdb   Thumb Code    24  plibc.o(i.memCpy)
    mem_calloc                               0x08006ff3   Thumb Code    26  mem.o(i.mem_calloc)
    mem_free                                 0x0800700d   Thumb Code    40  mem.o(i.mem_free)
    mem_init                                 0x08007039   Thumb Code    44  mem.o(i.mem_init)
    mem_malloc                               0x0800706d   Thumb Code   162  mem.o(i.mem_malloc)
    mem_realloc                              0x08007115   Thumb Code   190  mem.o(i.mem_realloc)
    memp_free                                0x080071d9   Thumb Code    18  memp.o(i.memp_free)
    memp_init                                0x080071f1   Thumb Code    78  memp.o(i.memp_init)
    memp_malloc                              0x08007249   Thumb Code    28  memp.o(i.memp_malloc)
    netif_add                                0x08007269   Thumb Code    70  netif.o(i.netif_add)
    netif_is_up                              0x080072b5   Thumb Code    10  netif.o(i.netif_is_up)
    netif_set_addr                           0x080072bf   Thumb Code    32  netif.o(i.netif_set_addr)
    netif_set_default                        0x080072e1   Thumb Code     6  netif.o(i.netif_set_default)
    netif_set_down                           0x080072ed   Thumb Code    18  netif.o(i.netif_set_down)
    netif_set_gw                             0x080072ff   Thumb Code     8  netif.o(i.netif_set_gw)
    netif_set_ipaddr                         0x08007309   Thumb Code    96  netif.o(i.netif_set_ipaddr)
    netif_set_netmask                        0x08007371   Thumb Code     8  netif.o(i.netif_set_netmask)
    netif_set_up                             0x08007379   Thumb Code    28  netif.o(i.netif_set_up)
    ntohl                                    0x08007395   Thumb Code     4  inet.o(i.ntohl)
    ntohs                                    0x08007399   Thumb Code     4  inet.o(i.ntohs)
    part_directSectorRead                    0x0800739d   Thumb Code    26  partition.o(i.part_directSectorRead)
    part_directSectorWrite                   0x080073b7   Thumb Code    26  partition.o(i.part_directSectorWrite)
    part_flushPart                           0x080073d1   Thumb Code    38  partition.o(i.part_flushPart)
    part_getRealLBA                          0x080073f7   Thumb Code    18  partition.o(i.part_getRealLBA)
    part_getSect                             0x08007409   Thumb Code    26  partition.o(i.part_getSect)
    part_initPartition                       0x08007423   Thumb Code    40  partition.o(i.part_initPartition)
    part_isFatPart                           0x0800744b   Thumb Code    32  partition.o(i.part_isFatPart)
    part_relSect                             0x0800746b   Thumb Code     8  partition.o(i.part_relSect)
    pbuf_alloc                               0x08007473   Thumb Code   268  pbuf.o(i.pbuf_alloc)
    pbuf_cat                                 0x0800757f   Thumb Code    40  pbuf.o(i.pbuf_cat)
    pbuf_chain                               0x080075a7   Thumb Code    18  pbuf.o(i.pbuf_chain)
    pbuf_clen                                0x080075b9   Thumb Code    18  pbuf.o(i.pbuf_clen)
    pbuf_copy                                0x080075cb   Thumb Code   144  pbuf.o(i.pbuf_copy)
    pbuf_copy_partial                        0x0800765b   Thumb Code   104  pbuf.o(i.pbuf_copy_partial)
    pbuf_free                                0x080076c3   Thumb Code    68  pbuf.o(i.pbuf_free)
    pbuf_header                              0x08007707   Thumb Code    96  pbuf.o(i.pbuf_header)
    pbuf_realloc                             0x08007767   Thumb Code    78  pbuf.o(i.pbuf_realloc)
    pbuf_ref                                 0x080077b5   Thumb Code    12  pbuf.o(i.pbuf_ref)
    process_tftp_request                     0x08007815   Thumb Code   174  tftpserver.o(i.process_tftp_request)
    raw_input                                0x080078d9   Thumb Code   100  raw.o(i.raw_input)
    recv_callback_tftp                       0x08007941   Thumb Code    24  tftpserver.o(i.recv_callback_tftp)
    rrq_recv_callback                        0x08007959   Thumb Code    84  tftpserver.o(i.rrq_recv_callback)
    sd_Command                               0x080079ad   Thumb Code    80  sd.o(i.sd_Command)
    sd_Init                                  0x080079fd   Thumb Code    98  sd.o(i.sd_Init)
    sd_Resp16b                               0x08007a5f   Thumb Code    22  sd.o(i.sd_Resp16b)
    sd_Resp8b                                0x08007a75   Thumb Code    28  sd.o(i.sd_Resp8b)
    sd_State                                 0x08007a91   Thumb Code    40  sd.o(i.sd_State)
    sd_getDriveSize                          0x08007ab9   Thumb Code   150  sd.o(i.sd_getDriveSize)
    sd_readSector                            0x08007b4f   Thumb Code   112  sd.o(i.sd_readSector)
    sd_writeSector                           0x08007bbf   Thumb Code   100  sd.o(i.sd_writeSector)
    server_init                              0x08007c51   Thumb Code    30  server.o(i.server_init)
    strMatch                                 0x08007c79   Thumb Code    30  plibc.o(i.strMatch)
    tcp_abandon                              0x08007c99   Thumb Code   142  tcp.o(i.tcp_abandon)
    tcp_accept                               0x08007d2d   Thumb Code     4  tcp.o(i.tcp_accept)
    tcp_alloc                                0x08007d39   Thumb Code   248  tcp.o(i.tcp_alloc)
    tcp_arg                                  0x08007e3d   Thumb Code     4  tcp.o(i.tcp_arg)
    tcp_bind                                 0x08007e41   Thumb Code   182  tcp.o(i.tcp_bind)
    tcp_client_connected                     0x08007efd   Thumb Code   100  client.o(i.tcp_client_connected)
    tcp_close                                0x08007f7d   Thumb Code   156  tcp.o(i.tcp_close)
    tcp_connect                              0x0800801d   Thumb Code   190  tcp.o(i.tcp_connect)
    tcp_eff_send_mss                         0x080080e1   Thumb Code    32  tcp.o(i.tcp_eff_send_mss)
    tcp_enqueue                              0x08008101   Thumb Code   752  tcp_out.o(i.tcp_enqueue)
    tcp_err                                  0x080083f1   Thumb Code     6  tcp.o(i.tcp_err)
    tcp_fasttmr                              0x080083f9   Thumb Code    84  tcp.o(i.tcp_fasttmr)
    tcp_input                                0x08008451   Thumb Code   776  tcp_in.o(i.tcp_input)
    tcp_keepalive                            0x0800876d   Thumb Code    70  tcp_out.o(i.tcp_keepalive)
    tcp_led_control                          0x080087b5   Thumb Code    28  client.o(i.tcp_led_control)
    tcp_listen_with_backlog                  0x080088bd   Thumb Code   122  tcp.o(i.tcp_listen_with_backlog)
    tcp_new                                  0x08008941   Thumb Code     6  tcp.o(i.tcp_new)
    tcp_next_iss                             0x080089a9   Thumb Code    12  tcp.o(i.tcp_next_iss)
    tcp_output                               0x080089b9   Thumb Code   532  tcp_out.o(i.tcp_output)
    tcp_pcb_purge                            0x08008d79   Thumb Code    48  tcp.o(i.tcp_pcb_purge)
    tcp_pcb_remove                           0x08008da9   Thumb Code    90  tcp.o(i.tcp_pcb_remove)
    tcp_poll                                 0x08008e09   Thumb Code    10  tcp.o(i.tcp_poll)
    tcp_recv                                 0x080095c3   Thumb Code     6  tcp.o(i.tcp_recv)
    tcp_recved                               0x080095e5   Thumb Code    60  tcp.o(i.tcp_recved)
    tcp_rexmit                               0x08009621   Thumb Code    84  tcp_out.o(i.tcp_rexmit)
    tcp_rexmit_rto                           0x08009675   Thumb Code    46  tcp_out.o(i.tcp_rexmit_rto)
    tcp_rst                                  0x080096a3   Thumb Code   152  tcp_out.o(i.tcp_rst)
    tcp_seg_free                             0x0800973b   Thumb Code    32  tcp.o(i.tcp_seg_free)
    tcp_segs_free                            0x0800975b   Thumb Code    26  tcp.o(i.tcp_segs_free)
    tcp_send_ctrl                            0x08009775   Thumb Code    22  tcp_out.o(i.tcp_send_ctrl)
    tcp_sent                                 0x0800978b   Thumb Code     6  tcp.o(i.tcp_sent)
    tcp_server_accept                        0x08009791   Thumb Code    14  server.o(i.tcp_server_accept)
    tcp_slowtmr                              0x080097d9   Thumb Code   512  tcp.o(i.tcp_slowtmr)
    tcp_tmr                                  0x080099e9   Thumb Code    28  tcp.o(i.tcp_tmr)
    tcp_update_rcv_ann_wnd                   0x08009a09   Thumb Code    42  tcp.o(i.tcp_update_rcv_ann_wnd)
    tcp_write                                0x08009a33   Thumb Code    46  tcp_out.o(i.tcp_write)
    tcp_zero_window_probe                    0x08009a61   Thumb Code    82  tcp_out.o(i.tcp_zero_window_probe)
    tftp_cleanup_rd                          0x08009ab5   Thumb Code    52  tftpserver.o(i.tftp_cleanup_rd)
    tftp_cleanup_wr                          0x08009af9   Thumb Code    54  tftpserver.o(i.tftp_cleanup_wr)
    tftp_construct_error_message             0x08009b3d   Thumb Code    44  tftpserver.o(i.tftp_construct_error_message)
    tftp_decode_op                           0x08009b6d   Thumb Code     4  tftputils.o(i.tftp_decode_op)
    tftp_extract_block                       0x08009b71   Thumb Code     6  tftputils.o(i.tftp_extract_block)
    tftp_extract_filename                    0x08009b77   Thumb Code     6  tftputils.o(i.tftp_extract_filename)
    tftp_is_correct_ack                      0x08009b7d   Thumb Code    26  tftputils.o(i.tftp_is_correct_ack)
    tftp_process_read                        0x08009b99   Thumb Code   118  tftpserver.o(i.tftp_process_read)
    tftp_process_write                       0x08009c19   Thumb Code   118  tftpserver.o(i.tftp_process_write)
    tftp_send_ack_packet                     0x08009c99   Thumb Code    48  tftpserver.o(i.tftp_send_ack_packet)
    tftp_send_data_packet                    0x08009cc9   Thumb Code    70  tftpserver.o(i.tftp_send_data_packet)
    tftp_send_error_message                  0x08009d0f   Thumb Code    40  tftpserver.o(i.tftp_send_error_message)
    tftp_send_message                        0x08009d37   Thumb Code    70  tftpserver.o(i.tftp_send_message)
    tftp_send_next_block                     0x08009d7d   Thumb Code    52  tftpserver.o(i.tftp_send_next_block)
    tftp_set_block                           0x08009db5   Thumb Code    14  tftputils.o(i.tftp_set_block)
    tftp_set_data_message                    0x08009dc3   Thumb Code     6  tftputils.o(i.tftp_set_data_message)
    tftp_set_errorcode                       0x08009dc9   Thumb Code     8  tftputils.o(i.tftp_set_errorcode)
    tftp_set_errormsg                        0x08009dd1   Thumb Code     6  tftputils.o(i.tftp_set_errormsg)
    tftp_set_opcode                          0x08009dd7   Thumb Code     8  tftputils.o(i.tftp_set_opcode)
    tftpd_init                               0x08009de1   Thumb Code    42  tftpserver.o(i.tftpd_init)
    udp_bind                                 0x08009e19   Thumb Code    86  udp.o(i.udp_bind)
    udp_client_callback                      0x08009e75   Thumb Code   112  client.o(i.udp_client_callback)
    udp_connect                              0x08009f1d   Thumb Code    70  udp.o(i.udp_connect)
    udp_disconnect                           0x08009f69   Thumb Code    20  udp.o(i.udp_disconnect)
    udp_input                                0x08009f81   Thumb Code   350  udp.o(i.udp_input)
    udp_new                                  0x0800a0e5   Thumb Code    26  udp.o(i.udp_new)
    udp_recv                                 0x0800a0ff   Thumb Code     6  udp.o(i.udp_recv)
    udp_remove                               0x0800a105   Thumb Code    40  udp.o(i.udp_remove)
    udp_send                                 0x0800a131   Thumb Code     8  udp.o(i.udp_send)
    udp_sendto                               0x0800a139   Thumb Code    40  udp.o(i.udp_sendto)
    udp_sendto_if                            0x0800a161   Thumb Code   176  udp.o(i.udp_sendto_if)
    udp_server_callback                      0x0800a211   Thumb Code   176  server.o(i.udp_server_callback)
    wrq_recv_callback                        0x0800a39d   Thumb Code   174  tftpserver.o(i.wrq_recv_callback)
    COM_TX_PIN                               0x080120e8   Data           2  stm32_eval.o(.constdata)
    COM_RX_PIN                               0x080120ea   Data           2  stm32_eval.o(.constdata)
    COM_USART_CLK                            0x080120ec   Data           4  stm32_eval.o(.constdata)
    COM_POR_CLK                              0x080120f0   Data           4  stm32_eval.o(.constdata)
    BUTTON_PIN                               0x080120f4   Data           6  stm32_eval.o(.constdata)
    BUTTON_EXTI_LINE                         0x080120fa   Data           6  stm32_eval.o(.constdata)
    BUTTON_PORT_SOURCE                       0x08012100   Data           6  stm32_eval.o(.constdata)
    BUTTON_PIN_SOURCE                        0x08012106   Data           6  stm32_eval.o(.constdata)
    BUTTON_IRQn                              0x0801210c   Data           6  stm32_eval.o(.constdata)
    GPIO_PIN                                 0x08012112   Data           8  stm32_eval.o(.constdata)
    GPIO_CLK                                 0x0801211c   Data          16  stm32_eval.o(.constdata)
    BUTTON_CLK                               0x0801212c   Data          12  stm32_eval.o(.constdata)
    ASCII_Table                              0x08012138   Data        4560  stm3210c_eval_lcd.o(.constdata)
    tcp_persist_backoff                      0x08013308   Data           7  tcp.o(.constdata)
    tcp_backoff                              0x0801330f   Data          13  tcp.o(.constdata)
    ip_addr_any                              0x08013340   Data           4  ip_addr.o(.constdata)
    ip_addr_broadcast                        0x08013344   Data           4  ip_addr.o(.constdata)
    ethbroadcast                             0x08013348   Data           6  etharp.o(.constdata)
    ethzero                                  0x0801334e   Data           6  etharp.o(.constdata)
    Region$$Table$$Base                      0x08013440   Number         0  anon$$obj.o(Region$$Table)
    Region$$Table$$Limit                     0x08013460   Number         0  anon$$obj.o(Region$$Table)
    LocalTime                                0x20000004   Data           4  main.o(.data)
    timingdelay                              0x20000008   Data           4  main.o(.data)
    LedToggle                                0x2000000c   Data           1  netconf.o(.data)
    Server                                   0x2000000d   Data           1  netconf.o(.data)
    TCPTimer                                 0x20000010   Data           4  netconf.o(.data)
    ARPTimer                                 0x20000014   Data           4  netconf.o(.data)
    DHCPfineTimer                            0x20000018   Data           4  netconf.o(.data)
    DHCPcoarseTimer                          0x2000001c   Data           4  netconf.o(.data)
    DisplayTimer                             0x20000024   Data           4  netconf.o(.data)
    data_STM32F107ADC_html                   0x20000028   Data        4601  httpd.o(.data)
    file_STM32F107ADC_html                   0x20001224   Data          16  httpd.o(.data)
    UDPpcb                                   0x20001234   Data           4  tftpserver.o(.data)
    tftp_errorcode_string                    0x20001238   Data          32  tftpserver.o(.data)
    DMATxDescToSet                           0x20001270   Data           4  stm32_eth.o(.data)
    DMARxDescToGet                           0x20001274   Data           4  stm32_eth.o(.data)
    DMAPTPTxDescToSet                        0x20001278   Data           4  stm32_eth.o(.data)
    DMAPTPRxDescToGet                        0x2000127c   Data           4  stm32_eth.o(.data)
    TimeOut                                  0x20001280   Data           4  stm3210c_eval_ioe.o(.data)
    TS_State                                 0x20001290   Data           8  stm3210c_eval_ioe.o(.data)
    COM_USART                                0x20001298   Data           4  stm32_eval.o(.data)
    COM_PORT                                 0x2000129c   Data           4  stm32_eval.o(.data)
    GPIO_PORT                                0x200012a0   Data          16  stm32_eval.o(.data)
    BUTTON_PORT                              0x200012b0   Data          12  stm32_eval.o(.data)
    MACaddr                                  0x200012c0   Data           6  ethernetif.o(.data)
    tcp_ticks                                0x200012d0   Data           4  tcp.o(.data)
    tcp_bound_pcbs                           0x200012d4   Data           4  tcp.o(.data)
    tcp_listen_pcbs                          0x200012d8   Data           4  tcp.o(.data)
    tcp_active_pcbs                          0x200012dc   Data           4  tcp.o(.data)
    tcp_tw_pcbs                              0x200012e0   Data           4  tcp.o(.data)
    tcp_tmp_pcb                              0x200012e4   Data           4  tcp.o(.data)
    tcp_input_pcb                            0x20001300   Data           4  tcp_in.o(.data)
    udp_pcbs                                 0x20001304   Data           4  udp.o(.data)
    netif_list                               0x20001320   Data           4  netif.o(.data)
    netif_default                            0x20001324   Data           4  netif.o(.data)
    netif                                    0x20001344   Data          52  netconf.o(.bss)
    efs1                                     0x20001378   Data         692  tftpserver.o(.bss)
    efs2                                     0x2000162c   Data         692  tftpserver.o(.bss)
    list1                                    0x200018e0   Data          52  tftpserver.o(.bss)
    list2                                    0x20001914   Data          52  tftpserver.o(.bss)
    file_SD                                  0x20001948   Data          80  tftpserver.o(.bss)
    file_CR                                  0x20001998   Data          80  tftpserver.o(.bss)
    DMARxDscrTab                             0x200019e8   Data          64  ethernetif.o(.bss)
    DMATxDscrTab                             0x20001a28   Data          32  ethernetif.o(.bss)
    Rx_Buff                                  0x20001a48   Data        6080  ethernetif.o(.bss)
    Tx_Buff                                  0x20003208   Data        3040  ethernetif.o(.bss)
    __libspace_start                         0x2000db68   Data          96  libspace.o(.bss)
    __temporary_stack_top$libspace           0x2000dbc8   Data           0  libspace.o(.bss)



==============================================================================

Memory Map of the image

  Image Entry point : 0x08000151

  Load Region LR_IROM1 (Base: 0x08000000, Size: 0x000147a4, Max: 0x00040000, ABSOLUTE, COMPRESSED[0x00013b98])

    Execution Region ER_IROM1 (Base: 0x08000000, Size: 0x00013460, Max: 0x00040000, ABSOLUTE)

    Base Addr    Size         Type   Attr      Idx    E Section Name        Object

    0x08000000   0x00000150   Data   RO         6033    RESET               startup_stm32f10x_cl.o
    0x08000150   0x00000008   Code   RO         6088  * !!!main             c_w.l(__main.o)
    0x08000158   0x00000034   Code   RO         6255    !!!scatter          c_w.l(__scatter.o)
    0x0800018c   0x00000064   Code   RO         6253    !!dclz77c           c_w.l(__dclz77c.o)
    0x080001f0   0x0000001c   Code   RO         6257    !!handler_zi        c_w.l(__scatter_zi.o)
    0x0800020c   0x00000000   Code   RO         6069    .ARM.Collect$$_printf_percent$$00000000  c_w.l(_printf_percent.o)
    0x0800020c   0x00000006   Code   RO         6068    .ARM.Collect$$_printf_percent$$00000009  c_w.l(_printf_d.o)
    0x08000212   0x00000004   Code   RO         6097    .ARM.Collect$$_printf_percent$$00000017  c_w.l(_printf_percent_end.o)
    0x08000216   0x00000002   Code   RO         6124    .ARM.Collect$$libinit$$00000000  c_w.l(libinit.o)
    0x08000218   0x00000000   Code   RO         6131    .ARM.Collect$$libinit$$00000002  c_w.l(libinit2.o)
    0x08000218   0x00000000   Code   RO         6133    .ARM.Collect$$libinit$$00000004  c_w.l(libinit2.o)
    0x08000218   0x00000000   Code   RO         6136    .ARM.Collect$$libinit$$0000000A  c_w.l(libinit2.o)
    0x08000218   0x00000000   Code   RO         6138    .ARM.Collect$$libinit$$0000000C  c_w.l(libinit2.o)
    0x08000218   0x00000000   Code   RO         6140    .ARM.Collect$$libinit$$0000000E  c_w.l(libinit2.o)
    0x08000218   0x00000000   Code   RO         6143    .ARM.Collect$$libinit$$00000011  c_w.l(libinit2.o)
    0x08000218   0x00000000   Code   RO         6145    .ARM.Collect$$libinit$$00000013  c_w.l(libinit2.o)
    0x08000218   0x00000000   Code   RO         6147    .ARM.Collect$$libinit$$00000015  c_w.l(libinit2.o)
    0x08000218   0x00000000   Code   RO         6149    .ARM.Collect$$libinit$$00000017  c_w.l(libinit2.o)
    0x08000218   0x00000000   Code   RO         6151    .ARM.Collect$$libinit$$00000019  c_w.l(libinit2.o)
    0x08000218   0x00000000   Code   RO         6153    .ARM.Collect$$libinit$$0000001B  c_w.l(libinit2.o)
    0x08000218   0x00000000   Code   RO         6155    .ARM.Collect$$libinit$$0000001D  c_w.l(libinit2.o)
    0x08000218   0x00000000   Code   RO         6157    .ARM.Collect$$libinit$$0000001F  c_w.l(libinit2.o)
    0x08000218   0x00000000   Code   RO         6159    .ARM.Collect$$libinit$$00000021  c_w.l(libinit2.o)
    0x08000218   0x00000000   Code   RO         6161    .ARM.Collect$$libinit$$00000023  c_w.l(libinit2.o)
    0x08000218   0x00000000   Code   RO         6163    .ARM.Collect$$libinit$$00000025  c_w.l(libinit2.o)
    0x08000218   0x00000000   Code   RO         6167    .ARM.Collect$$libinit$$0000002C  c_w.l(libinit2.o)
    0x08000218   0x00000000   Code   RO         6169    .ARM.Collect$$libinit$$0000002E  c_w.l(libinit2.o)
    0x08000218   0x00000000   Code   RO         6171    .ARM.Collect$$libinit$$00000030  c_w.l(libinit2.o)
    0x08000218   0x00000000   Code   RO         6173    .ARM.Collect$$libinit$$00000032  c_w.l(libinit2.o)
    0x08000218   0x00000002   Code   RO         6174    .ARM.Collect$$libinit$$00000033  c_w.l(libinit2.o)
    0x0800021a   0x00000002   Code   RO         6194    .ARM.Collect$$libshutdown$$00000000  c_w.l(libshutdown.o)
    0x0800021c   0x00000000   Code   RO         6208    .ARM.Collect$$libshutdown$$00000003  c_w.l(libshutdown2.o)
    0x0800021c   0x00000000   Code   RO         6211    .ARM.Collect$$libshutdown$$00000006  c_w.l(libshutdown2.o)
    0x0800021c   0x00000000   Code   RO         6214    .ARM.Collect$$libshutdown$$00000009  c_w.l(libshutdown2.o)
    0x0800021c   0x00000000   Code   RO         6216    .ARM.Collect$$libshutdown$$0000000B  c_w.l(libshutdown2.o)
    0x0800021c   0x00000000   Code   RO         6219    .ARM.Collect$$libshutdown$$0000000E  c_w.l(libshutdown2.o)
    0x0800021c   0x00000002   Code   RO         6220    .ARM.Collect$$libshutdown$$0000000F  c_w.l(libshutdown2.o)
    0x0800021e   0x00000000   Code   RO         6090    .ARM.Collect$$rtentry$$00000000  c_w.l(__rtentry.o)
    0x0800021e   0x00000000   Code   RO         6099    .ARM.Collect$$rtentry$$00000002  c_w.l(__rtentry2.o)
    0x0800021e   0x00000006   Code   RO         6111    .ARM.Collect$$rtentry$$00000004  c_w.l(__rtentry4.o)
    0x08000224   0x00000000   Code   RO         6101    .ARM.Collect$$rtentry$$00000009  c_w.l(__rtentry2.o)
    0x08000224   0x00000004   Code   RO         6102    .ARM.Collect$$rtentry$$0000000A  c_w.l(__rtentry2.o)
    0x08000228   0x00000000   Code   RO         6104    .ARM.Collect$$rtentry$$0000000C  c_w.l(__rtentry2.o)
    0x08000228   0x00000008   Code   RO         6105    .ARM.Collect$$rtentry$$0000000D  c_w.l(__rtentry2.o)
    0x08000230   0x00000002   Code   RO         6128    .ARM.Collect$$rtexit$$00000000  c_w.l(rtexit.o)
    0x08000232   0x00000000   Code   RO         6176    .ARM.Collect$$rtexit$$00000002  c_w.l(rtexit2.o)
    0x08000232   0x00000004   Code   RO         6177    .ARM.Collect$$rtexit$$00000003  c_w.l(rtexit2.o)
    0x08000236   0x00000006   Code   RO         6178    .ARM.Collect$$rtexit$$00000004  c_w.l(rtexit2.o)
    0x0800023c   0x00000038   Code   RO         6034    .text               startup_stm32f10x_cl.o
    0x08000274   0x00000028   Code   RO         6042    .text               c_w.l(noretval__2sprintf.o)
    0x0800029c   0x00000068   Code   RO         6044    .text               c_w.l(__printf.o)
    0x08000304   0x00000078   Code   RO         6046    .text               c_w.l(_printf_dec.o)
    0x0800037c   0x00000048   Code   RO         6070    .text               c_w.l(strcpy.o)
    0x080003c4   0x0000003e   Code   RO         6072    .text               c_w.l(strlen.o)
    0x08000402   0x00000096   Code   RO         6074    .text               c_w.l(strncmp.o)
    0x08000498   0x0000008a   Code   RO         6076    .text               c_w.l(rt_memcpy_v6.o)
    0x08000522   0x00000064   Code   RO         6078    .text               c_w.l(rt_memcpy_w.o)
    0x08000586   0x00000044   Code   RO         6080    .text               c_w.l(rt_memclr.o)
    0x080005ca   0x0000004e   Code   RO         6082    .text               c_w.l(rt_memclr_w.o)
    0x08000618   0x00000080   Code   RO         6084    .text               c_w.l(strcmpv7m.o)
    0x08000698   0x00000006   Code   RO         6086    .text               c_w.l(heapauxi.o)
    0x0800069e   0x000000b2   Code   RO         6091    .text               c_w.l(_printf_intcommon.o)
    0x08000750   0x00000030   Code   RO         6093    .text               c_w.l(_printf_char_common.o)
    0x08000780   0x0000000a   Code   RO         6095    .text               c_w.l(_sputc.o)
    0x0800078a   0x0000004a   Code   RO         6115    .text               c_w.l(sys_stackheap_outer.o)
    0x080007d4   0x0000000c   Code   RO         6117    .text               c_w.l(exit.o)
    0x080007e0   0x00000008   Code   RO         6125    .text               c_w.l(libspace.o)
    0x080007e8   0x0000000c   Code   RO         6186    .text               c_w.l(sys_exit.o)
    0x080007f4   0x00000002   Code   RO         6197    .text               c_w.l(use_no_semi.o)
    0x080007f6   0x00000000   Code   RO         6199    .text               c_w.l(indicate_semi.o)
    0x080007f6   0x00000014   Code   RO         1691    i.ADC_Cmd           stm32f10x_adc.o
    0x0800080a   0x00000002   PAD
    0x0800080c   0x0000004c   Code   RO          242    i.ADC_Configuration  stm32f107.o
    0x08000858   0x00000006   Code   RO         1700    i.ADC_GetConversionValue  stm32f10x_adc.o
    0x0800085e   0x00000002   PAD
    0x08000860   0x00000048   Code   RO         1709    i.ADC_Init          stm32f10x_adc.o
    0x080008a8   0x00000074   Code   RO         1713    i.ADC_RegularChannelConfig  stm32f10x_adc.o
    0x0800091c   0x00000014   Code   RO         1716    i.ADC_SoftwareStartConvCmd  stm32f10x_adc.o
    0x08000930   0x00000002   Code   RO            1    i.BusFault_Handler  stm32f10x_it.o
    0x08000932   0x00000002   Code   RO            2    i.DebugMon_Handler  stm32f10x_it.o
    0x08000934   0x00000014   Code   RO          146    i.Delay             main.o
    0x08000948   0x000002a8   Code   RO          286    i.Display_Periodic_Handle  netconf.o
    0x08000bf0   0x0000000c   Code   RO         2640    i.ETH_DMAClearITPendingBit  stm32_eth.o
    0x08000bfc   0x00000018   Code   RO         2641    i.ETH_DMAITConfig   stm32_eth.o
    0x08000c14   0x0000001c   Code   RO         2644    i.ETH_DMAReceptionCmd  stm32_eth.o
    0x08000c30   0x0000004c   Code   RO         2645    i.ETH_DMARxDescChainInit  stm32_eth.o
    0x08000c7c   0x00000012   Code   RO         2647    i.ETH_DMARxDescReceiveITConfig  stm32_eth.o
    0x08000c8e   0x00000002   PAD
    0x08000c90   0x0000001c   Code   RO         2650    i.ETH_DMATransmissionCmd  stm32_eth.o
    0x08000cac   0x00000048   Code   RO         2653    i.ETH_DMATxDescChainInit  stm32_eth.o
    0x08000cf4   0x00000008   Code   RO         2654    i.ETH_DMATxDescChecksumInsertionConfig  stm32_eth.o
    0x08000cfc   0x00000018   Code   RO         2662    i.ETH_DeInit        stm32_eth.o
    0x08000d14   0x00000012   Code   RO         2663    i.ETH_Delay         stm32_eth.o
    0x08000d26   0x00000002   PAD
    0x08000d28   0x00000010   Code   RO         2668    i.ETH_FlushTransmitFIFO  stm32_eth.o
    0x08000d38   0x0000000c   Code   RO         3654    i.ETH_GetCurrentTxBuffer  ethernetif.o
    0x08000d44   0x00000008   Code   RO         2679    i.ETH_GetDMARxDescFrameLength  stm32_eth.o
    0x08000d4c   0x00000024   Code   RO         2694    i.ETH_GetRxPktSize  stm32_eth.o
    0x08000d70   0x00000014   Code   RO         2695    i.ETH_GetSoftwareResetStatus  stm32_eth.o
    0x08000d84   0x00000022   Code   RO            3    i.ETH_IRQHandler    stm32f10x_it.o
    0x08000da6   0x00000002   PAD
    0x08000da8   0x00000208   Code   RO         2702    i.ETH_Init          stm32_eth.o
    0x08000fb0   0x0000001c   Code   RO         2705    i.ETH_MACAddressConfig  stm32_eth.o
    0x08000fcc   0x0000001c   Code   RO         2710    i.ETH_MACReceptionCmd  stm32_eth.o
    0x08000fe8   0x0000001c   Code   RO         2711    i.ETH_MACTransmissionCmd  stm32_eth.o
    0x08001004   0x00000058   Code   RO         2722    i.ETH_ReadPHYRegister  stm32_eth.o
    0x0800105c   0x00000050   Code   RO         3655    i.ETH_RxPkt_ChainMode  ethernetif.o
    0x080010ac   0x00000010   Code   RO         2733    i.ETH_SoftwareReset  stm32_eth.o
    0x080010bc   0x00000022   Code   RO         2734    i.ETH_Start         stm32_eth.o
    0x080010de   0x0000007c   Code   RO         2735    i.ETH_StructInit    stm32_eth.o
    0x0800115a   0x00000002   PAD
    0x0800115c   0x0000003c   Code   RO         3656    i.ETH_TxPkt_ChainMode  ethernetif.o
    0x08001198   0x00000054   Code   RO         2737    i.ETH_WritePHYRegister  stm32_eth.o
    0x080011ec   0x00000140   Code   RO            4    i.EXTI15_10_IRQHandler  stm32f10x_it.o
    0x0800132c   0x0000000c   Code   RO         1452    i.EXTI_ClearITPendingBit  stm32f10x_exti.o
    0x08001338   0x00000020   Code   RO         1456    i.EXTI_GetITStatus  stm32f10x_exti.o
    0x08001358   0x00000070   Code   RO         1457    i.EXTI_Init         stm32f10x_exti.o
    0x080013c8   0x00000094   Code   RO          243    i.Ethernet_Configuration  stm32f107.o
    0x0800145c   0x000000f8   Code   RO          244    i.GPIO_Configuration  stm32f107.o
    0x08001554   0x0000000c   Code   RO          941    i.GPIO_ETH_MediaInterfaceConfig  stm32f10x_gpio.o
    0x08001560   0x00000028   Code   RO          942    i.GPIO_EXTILineConfig  stm32f10x_gpio.o
    0x08001588   0x0000009c   Code   RO          945    i.GPIO_Init         stm32f10x_gpio.o
    0x08001624   0x00000048   Code   RO          947    i.GPIO_PinRemapConfig  stm32f10x_gpio.o
    0x0800166c   0x0000000e   Code   RO          949    i.GPIO_ReadInputDataBit  stm32f10x_gpio.o
    0x0800167a   0x00000004   Code   RO          952    i.GPIO_ResetBits    stm32f10x_gpio.o
    0x0800167e   0x00000004   Code   RO          953    i.GPIO_SetBits      stm32f10x_gpio.o
    0x08001682   0x0000000a   Code   RO          956    i.GPIO_WriteBit     stm32f10x_gpio.o
    0x0800168c   0x00000002   Code   RO            5    i.HardFault_Handler  stm32f10x_it.o
    0x0800168e   0x00000002   PAD
    0x08001690   0x00000058   Code   RO          358    i.HelloWorld_accept  helloworld.o
    0x080016e8   0x00000004   Code   RO          359    i.HelloWorld_conn_err  helloworld.o
    0x080016ec   0x0000002c   Code   RO          360    i.HelloWorld_init   helloworld.o
    0x08001718   0x000000ec   Code   RO          361    i.HelloWorld_recv   helloworld.o
    0x08001804   0x00000014   Code   RO         2441    i.I2C_AcknowledgeConfig  stm32f10x_i2c.o
    0x08001818   0x00000018   Code   RO         2443    i.I2C_CheckEvent    stm32f10x_i2c.o
    0x08001830   0x00000014   Code   RO         2446    i.I2C_Cmd           stm32f10x_i2c.o
    0x08001844   0x00000014   Code   RO         2453    i.I2C_GenerateSTART  stm32f10x_i2c.o
    0x08001858   0x00000014   Code   RO         2454    i.I2C_GenerateSTOP  stm32f10x_i2c.o
    0x0800186c   0x000000bc   Code   RO         2460    i.I2C_Init          stm32f10x_i2c.o
    0x08001928   0x00000154   Code   RO         3241    i.I2C_ReadDataBuffer  stm3210c_eval_ioe.o
    0x08001a7c   0x00000134   Code   RO         3242    i.I2C_ReadDeviceRegister  stm3210c_eval_ioe.o
    0x08001bb0   0x00000006   Code   RO         2464    i.I2C_ReceiveData   stm32f10x_i2c.o
    0x08001bb6   0x00000010   Code   RO         2466    i.I2C_Send7bitAddress  stm32f10x_i2c.o
    0x08001bc6   0x00000004   Code   RO         2467    i.I2C_SendData      stm32f10x_i2c.o
    0x08001bca   0x00000014   Code   RO         2468    i.I2C_SoftwareResetCmd  stm32f10x_i2c.o
    0x08001bde   0x00000002   PAD
    0x08001be0   0x000000e4   Code   RO         3243    i.I2C_WriteDeviceRegister  stm3210c_eval_ioe.o
    0x08001cc4   0x0000000e   Code   RO         3244    i.IOE_ClearGITPending  stm3210c_eval_ioe.o
    0x08001cd2   0x00000002   PAD
    0x08001cd4   0x00000130   Code   RO         3246    i.IOE_Config        stm3210c_eval_ioe.o
    0x08001e04   0x00000024   Code   RO         3247    i.IOE_FnctCmd       stm3210c_eval_ioe.o
    0x08001e28   0x00000020   Code   RO         3248    i.IOE_GITCmd        stm3210c_eval_ioe.o
    0x08001e48   0x00000024   Code   RO         3249    i.IOE_GITConfig     stm3210c_eval_ioe.o
    0x08001e6c   0x00000020   Code   RO         3250    i.IOE_GetGITStatus  stm3210c_eval_ioe.o
    0x08001e8c   0x00000038   Code   RO         3252    i.IOE_I2C_Config    stm3210c_eval_ioe.o
    0x08001ec4   0x00000024   Code   RO         3253    i.IOE_IOAFConfig    stm3210c_eval_ioe.o
    0x08001ee8   0x00000046   Code   RO         3254    i.IOE_IOEdgeConfig  stm3210c_eval_ioe.o
    0x08001f2e   0x00000024   Code   RO         3255    i.IOE_IOITConfig    stm3210c_eval_ioe.o
    0x08001f52   0x00000024   Code   RO         3256    i.IOE_IOPinConfig   stm3210c_eval_ioe.o
    0x08001f76   0x00000002   PAD
    0x08001f78   0x00000104   Code   RO         3257    i.IOE_ITConfig      stm3210c_eval_ioe.o
    0x0800207c   0x0000003c   Code   RO         3258    i.IOE_ITOutConfig   stm3210c_eval_ioe.o
    0x080020b8   0x00000024   Code   RO         3259    i.IOE_IsOperational  stm3210c_eval_ioe.o
    0x080020dc   0x0000001e   Code   RO         3261    i.IOE_ReadID        stm3210c_eval_ioe.o
    0x080020fa   0x00000020   Code   RO         3263    i.IOE_Reset         stm3210c_eval_ioe.o
    0x0800211a   0x00000002   PAD
    0x0800211c   0x000000bc   Code   RO         3264    i.IOE_TS_Config     stm3210c_eval_ioe.o
    0x080021d8   0x000000b0   Code   RO         3265    i.IOE_TS_GetState   stm3210c_eval_ioe.o
    0x08002288   0x00000044   Code   RO         3266    i.IOE_TempSens_Config  stm3210c_eval_ioe.o
    0x080022cc   0x0000002a   Code   RO         3268    i.IOE_WriteIOPin    stm3210c_eval_ioe.o
    0x080022f6   0x00000002   PAD
    0x080022f8   0x00000038   Code   RO         3469    i.LCD_Clear         stm3210c_eval_lcd.o
    0x08002330   0x0000002c   Code   RO         3471    i.LCD_CtrlLinesConfig  stm3210c_eval_lcd.o
    0x0800235c   0x00000004   Code   RO         3472    i.LCD_CtrlLinesWrite  stm3210c_eval_lcd.o
    0x08002360   0x00000018   Code   RO         3473    i.LCD_DisplayChar   stm3210c_eval_lcd.o
    0x08002378   0x0000002e   Code   RO         3476    i.LCD_DisplayStringLine  stm3210c_eval_lcd.o
    0x080023a6   0x00000002   PAD
    0x080023a8   0x00000064   Code   RO         3477    i.LCD_DrawChar      stm3210c_eval_lcd.o
    0x0800240c   0x00000060   Code   RO         3479    i.LCD_DrawLine      stm3210c_eval_lcd.o
    0x0800246c   0x00000042   Code   RO         3481    i.LCD_DrawRect      stm3210c_eval_lcd.o
    0x080024ae   0x00000002   PAD
    0x080024b0   0x0000008c   Code   RO         3484    i.LCD_SPIConfig     stm3210c_eval_lcd.o
    0x0800253c   0x00000010   Code   RO         3485    i.LCD_SetBackColor  stm3210c_eval_lcd.o
    0x0800254c   0x00000018   Code   RO         3486    i.LCD_SetCursor     stm3210c_eval_lcd.o
    0x08002564   0x00000010   Code   RO         3488    i.LCD_SetTextColor  stm3210c_eval_lcd.o
    0x08002574   0x00000206   Code   RO         3489    i.LCD_Setup         stm3210c_eval_lcd.o
    0x0800277a   0x00000002   PAD
    0x0800277c   0x00000034   Code   RO         3491    i.LCD_WriteRAM      stm3210c_eval_lcd.o
    0x080027b0   0x00000020   Code   RO         3492    i.LCD_WriteRAMWord  stm3210c_eval_lcd.o
    0x080027d0   0x00000012   Code   RO         3493    i.LCD_WriteRAM_Prepare  stm3210c_eval_lcd.o
    0x080027e2   0x00000002   PAD
    0x080027e4   0x00000050   Code   RO         3494    i.LCD_WriteReg      stm3210c_eval_lcd.o
    0x08002834   0x0000004c   Code   RO         3495    i.LCD_WriteRegIndex  stm3210c_eval_lcd.o
    0x08002880   0x00000030   Code   RO         3496    i.LCD_nCS_StartByte  stm3210c_eval_lcd.o
    0x080028b0   0x0000015c   Code   RO          287    i.LwIP_Init         netconf.o
    0x08002a0c   0x00000060   Code   RO          288    i.LwIP_Periodic_Handle  netconf.o
    0x08002a6c   0x0000000c   Code   RO          289    i.LwIP_Pkt_Handle   netconf.o
    0x08002a78   0x00000002   Code   RO            6    i.MemManage_Handler  stm32f10x_it.o
    0x08002a7a   0x00000002   Code   RO            7    i.NMI_Handler       stm32f10x_it.o
    0x08002a7c   0x00000034   Code   RO          245    i.NVIC_Configuration  stm32f107.o
    0x08002ab0   0x00000064   Code   RO         1649    i.NVIC_Init         misc.o
    0x08002b14   0x00000014   Code   RO         1650    i.NVIC_PriorityGroupConfig  misc.o
    0x08002b28   0x00000020   Code   RO          246    i.NVIC_SetPriority  stm32f107.o
    0x08002b48   0x00000014   Code   RO         1651    i.NVIC_SetVectorTable  misc.o
    0x08002b5c   0x00000002   Code   RO            8    i.PendSV_Handler    stm32f10x_it.o
    0x08002b5e   0x00000002   PAD
    0x08002b60   0x00000018   Code   RO         1054    i.RCC_AHBPeriphClockCmd  stm32f10x_rcc.o
    0x08002b78   0x00000018   Code   RO         1055    i.RCC_AHBPeriphResetCmd  stm32f10x_rcc.o
    0x08002b90   0x00000018   Code   RO         1056    i.RCC_APB1PeriphClockCmd  stm32f10x_rcc.o
    0x08002ba8   0x00000018   Code   RO         1057    i.RCC_APB1PeriphResetCmd  stm32f10x_rcc.o
    0x08002bc0   0x00000018   Code   RO         1058    i.RCC_APB2PeriphClockCmd  stm32f10x_rcc.o
    0x08002bd8   0x00000018   Code   RO         1059    i.RCC_APB2PeriphResetCmd  stm32f10x_rcc.o
    0x08002bf0   0x000000c8   Code   RO         1066    i.RCC_GetClocksFreq  stm32f10x_rcc.o
    0x08002cb8   0x00000030   Code   RO         1067    i.RCC_GetFlagStatus  stm32f10x_rcc.o
    0x08002ce8   0x0000000c   Code   RO         1078    i.RCC_MCOConfig     stm32f10x_rcc.o
    0x08002cf4   0x0000000c   Code   RO         1084    i.RCC_PLL3Cmd       stm32f10x_rcc.o
    0x08002d00   0x00000014   Code   RO         1085    i.RCC_PLL3Config    stm32f10x_rcc.o
    0x08002d14   0x00000014   Code   RO         1312    i.SPI_Cmd           stm32f10x_spi.o
    0x08002d28   0x000000a4   Code   RO         5943    i.SPI_Config        sd_stm32.o
    0x08002dcc   0x00000054   Code   RO         1319    i.SPI_I2S_DeInit    stm32f10x_spi.o
    0x08002e20   0x0000000e   Code   RO         1320    i.SPI_I2S_GetFlagStatus  stm32f10x_spi.o
    0x08002e2e   0x00000004   Code   RO         1323    i.SPI_I2S_ReceiveData  stm32f10x_spi.o
    0x08002e32   0x00000004   Code   RO         1324    i.SPI_I2S_SendData  stm32f10x_spi.o
    0x08002e36   0x00000038   Code   RO         1325    i.SPI_Init          stm32f10x_spi.o
    0x08002e6e   0x00000004   Code   RO         3497    i.STM3210C_LCD_Init  stm3210c_eval_lcd.o
    0x08002e72   0x00000002   PAD
    0x08002e74   0x00000040   Code   RO         3418    i.STM_EVAL_LEDInit  stm32_eval.o
    0x08002eb4   0x00000018   Code   RO         3419    i.STM_EVAL_LEDOff   stm32_eval.o
    0x08002ecc   0x00000018   Code   RO         3420    i.STM_EVAL_LEDOn    stm32_eval.o
    0x08002ee4   0x0000001c   Code   RO         3421    i.STM_EVAL_LEDToggle  stm32_eval.o
    0x08002f00   0x00000018   Code   RO         3422    i.STM_EVAL_PBGetState  stm32_eval.o
    0x08002f18   0x0000009c   Code   RO         3423    i.STM_EVAL_PBInit   stm32_eval.o
    0x08002fb4   0x00000002   Code   RO            9    i.SVC_Handler       stm32f10x_it.o
    0x08002fb6   0x00000002   PAD
    0x08002fb8   0x000000d0   Code   RO         5993    i.SetSysClockTo72   system_stm32f10x.o
    0x08003088   0x00000028   Code   RO         3657    i.Set_MAC_Address   ethernetif.o
    0x080030b0   0x00000004   Code   RO           10    i.SysTick_Handler   stm32f10x_it.o
    0x080030b4   0x0000004c   Code   RO         5994    i.SystemInit        system_stm32f10x.o
    0x08003100   0x00000018   Code   RO          147    i.System_Periodic_Handle  main.o
    0x08003118   0x00000144   Code   RO          247    i.System_Setup      stm32f107.o
    0x0800325c   0x00000010   Code   RO          148    i.Time_Update       main.o
    0x0800326c   0x00000002   Code   RO           11    i.UsageFault_Handler  stm32f10x_it.o
    0x0800326e   0x00000002   PAD
    0x08003270   0x00000054   Code   RO          706    i.client_init       client.o
    0x080032c4   0x0000002c   Code   RO          388    i.close_conn        httpd.o
    0x080032f0   0x00000004   Code   RO          389    i.conn_err          httpd.o
    0x080032f4   0x0000001c   Code   RO         3269    i.delay             stm3210c_eval_ioe.o
    0x08003310   0x0000001c   Code   RO         3498    i.delay             stm3210c_eval_lcd.o
    0x0800332c   0x0000001e   Code   RO         4150    i.dhcp_arp_reply    dhcp.o
    0x0800334a   0x00000002   PAD
    0x0800334c   0x000000d8   Code   RO         4151    i.dhcp_bind         dhcp.o
    0x08003424   0x00000030   Code   RO         4152    i.dhcp_check        dhcp.o
    0x08003454   0x00000060   Code   RO         4153    i.dhcp_coarse_tmr   dhcp.o
    0x080034b4   0x00000100   Code   RO         4154    i.dhcp_create_request  dhcp.o
    0x080035b4   0x00000094   Code   RO         4155    i.dhcp_decline      dhcp.o
    0x08003648   0x0000001c   Code   RO         4156    i.dhcp_delete_request  dhcp.o
    0x08003664   0x000000dc   Code   RO         4157    i.dhcp_discover     dhcp.o
    0x08003740   0x00000034   Code   RO         4158    i.dhcp_fine_tmr     dhcp.o
    0x08003774   0x00000020   Code   RO         4159    i.dhcp_free_reply   dhcp.o
    0x08003794   0x00000016   Code   RO         4160    i.dhcp_get_option_long  dhcp.o
    0x080037aa   0x0000007e   Code   RO         4161    i.dhcp_get_option_ptr  dhcp.o
    0x08003828   0x000000dc   Code   RO         4162    i.dhcp_handle_ack   dhcp.o
    0x08003904   0x00000020   Code   RO         4164    i.dhcp_option       dhcp.o
    0x08003924   0x00000010   Code   RO         4165    i.dhcp_option_byte  dhcp.o
    0x08003934   0x00000042   Code   RO         4166    i.dhcp_option_long  dhcp.o
    0x08003976   0x00000022   Code   RO         4167    i.dhcp_option_short  dhcp.o
    0x08003998   0x00000030   Code   RO         4168    i.dhcp_option_trailer  dhcp.o
    0x080039c8   0x000000a0   Code   RO         4169    i.dhcp_rebind       dhcp.o
    0x08003a68   0x00000128   Code   RO         4170    i.dhcp_recv         dhcp.o
    0x08003b90   0x000000c0   Code   RO         4171    i.dhcp_release      dhcp.o
    0x08003c50   0x0000009c   Code   RO         4172    i.dhcp_renew        dhcp.o
    0x08003cec   0x00000104   Code   RO         4173    i.dhcp_select       dhcp.o
    0x08003df0   0x0000000e   Code   RO         4174    i.dhcp_set_state    dhcp.o
    0x08003dfe   0x00000002   PAD
    0x08003e00   0x000000a4   Code   RO         4175    i.dhcp_start        dhcp.o
    0x08003ea4   0x0000003e   Code   RO         4176    i.dhcp_stop         dhcp.o
    0x08003ee2   0x00000074   Code   RO         4177    i.dhcp_timeout      dhcp.o
    0x08003f56   0x00000070   Code   RO         4178    i.dhcp_unfold_reply  dhcp.o
    0x08003fc6   0x00000066   Code   RO         4972    i.dir_addCluster    dir.o
    0x0800402c   0x00000026   Code   RO         4973    i.dir_createDefaultEntry  dir.o
    0x08004052   0x00000030   Code   RO         4974    i.dir_createDirectoryEntry  dir.o
    0x08004082   0x00000058   Code   RO         4975    i.dir_findFileinBuf  dir.o
    0x080040da   0x00000040   Code   RO         4976    i.dir_findFreeEntryinBuf  dir.o
    0x0800411a   0x00000014   Code   RO         4977    i.dir_findinBuf     dir.o
    0x0800412e   0x0000006a   Code   RO         4978    i.dir_findinCluster  dir.o
    0x08004198   0x00000056   Code   RO         4979    i.dir_findinDir     dir.o
    0x080041ee   0x0000006e   Code   RO         4980    i.dir_findinRootArea  dir.o
    0x0800425c   0x00000046   Code   RO         4981    i.dir_getFatFileName  dir.o
    0x080042a2   0x00000030   Code   RO         4982    i.dir_getFileStructure  dir.o
    0x080042d2   0x00000026   Code   RO         4983    i.dir_setFileSize   dir.o
    0x080042f8   0x00000030   Code   RO         4984    i.dir_setFirstCluster  dir.o
    0x08004328   0x00000032   Code   RO         4985    i.dir_updateDirectoryEntry  dir.o
    0x0800435a   0x0000000a   Code   RO         5068    i.disc_initDisc     disc.o
    0x08004364   0x0000003c   Code   RO         5069    i.disc_loadMBR      disc.o
    0x080043a0   0x00000068   Code   RO         5089    i.efs_init          efs.o
    0x08004408   0x000000da   Code   RO         4886    i.etharp_arp_input  etharp.o
    0x080044e2   0x00000028   Code   RO         4888    i.etharp_ip_input   etharp.o
    0x0800450a   0x00000002   PAD
    0x0800450c   0x000000b8   Code   RO         4889    i.etharp_output     etharp.o
    0x080045c4   0x00000104   Code   RO         4890    i.etharp_query      etharp.o
    0x080046c8   0x0000009e   Code   RO         4891    i.etharp_raw        etharp.o
    0x08004766   0x00000002   PAD
    0x08004768   0x00000024   Code   RO         4892    i.etharp_request    etharp.o
    0x0800478c   0x00000036   Code   RO         4893    i.etharp_send_ip    etharp.o
    0x080047c2   0x00000002   PAD
    0x080047c4   0x00000054   Code   RO         4894    i.etharp_tmr        etharp.o
    0x08004818   0x00000054   Code   RO         4895    i.ethernet_input    etharp.o
    0x0800486c   0x00000040   Code   RO         3658    i.ethernetif_init   ethernetif.o
    0x080048ac   0x00000078   Code   RO         3659    i.ethernetif_input  ethernetif.o
    0x08004924   0x0000003c   Code   RO         5104    i.ex_getPartitionField  extract.o
    0x08004960   0x0000000e   Code   RO         5105    i.ex_getb16         extract.o
    0x0800496e   0x00000018   Code   RO         5106    i.ex_getb32         extract.o
    0x08004986   0x00000038   Code   RO         5146    i.fat_DiscToLogicCluster  fat.o
    0x080049be   0x00000052   Code   RO         5147    i.fat_LogicToDiscCluster  fat.o
    0x08004a10   0x0000011e   Code   RO         5148    i.fat_allocClusterChain  fat.o
    0x08004b2e   0x00000030   Code   RO         5149    i.fat_countClustersInChain  fat.o
    0x08004b5e   0x0000009c   Code   RO         5151    i.fat_getNextClusterAddress  fat.o
    0x08004bfa   0x00000078   Code   RO         5152    i.fat_getNextClusterAddressWBuf  fat.o
    0x08004c72   0x00000098   Code   RO         5153    i.fat_getNextClusterChain  fat.o
    0x08004d0a   0x00000030   Code   RO         5154    i.fat_getSectorAddressFatEntry  fat.o
    0x08004d3a   0x00000026   Code   RO         5155    i.fat_giveEocMarker  fat.o
    0x08004d60   0x00000038   Code   RO         5156    i.fat_isEocMarker   fat.o
    0x08004d98   0x000000de   Code   RO         5157    i.fat_setNextClusterAddress  fat.o
    0x08004e76   0x000000b0   Code   RO         5158    i.fat_setNextClusterAddressWBuf  fat.o
    0x08004f26   0x00000066   Code   RO         5238    i.file_fclose       file.o
    0x08004f8c   0x0000019e   Code   RO         5239    i.file_fopen        file.o
    0x0800512a   0x000000cc   Code   RO         5240    i.file_fread        file.o
    0x080051f6   0x0000010a   Code   RO         5241    i.file_fwrite       file.o
    0x08005300   0x0000000c   Code   RO         5242    i.file_getAttr      file.o
    0x0800530c   0x0000002c   Code   RO         5243    i.file_initFile     file.o
    0x08005338   0x00000086   Code   RO         5244    i.file_normalToFatName  file.o
    0x080053be   0x00000018   Code   RO         5245    i.file_read         file.o
    0x080053d6   0x00000054   Code   RO         5246    i.file_requiredCluster  file.o
    0x0800542a   0x00000016   Code   RO         5247    i.file_setAttr      file.o
    0x08005440   0x00000012   Code   RO         5248    i.file_setpos       file.o
    0x08005452   0x0000003e   Code   RO         5249    i.file_validateChar  file.o
    0x08005490   0x00000018   Code   RO         5250    i.file_write        file.o
    0x080054a8   0x0000013c   Code   RO         4896    i.find_entry        etharp.o
    0x080055e4   0x0000001e   Code   RO         4897    i.free_etharp_q     etharp.o
    0x08005602   0x00000042   Code   RO         5320    i.fs_clearCluster   fs.o
    0x08005644   0x00000024   Code   RO         5321    i.fs_clusterToSector  fs.o
    0x08005668   0x0000004c   Code   RO         5322    i.fs_countDataSectors  fs.o
    0x080056b4   0x0000002a   Code   RO         5323    i.fs_determineFatType  fs.o
    0x080056de   0x000000b6   Code   RO         5324    i.fs_findFile       fs.o
    0x08005794   0x00000024   Code   RO         5325    i.fs_findFirstSectorRootDir  fs.o
    0x080057b8   0x0000005c   Code   RO         5326    i.fs_findFreeFile   fs.o
    0x08005814   0x0000000a   Code   RO         5327    i.fs_flushFs        fs.o
    0x0800581e   0x00000010   Code   RO         5328    i.fs_getFirstClusterRootDir  fs.o
    0x0800582e   0x00000038   Code   RO         5330    i.fs_getLastCluster  fs.o
    0x08005866   0x00000024   Code   RO         5331    i.fs_getNextFreeCluster  fs.o
    0x0800588a   0x00000004   Code   RO         5332    i.fs_giveFreeClusterHint  fs.o
    0x0800588e   0x00000004   Code   RO         5822    i.fs_hasTimeSupport  time.o
    0x08005892   0x00000010   Code   RO         5333    i.fs_initClusterChain  fs.o
    0x080058a2   0x0000000c   Code   RO         5334    i.fs_initCurrentDir  fs.o
    0x080058ae   0x00000048   Code   RO         5335    i.fs_initFs         fs.o
    0x080058f6   0x0000002e   Code   RO         5336    i.fs_isValidFat     fs.o
    0x08005924   0x00000074   Code   RO         5337    i.fs_loadVolumeId   fs.o
    0x08005998   0x00000030   Code   RO          390    i.fs_open           httpd.o
    0x080059c8   0x00000008   Code   RO         5339    i.fs_setFirstClusterInDirEntry  fs.o
    0x080059d0   0x00000004   Code   RO         5341    i.fs_umount         fs.o
    0x080059d4   0x00000094   Code   RO         5342    i.fs_verifySanity   fs.o
    0x08005a68   0x00000004   Code   RO         4688    i.htonl             inet.o
    0x08005a6c   0x00000004   Code   RO         4689    i.htons             inet.o
    0x08005a70   0x0000004c   Code   RO          391    i.http_accept       httpd.o
    0x08005abc   0x0000001a   Code   RO          392    i.http_poll         httpd.o
    0x08005ad6   0x00000002   PAD
    0x08005ad8   0x00000220   Code   RO          393    i.http_recv         httpd.o
    0x08005cf8   0x0000001c   Code   RO          394    i.http_sent         httpd.o
    0x08005d14   0x0000002c   Code   RO          395    i.httpd_init        httpd.o
    0x08005d40   0x00000008   Code   RO         4653    i.icmp_dest_unreach  icmp.o
    0x08005d48   0x00000114   Code   RO         4654    i.icmp_input        icmp.o
    0x08005e5c   0x00000066   Code   RO         4655    i.icmp_send_response  icmp.o
    0x08005ec2   0x00000008   Code   RO         4656    i.icmp_time_exceeded  icmp.o
    0x08005eca   0x00000042   Code   RO         5944    i.if_initInterface  sd_stm32.o
    0x08005f0c   0x00000008   Code   RO         5945    i.if_readBuf        sd_stm32.o
    0x08005f14   0x00000040   Code   RO         5947    i.if_spiInit        sd_stm32.o
    0x08005f54   0x00000040   Code   RO         5948    i.if_spiSend        sd_stm32.o
    0x08005f94   0x00000004   Code   RO         5949    i.if_writeBuf       sd_stm32.o
    0x08005f98   0x0000000c   Code   RO         4736    i.inet_chksum       inet_chksum.o
    0x08005fa4   0x00000048   Code   RO         4737    i.inet_chksum_pbuf  inet_chksum.o
    0x08005fec   0x0000001a   Code   RO         5460    i.ioman_decUseCnt   ioman.o
    0x08006006   0x00000060   Code   RO         5461    i.ioman_directSectorRead  ioman.o
    0x08006066   0x00000090   Code   RO         5462    i.ioman_directSectorWrite  ioman.o
    0x080060f6   0x00000028   Code   RO         5463    i.ioman_findFreeSpot  ioman.o
    0x0800611e   0x00000070   Code   RO         5464    i.ioman_findOverallocableSpot  ioman.o
    0x0800618e   0x00000034   Code   RO         5465    i.ioman_findSectorInCache  ioman.o
    0x080061c2   0x0000007c   Code   RO         5466    i.ioman_findUnusedSpot  ioman.o
    0x0800623e   0x00000060   Code   RO         5468    i.ioman_flushRange  ioman.o
    0x0800629e   0x0000005a   Code   RO         5469    i.ioman_flushSector  ioman.o
    0x080062f8   0x0000001a   Code   RO         5470    i.ioman_getAttr     ioman.o
    0x08006312   0x00000028   Code   RO         5471    i.ioman_getBp       ioman.o
    0x0800633a   0x00000016   Code   RO         5473    i.ioman_getPtr      ioman.o
    0x08006350   0x00000014   Code   RO         5474    i.ioman_getRefCnt   ioman.o
    0x08006364   0x000000d8   Code   RO         5475    i.ioman_getSector   ioman.o
    0x0800643c   0x00000014   Code   RO         5476    i.ioman_getUseCnt   ioman.o
    0x08006450   0x0000001a   Code   RO         5477    i.ioman_incRefCnt   ioman.o
    0x0800646a   0x0000001a   Code   RO         5478    i.ioman_incUseCnt   ioman.o
    0x08006484   0x00000018   Code   RO         5479    i.ioman_init        ioman.o
    0x0800649c   0x00000046   Code   RO         5480    i.ioman_pop         ioman.o
    0x080064e2   0x00000046   Code   RO         5482    i.ioman_push        ioman.o
    0x08006528   0x00000046   Code   RO         5483    i.ioman_putSectorInCache  ioman.o
    0x0800656e   0x0000001c   Code   RO         5484    i.ioman_readSector  ioman.o
    0x0800658a   0x00000050   Code   RO         5485    i.ioman_releaseSector  ioman.o
    0x080065da   0x0000005e   Code   RO         5486    i.ioman_reset       ioman.o
    0x08006638   0x0000001e   Code   RO         5487    i.ioman_resetCacheItem  ioman.o
    0x08006656   0x00000022   Code   RO         5490    i.ioman_setAttr     ioman.o
    0x08006678   0x00000020   Code   RO         5491    i.ioman_writeSector  ioman.o
    0x08006698   0x00000030   Code   RO         4816    i.ip_addr_isbroadcast  ip_addr.o
    0x080066c8   0x00000130   Code   RO         4839    i.ip_frag           ip_frag.o
    0x080067f8   0x00000194   Code   RO         4774    i.ip_input          ip.o
    0x0800698c   0x00000034   Code   RO         4775    i.ip_output         ip.o
    0x080069c0   0x000000cc   Code   RO         4776    i.ip_output_if      ip.o
    0x08006a8c   0x000001b0   Code   RO         4840    i.ip_reass          ip_frag.o
    0x08006c3c   0x000000f0   Code   RO         4841    i.ip_reass_chain_frag_into_datagram_and_validate  ip_frag.o
    0x08006d2c   0x00000024   Code   RO         4842    i.ip_reass_dequeue_datagram  ip_frag.o
    0x08006d50   0x00000070   Code   RO         4843    i.ip_reass_free_complete_datagram  ip_frag.o
    0x08006dc0   0x00000074   Code   RO         4844    i.ip_reass_remove_oldest_datagram  ip_frag.o
    0x08006e34   0x00000048   Code   RO         4777    i.ip_route          ip.o
    0x08006e7c   0x00000088   Code   RO         3660    i.low_level_init    ethernetif.o
    0x08006f04   0x0000002c   Code   RO         3661    i.low_level_output  ethernetif.o
    0x08006f30   0x00000042   Code   RO         5660    i.ls_openDir        ls.o
    0x08006f72   0x0000003c   Code   RO         4739    i.lwip_standard_chksum  inet_chksum.o
    0x08006fae   0x0000001a   Code   RO          149    i.main              main.o
    0x08006fc8   0x00000012   Code   RO         5786    i.memClr            plibc.o
    0x08006fda   0x00000018   Code   RO         5787    i.memCpy            plibc.o
    0x08006ff2   0x0000001a   Code   RO         4346    i.mem_calloc        mem.o
    0x0800700c   0x0000002c   Code   RO         4347    i.mem_free          mem.o
    0x08007038   0x00000034   Code   RO         4348    i.mem_init          mem.o
    0x0800706c   0x000000a8   Code   RO         4349    i.mem_malloc        mem.o
    0x08007114   0x000000c4   Code   RO         4350    i.mem_realloc       mem.o
    0x080071d8   0x00000018   Code   RO         4390    i.memp_free         memp.o
    0x080071f0   0x00000058   Code   RO         4391    i.memp_init         memp.o
    0x08007248   0x00000020   Code   RO         4392    i.memp_malloc       memp.o
    0x08007268   0x0000004c   Code   RO         4432    i.netif_add         netif.o
    0x080072b4   0x0000000a   Code   RO         4434    i.netif_is_up       netif.o
    0x080072be   0x00000020   Code   RO         4436    i.netif_set_addr    netif.o
    0x080072de   0x00000002   PAD
    0x080072e0   0x0000000c   Code   RO         4437    i.netif_set_default  netif.o
    0x080072ec   0x00000012   Code   RO         4438    i.netif_set_down    netif.o
    0x080072fe   0x00000008   Code   RO         4439    i.netif_set_gw      netif.o
    0x08007306   0x00000002   PAD
    0x08007308   0x00000068   Code   RO         4440    i.netif_set_ipaddr  netif.o
    0x08007370   0x00000008   Code   RO         4441    i.netif_set_netmask  netif.o
    0x08007378   0x0000001c   Code   RO         4442    i.netif_set_up      netif.o
    0x08007394   0x00000004   Code   RO         4693    i.ntohl             inet.o
    0x08007398   0x00000004   Code   RO         4694    i.ntohs             inet.o
    0x0800739c   0x0000001a   Code   RO         5718    i.part_directSectorRead  partition.o
    0x080073b6   0x0000001a   Code   RO         5719    i.part_directSectorWrite  partition.o
    0x080073d0   0x00000026   Code   RO         5720    i.part_flushPart    partition.o
    0x080073f6   0x00000012   Code   RO         5721    i.part_getRealLBA   partition.o
    0x08007408   0x0000001a   Code   RO         5722    i.part_getSect      partition.o
    0x08007422   0x00000028   Code   RO         5723    i.part_initPartition  partition.o
    0x0800744a   0x00000020   Code   RO         5724    i.part_isFatPart    partition.o
    0x0800746a   0x00000008   Code   RO         5726    i.part_relSect      partition.o
    0x08007472   0x0000010c   Code   RO         4507    i.pbuf_alloc        pbuf.o
    0x0800757e   0x00000028   Code   RO         4508    i.pbuf_cat          pbuf.o
    0x080075a6   0x00000012   Code   RO         4509    i.pbuf_chain        pbuf.o
    0x080075b8   0x00000012   Code   RO         4510    i.pbuf_clen         pbuf.o
    0x080075ca   0x00000090   Code   RO         4512    i.pbuf_copy         pbuf.o
    0x0800765a   0x00000068   Code   RO         4513    i.pbuf_copy_partial  pbuf.o
    0x080076c2   0x00000044   Code   RO         4515    i.pbuf_free         pbuf.o
    0x08007706   0x00000060   Code   RO         4516    i.pbuf_header       pbuf.o
    0x08007766   0x0000004e   Code   RO         4517    i.pbuf_realloc      pbuf.o
    0x080077b4   0x0000000c   Code   RO         4518    i.pbuf_ref          pbuf.o
    0x080077c0   0x00000054   Code   RO         4351    i.plug_holes        mem.o
    0x08007814   0x000000c4   Code   RO          461    i.process_tftp_request  tftpserver.o
    0x080078d8   0x00000068   Code   RO         4593    i.raw_input         raw.o
    0x08007940   0x00000018   Code   RO          462    i.recv_callback_tftp  tftpserver.o
    0x08007958   0x00000054   Code   RO          463    i.rrq_recv_callback  tftpserver.o
    0x080079ac   0x00000050   Code   RO         5873    i.sd_Command        sd.o
    0x080079fc   0x00000062   Code   RO         5874    i.sd_Init           sd.o
    0x08007a5e   0x00000016   Code   RO         5875    i.sd_Resp16b        sd.o
    0x08007a74   0x0000001c   Code   RO         5876    i.sd_Resp8b         sd.o
    0x08007a90   0x00000028   Code   RO         5878    i.sd_State          sd.o
    0x08007ab8   0x00000096   Code   RO         5879    i.sd_getDriveSize   sd.o
    0x08007b4e   0x00000070   Code   RO         5880    i.sd_readSector     sd.o
    0x08007bbe   0x00000064   Code   RO         5881    i.sd_writeSector    sd.o
    0x08007c22   0x0000002c   Code   RO          396    i.send_data         httpd.o
    0x08007c4e   0x00000002   PAD
    0x08007c50   0x00000028   Code   RO          742    i.server_init       server.o
    0x08007c78   0x0000001e   Code   RO         5789    i.strMatch          plibc.o
    0x08007c96   0x00000002   PAD
    0x08007c98   0x00000094   Code   RO         3779    i.tcp_abandon       tcp.o
    0x08007d2c   0x00000004   Code   RO         3780    i.tcp_accept        tcp.o
    0x08007d30   0x00000006   Code   RO         3781    i.tcp_accept_null   tcp.o
    0x08007d36   0x00000002   PAD
    0x08007d38   0x00000104   Code   RO         3782    i.tcp_alloc         tcp.o
    0x08007e3c   0x00000004   Code   RO         3783    i.tcp_arg           tcp.o
    0x08007e40   0x000000bc   Code   RO         3784    i.tcp_bind          tcp.o
    0x08007efc   0x00000080   Code   RO          707    i.tcp_client_connected  client.o
    0x08007f7c   0x000000a0   Code   RO         3785    i.tcp_close         tcp.o
    0x0800801c   0x000000c4   Code   RO         3786    i.tcp_connect       tcp.o
    0x080080e0   0x00000020   Code   RO         3787    i.tcp_eff_send_mss  tcp.o
    0x08008100   0x000002f0   Code   RO         4001    i.tcp_enqueue       tcp_out.o
    0x080083f0   0x00000006   Code   RO         3788    i.tcp_err           tcp.o
    0x080083f6   0x00000002   PAD
    0x080083f8   0x00000058   Code   RO         3789    i.tcp_fasttmr       tcp.o
    0x08008450   0x0000031c   Code   RO         3955    i.tcp_input         tcp_in.o
    0x0800876c   0x00000046   Code   RO         4002    i.tcp_keepalive     tcp_out.o
    0x080087b2   0x00000002   PAD
    0x080087b4   0x00000020   Code   RO          708    i.tcp_led_control   client.o
    0x080087d4   0x000000e8   Code   RO         3956    i.tcp_listen_input  tcp_in.o
    0x080088bc   0x00000084   Code   RO         3790    i.tcp_listen_with_backlog  tcp.o
    0x08008940   0x00000006   Code   RO         3791    i.tcp_new           tcp.o
    0x08008946   0x00000002   PAD
    0x08008948   0x00000060   Code   RO         3792    i.tcp_new_port      tcp.o
    0x080089a8   0x00000010   Code   RO         3793    i.tcp_next_iss      tcp.o
    0x080089b8   0x00000218   Code   RO         4003    i.tcp_output        tcp_out.o
    0x08008bd0   0x000000b0   Code   RO         4004    i.tcp_output_segment  tcp_out.o
    0x08008c80   0x00000078   Code   RO         4005    i.tcp_output_set_header  tcp_out.o
    0x08008cf8   0x00000080   Code   RO         3957    i.tcp_parseopt      tcp_in.o
    0x08008d78   0x00000030   Code   RO         3794    i.tcp_pcb_purge     tcp.o
    0x08008da8   0x00000060   Code   RO         3795    i.tcp_pcb_remove    tcp.o
    0x08008e08   0x0000000a   Code   RO         3796    i.tcp_poll          tcp.o
    0x08008e12   0x00000002   PAD
    0x08008e14   0x00000344   Code   RO         3958    i.tcp_process       tcp_in.o
    0x08009158   0x0000046a   Code   RO         3959    i.tcp_receive       tcp_in.o
    0x080095c2   0x00000006   Code   RO         3797    i.tcp_recv          tcp.o
    0x080095c8   0x0000001c   Code   RO         3798    i.tcp_recv_null     tcp.o
    0x080095e4   0x0000003c   Code   RO         3799    i.tcp_recved        tcp.o
    0x08009620   0x00000054   Code   RO         4006    i.tcp_rexmit        tcp_out.o
    0x08009674   0x0000002e   Code   RO         4007    i.tcp_rexmit_rto    tcp_out.o
    0x080096a2   0x00000098   Code   RO         4008    i.tcp_rst           tcp_out.o
    0x0800973a   0x00000020   Code   RO         3800    i.tcp_seg_free      tcp.o
    0x0800975a   0x0000001a   Code   RO         3801    i.tcp_segs_free     tcp.o
    0x08009774   0x00000016   Code   RO         4009    i.tcp_send_ctrl     tcp_out.o
    0x0800978a   0x00000006   Code   RO         3802    i.tcp_sent          tcp.o
    0x08009790   0x00000014   Code   RO          743    i.tcp_server_accept  server.o
    0x080097a4   0x00000034   Code   RO          744    i.tcp_server_recv   server.o
    0x080097d8   0x00000210   Code   RO         3804    i.tcp_slowtmr       tcp.o
    0x080099e8   0x00000020   Code   RO         3805    i.tcp_tmr           tcp.o
    0x08009a08   0x0000002a   Code   RO         3806    i.tcp_update_rcv_ann_wnd  tcp.o
    0x08009a32   0x0000002e   Code   RO         4010    i.tcp_write         tcp_out.o
    0x08009a60   0x00000052   Code   RO         4011    i.tcp_zero_window_probe  tcp_out.o
    0x08009ab2   0x00000002   PAD
    0x08009ab4   0x00000044   Code   RO          464    i.tftp_cleanup_rd   tftpserver.o
    0x08009af8   0x00000044   Code   RO          465    i.tftp_cleanup_wr   tftpserver.o
    0x08009b3c   0x00000030   Code   RO          466    i.tftp_construct_error_message  tftpserver.o
    0x08009b6c   0x00000004   Code   RO          629    i.tftp_decode_op    tftputils.o
    0x08009b70   0x00000006   Code   RO          630    i.tftp_extract_block  tftputils.o
    0x08009b76   0x00000006   Code   RO          631    i.tftp_extract_filename  tftputils.o
    0x08009b7c   0x0000001a   Code   RO          632    i.tftp_is_correct_ack  tftputils.o
    0x08009b96   0x00000002   PAD
    0x08009b98   0x00000080   Code   RO          467    i.tftp_process_read  tftpserver.o
    0x08009c18   0x00000080   Code   RO          468    i.tftp_process_write  tftpserver.o
    0x08009c98   0x00000030   Code   RO          469    i.tftp_send_ack_packet  tftpserver.o
    0x08009cc8   0x00000046   Code   RO          470    i.tftp_send_data_packet  tftpserver.o
    0x08009d0e   0x00000028   Code   RO          471    i.tftp_send_error_message  tftpserver.o
    0x08009d36   0x00000046   Code   RO          472    i.tftp_send_message  tftpserver.o
    0x08009d7c   0x00000038   Code   RO          473    i.tftp_send_next_block  tftpserver.o
    0x08009db4   0x0000000e   Code   RO          633    i.tftp_set_block    tftputils.o
    0x08009dc2   0x00000006   Code   RO          634    i.tftp_set_data_message  tftputils.o
    0x08009dc8   0x00000008   Code   RO          635    i.tftp_set_errorcode  tftputils.o
    0x08009dd0   0x00000006   Code   RO          636    i.tftp_set_errormsg  tftputils.o
    0x08009dd6   0x00000008   Code   RO          637    i.tftp_set_opcode   tftputils.o
    0x08009dde   0x00000002   PAD
    0x08009de0   0x00000038   Code   RO          474    i.tftpd_init        tftpserver.o
    0x08009e18   0x0000005c   Code   RO         4071    i.udp_bind          udp.o
    0x08009e74   0x000000a8   Code   RO          709    i.udp_client_callback  client.o
    0x08009f1c   0x0000004c   Code   RO         4072    i.udp_connect       udp.o
    0x08009f68   0x00000018   Code   RO         4073    i.udp_disconnect    udp.o
    0x08009f80   0x00000164   Code   RO         4074    i.udp_input         udp.o
    0x0800a0e4   0x0000001a   Code   RO         4075    i.udp_new           udp.o
    0x0800a0fe   0x00000006   Code   RO         4076    i.udp_recv          udp.o
    0x0800a104   0x0000002c   Code   RO         4077    i.udp_remove        udp.o
    0x0800a130   0x00000008   Code   RO         4078    i.udp_send          udp.o
    0x0800a138   0x00000028   Code   RO         4079    i.udp_sendto        udp.o
    0x0800a160   0x000000b0   Code   RO         4080    i.udp_sendto_if     udp.o
    0x0800a210   0x000000e4   Code   RO          745    i.udp_server_callback  server.o
    0x0800a2f4   0x000000a8   Code   RO         4898    i.update_arp_entry  etharp.o
    0x0800a39c   0x000000b4   Code   RO          475    i.wrq_recv_callback  tftpserver.o
    0x0800a450   0x00000a93   Data   RO          397    .constdata          httpd.o
    0x0800aee3   0x00004a21   Data   RO          398    .constdata          httpd.o
    0x0800f904   0x000017ea   Data   RO          399    .constdata          httpd.o
    0x080110ee   0x00000fb9   Data   RO          400    .constdata          httpd.o
    0x080120a7   0x00000001   PAD
    0x080120a8   0x00000010   Data   RO          401    .constdata          httpd.o
    0x080120b8   0x00000010   Data   RO          402    .constdata          httpd.o
    0x080120c8   0x00000010   Data   RO          403    .constdata          httpd.o
    0x080120d8   0x00000010   Data   RO          404    .constdata          httpd.o
    0x080120e8   0x00000050   Data   RO         3424    .constdata          stm32_eval.o
    0x08012138   0x000011d0   Data   RO         3499    .constdata          stm3210c_eval_lcd.o
    0x08013308   0x00000014   Data   RO         3807    .constdata          tcp.o
    0x0801331c   0x00000024   Data   RO         4394    .constdata          memp.o
    0x08013340   0x00000004   Data   RO         4817    .constdata          ip_addr.o
    0x08013344   0x00000004   Data   RO         4818    .constdata          ip_addr.o
    0x08013348   0x0000000c   Data   RO         4900    .constdata          etharp.o
    0x08013354   0x0000000f   Data   RO          405    .conststring        httpd.o
    0x08013363   0x00000001   PAD
    0x08013364   0x0000001b   Data   RO          406    .conststring        httpd.o
    0x0801337f   0x00000001   PAD
    0x08013380   0x00000010   Data   RO          407    .conststring        httpd.o
    0x08013390   0x00000013   Data   RO          408    .conststring        httpd.o
    0x080133a3   0x00000001   PAD
    0x080133a4   0x00000013   Data   RO          409    .conststring        httpd.o
    0x080133b7   0x00000001   PAD
    0x080133b8   0x00000088   Data   RO          477    .conststring        tftpserver.o
    0x08013440   0x00000020   Data   RO         6251    Region$$Table       anon$$obj.o


    Execution Region RW_IRAM1 (Base: 0x20000000, Size: 0x0000e1c8, Max: 0x00010000, ABSOLUTE, COMPRESSED[0x00000738])

    Base Addr    Size         Type   Attr      Idx    E Section Name        Object

    0x20000000   0x00000004   Data   RW           12    .data               stm32f10x_it.o
    0x20000004   0x00000008   Data   RW          150    .data               main.o
    0x2000000c   0x0000001c   Data   RW          291    .data               netconf.o
    0x20000028   0x000011f9   Data   RW          410    .data               httpd.o
    0x20001221   0x00000003   PAD
    0x20001224   0x00000010   Data   RW          411    .data               httpd.o
    0x20001234   0x00000024   Data   RW          478    .data               tftpserver.o
    0x20001258   0x00000004   Data   RW          710    .data               client.o
    0x2000125c   0x00000014   Data   RW         1094    .data               stm32f10x_rcc.o
    0x20001270   0x00000010   Data   RW         2738    .data               stm32_eth.o
    0x20001280   0x00000018   Data   RW         3270    .data               stm3210c_eval_ioe.o
    0x20001298   0x00000024   Data   RW         3425    .data               stm32_eval.o
    0x200012bc   0x00000004   Data   RW         3500    .data               stm3210c_eval_lcd.o
    0x200012c0   0x00000006   Data   RW         3666    .data               ethernetif.o
    0x200012c6   0x00000002   PAD
    0x200012c8   0x00000020   Data   RW         3808    .data               tcp.o
    0x200012e8   0x0000001c   Data   RW         3961    .data               tcp_in.o
    0x20001304   0x00000004   Data   RW         4081    .data               udp.o
    0x20001308   0x00000004   Data   RW         4179    .data               dhcp.o
    0x2000130c   0x00000010   Data   RW         4353    .data               mem.o
    0x2000131c   0x0000000c   Data   RW         4443    .data               netif.o
    0x20001328   0x00000004   Data   RW         4599    .data               raw.o
    0x2000132c   0x0000000c   Data   RW         4778    .data               ip.o
    0x20001338   0x00000008   Data   RW         4847    .data               ip_frag.o
    0x20001340   0x00000001   Data   RW         4901    .data               etharp.o
    0x20001341   0x00000003   PAD
    0x20001344   0x00000034   Zero   RW          290    .bss                netconf.o
    0x20001378   0x00000670   Zero   RW          476    .bss                tftpserver.o
    0x200019e8   0x00002400   Zero   RW         3662    .bss                ethernetif.o
    0x20003de8   0x00000014   Zero   RW         3960    .bss                tcp_in.o
    0x20003dfc   0x00005014   Zero   RW         4352    .bss                mem.o
    0x20008e10   0x000046af   Zero   RW         4393    .bss                memp.o
    0x2000d4bf   0x000005e0   Zero   RW         4846    .bss                ip_frag.o
    0x2000da9f   0x00000001   PAD
    0x2000daa0   0x000000c8   Zero   RW         4899    .bss                etharp.o
    0x2000db68   0x00000060   Zero   RW         6126    .bss                c_w.l(libspace.o)
    0x2000dbc8   0x00000200   Zero   RW         6032    HEAP                startup_stm32f10x_cl.o
    0x2000ddc8   0x00000400   Zero   RW         6031    STACK               startup_stm32f10x_cl.o


==============================================================================

Image component sizes


      Code (inc. data)   RO Data    RW Data    ZI Data      Debug   Object Name

       412        100          0          4          0       3317   client.o
         0          0          0          0          0         32   core_cm3.o
      3222         80          0          4          0      19372   dhcp.o
       916          0          0          0          0       9686   dir.o
        70          0          0          0          0       1431   disc.o
       104          0          0          0          0        979   efs.o
      1632         34         12          1        200      11792   etharp.o
       556         52          0          6       9216       7162   ethernetif.o
        98          0          0          0          0       2011   extract.o
      1440          4          0          0          0       9278   fat.o
      1410          0          0          0          0       9345   file.o
      1074          0          0          0          0      12336   fs.o
       372         54          0          0          0       3146   helloworld.o
       858        142      31991       4617          0       7399   httpd.o
       394          0          0          0          0       3282   icmp.o
        16          0          0          0          0       2950   inet.o
       144          0          0          0          0       5481   inet_chksum.o
         0          0          0          0          0        704   init.o
      1708          0          0          0          0      17522   ioman.o
       732         24          0         12          0       4389   ip.o
        48          0          8          0          0       5521   ip_addr.o
      1240         34          0          8       1504       6525   ip_frag.o
        66          0          0          0          0       1285   ls.o
        86         14          0          8          0      14956   main.o
       570         30          0         16      20500       5298   mem.o
       144         20         36          0      18095       3834   memp.o
       140         24          0          0          0       2221   misc.o
      1136        472          0         28         52      20381   netconf.o
       296         20          0         12          0       7370   netif.o
       214          0          0          0          0       5026   partition.o
       846          0          0          0          0       7577   pbuf.o
        72          0          0          0          0       1993   plibc.o
       104          4          0          4          0       1640   raw.o
       630          0          0          0          0       6515   sd.o
       370         34          0          0          0       4404   sd_stm32.o
       340         68          0          0          0       3140   server.o
        56         22        336          0       1536        888   startup_stm32f10x_cl.o
      2484         92          0         24          0      23077   stm3210c_eval_ioe.o
      1488        100       4560          4          0      14448   stm3210c_eval_lcd.o
      1338        136          0         16          0      15412   stm32_eth.o
       320         50         80         36          0       4752   stm32_eval.o
       880        120          0          0          0       8910   stm32f107.o
       234         10          0          0          0       5312   stm32f10x_adc.o
       156         14          0          0          0       2352   stm32f10x_exti.o
       312         16          0          0          0       6268   stm32f10x_gpio.o
       338         10          0          0          0       7851   stm32f10x_i2c.o
       374        102          0          4          0     318594   stm32f10x_it.o
       436         80          0         20          0      10287   stm32f10x_rcc.o
       182         12          0          0          0       4731   stm32f10x_spi.o
       284         30          0          0          0       1701   system_stm32f10x.o
      2256         90         20         32          0      25736   tcp.o
      3122         76          0         28         20      13732   tcp_in.o
      2086         12          0          0          0       8915   tcp_out.o
      1264        100        136         36       1648      19530   tftpserver.o
        84          0          0          0          0       5562   tftputils.o
         4          0          0          0          0        500   time.o
       848         26          0          4          0      13642   udp.o

    ----------------------------------------------------------------------
     40082       2308      37216       4932      52772     741500   Object Totals
         0          0         32          0          0          0   (incl. Generated)
        76          0          5          8          1          0   (incl. Padding)

    ----------------------------------------------------------------------

      Code (inc. data)   RO Data    RW Data    ZI Data      Debug   Library Member Name

       100          0          0          0          0          0   __dclz77c.o
         8          0          0          0          0         68   __main.o
       104          0          0          0          0         84   __printf.o
         0          0          0          0          0          0   __rtentry.o
        12          0          0          0          0          0   __rtentry2.o
         6          0          0          0          0          0   __rtentry4.o
        52          8          0          0          0          0   __scatter.o
        28          0          0          0          0          0   __scatter_zi.o
        48          6          0          0          0         96   _printf_char_common.o
         6          0          0          0          0          0   _printf_d.o
       120         16          0          0          0         92   _printf_dec.o
       178          0          0          0          0         88   _printf_intcommon.o
         0          0          0          0          0          0   _printf_percent.o
         4          0          0          0          0          0   _printf_percent_end.o
        10          0          0          0          0         68   _sputc.o
        12          0          0          0          0         72   exit.o
         6          0          0          0          0        152   heapauxi.o
         0          0          0          0          0          0   indicate_semi.o
         2          0          0          0          0          0   libinit.o
         2          0          0          0          0          0   libinit2.o
         2          0          0          0          0          0   libshutdown.o
         2          0          0          0          0          0   libshutdown2.o
         8          4          0          0         96         68   libspace.o
        40          6          0          0          0         84   noretval__2sprintf.o
        68          0          0          0          0         68   rt_memclr.o
        78          0          0          0          0         80   rt_memclr_w.o
       138          0          0          0          0         68   rt_memcpy_v6.o
       100          0          0          0          0         80   rt_memcpy_w.o
         2          0          0          0          0          0   rtexit.o
        10          0          0          0          0          0   rtexit2.o
       128          0          0          0          0         68   strcmpv7m.o
        72          0          0          0          0         80   strcpy.o
        62          0          0          0          0         76   strlen.o
       150          0          0          0          0         80   strncmp.o
        12          4          0          0          0         68   sys_exit.o
        74          0          0          0          0         80   sys_stackheap_outer.o
         2          0          0          0          0         68   use_no_semi.o

    ----------------------------------------------------------------------
      1646         44          0          0         96       1688   Library Totals
         0          0          0          0          0          0   (incl. Padding)

    ----------------------------------------------------------------------

      Code (inc. data)   RO Data    RW Data    ZI Data      Debug   Library Name

      1646         44          0          0         96       1688   c_w.l

    ----------------------------------------------------------------------
      1646         44          0          0         96       1688   Library Totals

    ----------------------------------------------------------------------

==============================================================================


      Code (inc. data)   RO Data    RW Data    ZI Data      Debug   

     41728       2352      37216       4932      52868     718640   Grand Totals
     41728       2352      37216       1848      52868     718640   ELF Image Totals (compressed)
     41728       2352      37216       1848          0          0   ROM Totals

==============================================================================

    Total RO  Size (Code + RO Data)                78944 (  77.09kB)
    Total RW  Size (RW Data + ZI Data)             57800 (  56.45kB)
    Total ROM Size (Code + RO Data + RW Data)      80792 (  78.90kB)

==============================================================================

